fail: вт, 12.03.2024 14:54:44.789 RelationalEventId.CommandError[20102] (Microsoft.EntityFrameworkCore.Database.Command) 
      Failed executing DbCommand (0ms) [Parameters=[@p0='?' (DbType = DateTime), @p1='?' (Size = 29), @p2='?' (DbType = Int32), @p3='?' (DbType = Int64)], CommandType='Text', CommandTimeout='30']
      INSERT INTO "ListErrors" ("DateTime", "Message", "Result", "UserId")
      VALUES (@p0, @p1, @p2, @p3)
      RETURNING "Id";
fail: вт, 12.03.2024 14:54:44.816 CoreEventId.SaveChangesFailed[10000] (Microsoft.EntityFrameworkCore.Update) 
      An exception occurred in the database while saving changes for context type 'VoltApi.BusinessLogic.ApplicationContext'.
      Microsoft.EntityFrameworkCore.DbUpdateException: An error occurred while saving the entity changes. See the inner exception for details.
       ---> Microsoft.Data.Sqlite.SqliteException (0x80004005): SQLite Error 19: 'FOREIGN KEY constraint failed'.
         at Microsoft.Data.Sqlite.SqliteException.ThrowExceptionForRC(Int32 rc, sqlite3 db)
         at Microsoft.Data.Sqlite.SqliteDataReader.NextResult()
         at Microsoft.Data.Sqlite.SqliteCommand.ExecuteReader(CommandBehavior behavior)
         at Microsoft.Data.Sqlite.SqliteCommand.ExecuteReaderAsync(CommandBehavior behavior, CancellationToken cancellationToken)
         at Microsoft.Data.Sqlite.SqliteCommand.ExecuteDbDataReaderAsync(CommandBehavior behavior, CancellationToken cancellationToken)
         at Microsoft.EntityFrameworkCore.Storage.RelationalCommand.ExecuteReaderAsync(RelationalCommandParameterObject parameterObject, CancellationToken cancellationToken)
         at Microsoft.EntityFrameworkCore.Storage.RelationalCommand.ExecuteReaderAsync(RelationalCommandParameterObject parameterObject, CancellationToken cancellationToken)
         at Microsoft.EntityFrameworkCore.Update.ReaderModificationCommandBatch.ExecuteAsync(IRelationalConnection connection, CancellationToken cancellationToken)
         --- End of inner exception stack trace ---
         at Microsoft.EntityFrameworkCore.Update.ReaderModificationCommandBatch.ExecuteAsync(IRelationalConnection connection, CancellationToken cancellationToken)
         at Microsoft.EntityFrameworkCore.Update.Internal.BatchExecutor.ExecuteAsync(IEnumerable`1 commandBatches, IRelationalConnection connection, CancellationToken cancellationToken)
         at Microsoft.EntityFrameworkCore.Update.Internal.BatchExecutor.ExecuteAsync(IEnumerable`1 commandBatches, IRelationalConnection connection, CancellationToken cancellationToken)
         at Microsoft.EntityFrameworkCore.Update.Internal.BatchExecutor.ExecuteAsync(IEnumerable`1 commandBatches, IRelationalConnection connection, CancellationToken cancellationToken)
         at Microsoft.EntityFrameworkCore.ChangeTracking.Internal.StateManager.SaveChangesAsync(IList`1 entriesToSave, CancellationToken cancellationToken)
         at Microsoft.EntityFrameworkCore.ChangeTracking.Internal.StateManager.SaveChangesAsync(StateManager stateManager, Boolean acceptAllChangesOnSuccess, CancellationToken cancellationToken)
         at Microsoft.EntityFrameworkCore.DbContext.SaveChangesAsync(Boolean acceptAllChangesOnSuccess, CancellationToken cancellationToken)
fail: вт, 12.03.2024 15:00:04.984 RelationalEventId.CommandError[20102] (Microsoft.EntityFrameworkCore.Database.Command) 
      Failed executing DbCommand (0ms) [Parameters=[@p0='?' (DbType = DateTime), @p1='?' (Size = 29), @p2='?' (DbType = Int32), @p3='?' (DbType = Int64)], CommandType='Text', CommandTimeout='30']
      INSERT INTO "ListErrors" ("DateTime", "Message", "Result", "UserId")
      VALUES (@p0, @p1, @p2, @p3)
      RETURNING "Id";
fail: вт, 12.03.2024 15:00:05.014 CoreEventId.SaveChangesFailed[10000] (Microsoft.EntityFrameworkCore.Update) 
      An exception occurred in the database while saving changes for context type 'VoltApi.BusinessLogic.ApplicationContext'.
      Microsoft.EntityFrameworkCore.DbUpdateException: An error occurred while saving the entity changes. See the inner exception for details.
       ---> Microsoft.Data.Sqlite.SqliteException (0x80004005): SQLite Error 19: 'FOREIGN KEY constraint failed'.
         at Microsoft.Data.Sqlite.SqliteException.ThrowExceptionForRC(Int32 rc, sqlite3 db)
         at Microsoft.Data.Sqlite.SqliteDataReader.NextResult()
         at Microsoft.Data.Sqlite.SqliteCommand.ExecuteReader(CommandBehavior behavior)
         at Microsoft.Data.Sqlite.SqliteCommand.ExecuteReaderAsync(CommandBehavior behavior, CancellationToken cancellationToken)
         at Microsoft.Data.Sqlite.SqliteCommand.ExecuteDbDataReaderAsync(CommandBehavior behavior, CancellationToken cancellationToken)
         at Microsoft.EntityFrameworkCore.Storage.RelationalCommand.ExecuteReaderAsync(RelationalCommandParameterObject parameterObject, CancellationToken cancellationToken)
         at Microsoft.EntityFrameworkCore.Storage.RelationalCommand.ExecuteReaderAsync(RelationalCommandParameterObject parameterObject, CancellationToken cancellationToken)
         at Microsoft.EntityFrameworkCore.Update.ReaderModificationCommandBatch.ExecuteAsync(IRelationalConnection connection, CancellationToken cancellationToken)
         --- End of inner exception stack trace ---
         at Microsoft.EntityFrameworkCore.Update.ReaderModificationCommandBatch.ExecuteAsync(IRelationalConnection connection, CancellationToken cancellationToken)
         at Microsoft.EntityFrameworkCore.Update.Internal.BatchExecutor.ExecuteAsync(IEnumerable`1 commandBatches, IRelationalConnection connection, CancellationToken cancellationToken)
         at Microsoft.EntityFrameworkCore.Update.Internal.BatchExecutor.ExecuteAsync(IEnumerable`1 commandBatches, IRelationalConnection connection, CancellationToken cancellationToken)
         at Microsoft.EntityFrameworkCore.Update.Internal.BatchExecutor.ExecuteAsync(IEnumerable`1 commandBatches, IRelationalConnection connection, CancellationToken cancellationToken)
         at Microsoft.EntityFrameworkCore.ChangeTracking.Internal.StateManager.SaveChangesAsync(IList`1 entriesToSave, CancellationToken cancellationToken)
         at Microsoft.EntityFrameworkCore.ChangeTracking.Internal.StateManager.SaveChangesAsync(StateManager stateManager, Boolean acceptAllChangesOnSuccess, CancellationToken cancellationToken)
         at Microsoft.EntityFrameworkCore.DbContext.SaveChangesAsync(Boolean acceptAllChangesOnSuccess, CancellationToken cancellationToken)
fail: вт, 12.03.2024 15:04:52.809 RelationalEventId.CommandError[20102] (Microsoft.EntityFrameworkCore.Database.Command) 
      Failed executing DbCommand (0ms) [Parameters=[@p0='?' (DbType = DateTime), @p1='?' (Size = 29), @p2='?' (DbType = Int32), @p3='?' (DbType = Int64)], CommandType='Text', CommandTimeout='30']
      INSERT INTO "ListErrors" ("DateTime", "Message", "Result", "UserId")
      VALUES (@p0, @p1, @p2, @p3)
      RETURNING "Id";
fail: вт, 12.03.2024 15:04:52.837 CoreEventId.SaveChangesFailed[10000] (Microsoft.EntityFrameworkCore.Update) 
      An exception occurred in the database while saving changes for context type 'VoltApi.BusinessLogic.ApplicationContext'.
      Microsoft.EntityFrameworkCore.DbUpdateException: An error occurred while saving the entity changes. See the inner exception for details.
       ---> Microsoft.Data.Sqlite.SqliteException (0x80004005): SQLite Error 19: 'FOREIGN KEY constraint failed'.
         at Microsoft.Data.Sqlite.SqliteException.ThrowExceptionForRC(Int32 rc, sqlite3 db)
         at Microsoft.Data.Sqlite.SqliteDataReader.NextResult()
         at Microsoft.Data.Sqlite.SqliteCommand.ExecuteReader(CommandBehavior behavior)
         at Microsoft.Data.Sqlite.SqliteCommand.ExecuteReaderAsync(CommandBehavior behavior, CancellationToken cancellationToken)
         at Microsoft.Data.Sqlite.SqliteCommand.ExecuteDbDataReaderAsync(CommandBehavior behavior, CancellationToken cancellationToken)
         at Microsoft.EntityFrameworkCore.Storage.RelationalCommand.ExecuteReaderAsync(RelationalCommandParameterObject parameterObject, CancellationToken cancellationToken)
         at Microsoft.EntityFrameworkCore.Storage.RelationalCommand.ExecuteReaderAsync(RelationalCommandParameterObject parameterObject, CancellationToken cancellationToken)
         at Microsoft.EntityFrameworkCore.Update.ReaderModificationCommandBatch.ExecuteAsync(IRelationalConnection connection, CancellationToken cancellationToken)
         --- End of inner exception stack trace ---
         at Microsoft.EntityFrameworkCore.Update.ReaderModificationCommandBatch.ExecuteAsync(IRelationalConnection connection, CancellationToken cancellationToken)
         at Microsoft.EntityFrameworkCore.Update.Internal.BatchExecutor.ExecuteAsync(IEnumerable`1 commandBatches, IRelationalConnection connection, CancellationToken cancellationToken)
         at Microsoft.EntityFrameworkCore.Update.Internal.BatchExecutor.ExecuteAsync(IEnumerable`1 commandBatches, IRelationalConnection connection, CancellationToken cancellationToken)
         at Microsoft.EntityFrameworkCore.Update.Internal.BatchExecutor.ExecuteAsync(IEnumerable`1 commandBatches, IRelationalConnection connection, CancellationToken cancellationToken)
         at Microsoft.EntityFrameworkCore.ChangeTracking.Internal.StateManager.SaveChangesAsync(IList`1 entriesToSave, CancellationToken cancellationToken)
         at Microsoft.EntityFrameworkCore.ChangeTracking.Internal.StateManager.SaveChangesAsync(StateManager stateManager, Boolean acceptAllChangesOnSuccess, CancellationToken cancellationToken)
         at Microsoft.EntityFrameworkCore.DbContext.SaveChangesAsync(Boolean acceptAllChangesOnSuccess, CancellationToken cancellationToken)
fail: вт, 12.03.2024 15:05:47.625 RelationalEventId.CommandError[20102] (Microsoft.EntityFrameworkCore.Database.Command) 
      Failed executing DbCommand (1ms) [Parameters=[@p0='?' (DbType = DateTime), @p1='?' (Size = 29), @p2='?' (DbType = Int32), @p3='?' (DbType = Int64)], CommandType='Text', CommandTimeout='30']
      INSERT INTO "ListErrors" ("DateTime", "Message", "Result", "UserId")
      VALUES (@p0, @p1, @p2, @p3)
      RETURNING "Id";
fail: вт, 12.03.2024 15:05:47.628 CoreEventId.SaveChangesFailed[10000] (Microsoft.EntityFrameworkCore.Update) 
      An exception occurred in the database while saving changes for context type 'VoltApi.BusinessLogic.ApplicationContext'.
      Microsoft.EntityFrameworkCore.DbUpdateException: An error occurred while saving the entity changes. See the inner exception for details.
       ---> Microsoft.Data.Sqlite.SqliteException (0x80004005): SQLite Error 19: 'FOREIGN KEY constraint failed'.
         at Microsoft.Data.Sqlite.SqliteException.ThrowExceptionForRC(Int32 rc, sqlite3 db)
         at Microsoft.Data.Sqlite.SqliteDataReader.NextResult()
         at Microsoft.Data.Sqlite.SqliteCommand.ExecuteReader(CommandBehavior behavior)
         at Microsoft.Data.Sqlite.SqliteCommand.ExecuteReaderAsync(CommandBehavior behavior, CancellationToken cancellationToken)
         at Microsoft.Data.Sqlite.SqliteCommand.ExecuteDbDataReaderAsync(CommandBehavior behavior, CancellationToken cancellationToken)
         at Microsoft.EntityFrameworkCore.Storage.RelationalCommand.ExecuteReaderAsync(RelationalCommandParameterObject parameterObject, CancellationToken cancellationToken)
         at Microsoft.EntityFrameworkCore.Storage.RelationalCommand.ExecuteReaderAsync(RelationalCommandParameterObject parameterObject, CancellationToken cancellationToken)
         at Microsoft.EntityFrameworkCore.Update.ReaderModificationCommandBatch.ExecuteAsync(IRelationalConnection connection, CancellationToken cancellationToken)
         --- End of inner exception stack trace ---
         at Microsoft.EntityFrameworkCore.Update.ReaderModificationCommandBatch.ExecuteAsync(IRelationalConnection connection, CancellationToken cancellationToken)
         at Microsoft.EntityFrameworkCore.Update.Internal.BatchExecutor.ExecuteAsync(IEnumerable`1 commandBatches, IRelationalConnection connection, CancellationToken cancellationToken)
         at Microsoft.EntityFrameworkCore.Update.Internal.BatchExecutor.ExecuteAsync(IEnumerable`1 commandBatches, IRelationalConnection connection, CancellationToken cancellationToken)
         at Microsoft.EntityFrameworkCore.Update.Internal.BatchExecutor.ExecuteAsync(IEnumerable`1 commandBatches, IRelationalConnection connection, CancellationToken cancellationToken)
         at Microsoft.EntityFrameworkCore.ChangeTracking.Internal.StateManager.SaveChangesAsync(IList`1 entriesToSave, CancellationToken cancellationToken)
         at Microsoft.EntityFrameworkCore.ChangeTracking.Internal.StateManager.SaveChangesAsync(StateManager stateManager, Boolean acceptAllChangesOnSuccess, CancellationToken cancellationToken)
         at Microsoft.EntityFrameworkCore.DbContext.SaveChangesAsync(Boolean acceptAllChangesOnSuccess, CancellationToken cancellationToken)
fail: вт, 12.03.2024 20:28:14.257 RelationalEventId.CommandError[20102] (Microsoft.EntityFrameworkCore.Database.Command) 
      Failed executing DbCommand (0ms) [Parameters=[@__userId_0='?' (DbType = Int64)], CommandType='Text', CommandTimeout='30']
      SELECT "v"."Id", "v"."PhoneId", "v"."UserId", "v"."UserRights"
      FROM "VipUsers" AS "v"
      WHERE "v"."UserId" = @__userId_0
      LIMIT 1
fail: вт, 12.03.2024 20:28:14.273 CoreEventId.QueryIterationFailed[10100] (Microsoft.EntityFrameworkCore.Query) 
      An exception occurred while iterating over the results of a query for context type 'VoltApi.BusinessLogic.ApplicationContext'.
      Microsoft.Data.Sqlite.SqliteException (0x80004005): SQLite Error 1: 'no such table: VipUsers'.
         at Microsoft.Data.Sqlite.SqliteException.ThrowExceptionForRC(Int32 rc, sqlite3 db)
         at Microsoft.Data.Sqlite.SqliteCommand.PrepareAndEnumerateStatements(Stopwatch timer)+MoveNext()
         at Microsoft.Data.Sqlite.SqliteCommand.GetStatements(Stopwatch timer)+MoveNext()
         at Microsoft.Data.Sqlite.SqliteDataReader.NextResult()
         at Microsoft.Data.Sqlite.SqliteCommand.ExecuteReader(CommandBehavior behavior)
         at Microsoft.Data.Sqlite.SqliteCommand.ExecuteReaderAsync(CommandBehavior behavior, CancellationToken cancellationToken)
         at Microsoft.Data.Sqlite.SqliteCommand.ExecuteDbDataReaderAsync(CommandBehavior behavior, CancellationToken cancellationToken)
         at Microsoft.EntityFrameworkCore.Storage.RelationalCommand.ExecuteReaderAsync(RelationalCommandParameterObject parameterObject, CancellationToken cancellationToken)
         at Microsoft.EntityFrameworkCore.Storage.RelationalCommand.ExecuteReaderAsync(RelationalCommandParameterObject parameterObject, CancellationToken cancellationToken)
         at Microsoft.EntityFrameworkCore.Query.Internal.SingleQueryingEnumerable`1.AsyncEnumerator.InitializeReaderAsync(AsyncEnumerator enumerator, CancellationToken cancellationToken)
         at Microsoft.EntityFrameworkCore.Query.Internal.SingleQueryingEnumerable`1.AsyncEnumerator.MoveNextAsync()
fail: вт, 12.03.2024 20:29:24.255 RelationalEventId.CommandError[20102] (Microsoft.EntityFrameworkCore.Database.Command) 
      Failed executing DbCommand (5ms) [Parameters=[@__userId_0='?' (DbType = Int64)], CommandType='Text', CommandTimeout='30']
      SELECT "v"."Id", "v"."PhoneId", "v"."UserId", "v"."UserRights"
      FROM "VipUsers" AS "v"
      WHERE "v"."UserId" = @__userId_0
      LIMIT 1
fail: вт, 12.03.2024 20:29:24.292 CoreEventId.QueryIterationFailed[10100] (Microsoft.EntityFrameworkCore.Query) 
      An exception occurred while iterating over the results of a query for context type 'VoltApi.BusinessLogic.ApplicationContext'.
      Microsoft.Data.Sqlite.SqliteException (0x80004005): SQLite Error 1: 'no such table: VipUsers'.
         at Microsoft.Data.Sqlite.SqliteException.ThrowExceptionForRC(Int32 rc, sqlite3 db)
         at Microsoft.Data.Sqlite.SqliteCommand.PrepareAndEnumerateStatements(Stopwatch timer)+MoveNext()
         at Microsoft.Data.Sqlite.SqliteCommand.GetStatements(Stopwatch timer)+MoveNext()
         at Microsoft.Data.Sqlite.SqliteDataReader.NextResult()
         at Microsoft.Data.Sqlite.SqliteCommand.ExecuteReader(CommandBehavior behavior)
         at Microsoft.Data.Sqlite.SqliteCommand.ExecuteReaderAsync(CommandBehavior behavior, CancellationToken cancellationToken)
         at Microsoft.Data.Sqlite.SqliteCommand.ExecuteDbDataReaderAsync(CommandBehavior behavior, CancellationToken cancellationToken)
         at Microsoft.EntityFrameworkCore.Storage.RelationalCommand.ExecuteReaderAsync(RelationalCommandParameterObject parameterObject, CancellationToken cancellationToken)
         at Microsoft.EntityFrameworkCore.Storage.RelationalCommand.ExecuteReaderAsync(RelationalCommandParameterObject parameterObject, CancellationToken cancellationToken)
         at Microsoft.EntityFrameworkCore.Query.Internal.SingleQueryingEnumerable`1.AsyncEnumerator.InitializeReaderAsync(AsyncEnumerator enumerator, CancellationToken cancellationToken)
         at Microsoft.EntityFrameworkCore.Query.Internal.SingleQueryingEnumerable`1.AsyncEnumerator.MoveNextAsync()
fail: вт, 12.03.2024 20:29:41.388 RelationalEventId.CommandError[20102] (Microsoft.EntityFrameworkCore.Database.Command) 
      Failed executing DbCommand (1ms) [Parameters=[], CommandType='Text', CommandTimeout='30']
      SELECT "v"."Id", "v"."PhoneId", "v"."UserId", "v"."UserRights"
      FROM "VipUsers" AS "v"
fail: вт, 12.03.2024 20:29:41.389 CoreEventId.QueryIterationFailed[10100] (Microsoft.EntityFrameworkCore.Query) 
      An exception occurred while iterating over the results of a query for context type 'VoltApi.BusinessLogic.ApplicationContext'.
      Microsoft.Data.Sqlite.SqliteException (0x80004005): SQLite Error 1: 'no such table: VipUsers'.
         at Microsoft.Data.Sqlite.SqliteException.ThrowExceptionForRC(Int32 rc, sqlite3 db)
         at Microsoft.Data.Sqlite.SqliteCommand.PrepareAndEnumerateStatements(Stopwatch timer)+MoveNext()
         at Microsoft.Data.Sqlite.SqliteCommand.GetStatements(Stopwatch timer)+MoveNext()
         at Microsoft.Data.Sqlite.SqliteDataReader.NextResult()
         at Microsoft.Data.Sqlite.SqliteCommand.ExecuteReader(CommandBehavior behavior)
         at Microsoft.Data.Sqlite.SqliteCommand.ExecuteDbDataReader(CommandBehavior behavior)
         at Microsoft.EntityFrameworkCore.Storage.RelationalCommand.ExecuteReader(RelationalCommandParameterObject parameterObject)
         at Microsoft.EntityFrameworkCore.Query.Internal.SingleQueryingEnumerable`1.Enumerator.InitializeReader(Enumerator enumerator)
         at Microsoft.EntityFrameworkCore.Query.Internal.SingleQueryingEnumerable`1.Enumerator.<>c.<MoveNext>b__21_0(DbContext _, Enumerator enumerator)
         at Microsoft.EntityFrameworkCore.Storage.NonRetryingExecutionStrategy.Execute[TState,TResult](TState state, Func`3 operation, Func`3 verifySucceeded)
         at Microsoft.EntityFrameworkCore.Query.Internal.SingleQueryingEnumerable`1.Enumerator.MoveNext()
fail: вт, 12.03.2024 20:31:49.424 RelationalEventId.CommandError[20102] (Microsoft.EntityFrameworkCore.Database.Command) 
      Failed executing DbCommand (2ms) [Parameters=[@p0='?' (DbType = DateTime), @p1='?' (DbType = Int64), @p2='?' (DbType = Int64)], CommandType='Text', CommandTimeout='30']
      INSERT INTO "Sessions" ("UpdateDateTime", "UserId", "Value")
      VALUES (@p0, @p1, @p2)
      RETURNING "Id";
fail: вт, 12.03.2024 20:31:49.459 CoreEventId.SaveChangesFailed[10000] (Microsoft.EntityFrameworkCore.Update) 
      An exception occurred in the database while saving changes for context type 'VoltApi.BusinessLogic.ApplicationContext'.
      Microsoft.EntityFrameworkCore.DbUpdateException: An error occurred while saving the entity changes. See the inner exception for details.
       ---> Microsoft.Data.Sqlite.SqliteException (0x80004005): SQLite Error 19: 'FOREIGN KEY constraint failed'.
         at Microsoft.Data.Sqlite.SqliteException.ThrowExceptionForRC(Int32 rc, sqlite3 db)
         at Microsoft.Data.Sqlite.SqliteDataReader.NextResult()
         at Microsoft.Data.Sqlite.SqliteCommand.ExecuteReader(CommandBehavior behavior)
         at Microsoft.Data.Sqlite.SqliteCommand.ExecuteReaderAsync(CommandBehavior behavior, CancellationToken cancellationToken)
         at Microsoft.Data.Sqlite.SqliteCommand.ExecuteDbDataReaderAsync(CommandBehavior behavior, CancellationToken cancellationToken)
         at Microsoft.EntityFrameworkCore.Storage.RelationalCommand.ExecuteReaderAsync(RelationalCommandParameterObject parameterObject, CancellationToken cancellationToken)
         at Microsoft.EntityFrameworkCore.Storage.RelationalCommand.ExecuteReaderAsync(RelationalCommandParameterObject parameterObject, CancellationToken cancellationToken)
         at Microsoft.EntityFrameworkCore.Update.ReaderModificationCommandBatch.ExecuteAsync(IRelationalConnection connection, CancellationToken cancellationToken)
         --- End of inner exception stack trace ---
         at Microsoft.EntityFrameworkCore.Update.ReaderModificationCommandBatch.ExecuteAsync(IRelationalConnection connection, CancellationToken cancellationToken)
         at Microsoft.EntityFrameworkCore.Update.Internal.BatchExecutor.ExecuteAsync(IEnumerable`1 commandBatches, IRelationalConnection connection, CancellationToken cancellationToken)
         at Microsoft.EntityFrameworkCore.Update.Internal.BatchExecutor.ExecuteAsync(IEnumerable`1 commandBatches, IRelationalConnection connection, CancellationToken cancellationToken)
         at Microsoft.EntityFrameworkCore.Update.Internal.BatchExecutor.ExecuteAsync(IEnumerable`1 commandBatches, IRelationalConnection connection, CancellationToken cancellationToken)
         at Microsoft.EntityFrameworkCore.ChangeTracking.Internal.StateManager.SaveChangesAsync(IList`1 entriesToSave, CancellationToken cancellationToken)
         at Microsoft.EntityFrameworkCore.ChangeTracking.Internal.StateManager.SaveChangesAsync(StateManager stateManager, Boolean acceptAllChangesOnSuccess, CancellationToken cancellationToken)
         at Microsoft.EntityFrameworkCore.DbContext.SaveChangesAsync(Boolean acceptAllChangesOnSuccess, CancellationToken cancellationToken)
fail: вт, 12.03.2024 20:32:35.017 RelationalEventId.CommandError[20102] (Microsoft.EntityFrameworkCore.Database.Command) 
      Failed executing DbCommand (0ms) [Parameters=[@p0='?' (DbType = DateTime), @p1='?' (DbType = Int64), @p2='?' (DbType = Int64)], CommandType='Text', CommandTimeout='30']
      INSERT INTO "Sessions" ("UpdateDateTime", "UserId", "Value")
      VALUES (@p0, @p1, @p2)
      RETURNING "Id";
fail: вт, 12.03.2024 20:32:35.019 CoreEventId.SaveChangesFailed[10000] (Microsoft.EntityFrameworkCore.Update) 
      An exception occurred in the database while saving changes for context type 'VoltApi.BusinessLogic.ApplicationContext'.
      Microsoft.EntityFrameworkCore.DbUpdateException: An error occurred while saving the entity changes. See the inner exception for details.
       ---> Microsoft.Data.Sqlite.SqliteException (0x80004005): SQLite Error 19: 'FOREIGN KEY constraint failed'.
         at Microsoft.Data.Sqlite.SqliteException.ThrowExceptionForRC(Int32 rc, sqlite3 db)
         at Microsoft.Data.Sqlite.SqliteDataReader.NextResult()
         at Microsoft.Data.Sqlite.SqliteCommand.ExecuteReader(CommandBehavior behavior)
         at Microsoft.Data.Sqlite.SqliteCommand.ExecuteReaderAsync(CommandBehavior behavior, CancellationToken cancellationToken)
         at Microsoft.Data.Sqlite.SqliteCommand.ExecuteDbDataReaderAsync(CommandBehavior behavior, CancellationToken cancellationToken)
         at Microsoft.EntityFrameworkCore.Storage.RelationalCommand.ExecuteReaderAsync(RelationalCommandParameterObject parameterObject, CancellationToken cancellationToken)
         at Microsoft.EntityFrameworkCore.Storage.RelationalCommand.ExecuteReaderAsync(RelationalCommandParameterObject parameterObject, CancellationToken cancellationToken)
         at Microsoft.EntityFrameworkCore.Update.ReaderModificationCommandBatch.ExecuteAsync(IRelationalConnection connection, CancellationToken cancellationToken)
         --- End of inner exception stack trace ---
         at Microsoft.EntityFrameworkCore.Update.ReaderModificationCommandBatch.ExecuteAsync(IRelationalConnection connection, CancellationToken cancellationToken)
         at Microsoft.EntityFrameworkCore.Update.Internal.BatchExecutor.ExecuteAsync(IEnumerable`1 commandBatches, IRelationalConnection connection, CancellationToken cancellationToken)
         at Microsoft.EntityFrameworkCore.Update.Internal.BatchExecutor.ExecuteAsync(IEnumerable`1 commandBatches, IRelationalConnection connection, CancellationToken cancellationToken)
         at Microsoft.EntityFrameworkCore.Update.Internal.BatchExecutor.ExecuteAsync(IEnumerable`1 commandBatches, IRelationalConnection connection, CancellationToken cancellationToken)
         at Microsoft.EntityFrameworkCore.ChangeTracking.Internal.StateManager.SaveChangesAsync(IList`1 entriesToSave, CancellationToken cancellationToken)
         at Microsoft.EntityFrameworkCore.ChangeTracking.Internal.StateManager.SaveChangesAsync(StateManager stateManager, Boolean acceptAllChangesOnSuccess, CancellationToken cancellationToken)
         at Microsoft.EntityFrameworkCore.DbContext.SaveChangesAsync(Boolean acceptAllChangesOnSuccess, CancellationToken cancellationToken)
fail: вт, 12.03.2024 20:33:20.173 RelationalEventId.CommandError[20102] (Microsoft.EntityFrameworkCore.Database.Command) 
      Failed executing DbCommand (0ms) [Parameters=[@p0='?' (DbType = DateTime), @p1='?' (DbType = Int64), @p2='?' (DbType = Int64)], CommandType='Text', CommandTimeout='30']
      INSERT INTO "Sessions" ("UpdateDateTime", "UserId", "Value")
      VALUES (@p0, @p1, @p2)
      RETURNING "Id";
fail: вт, 12.03.2024 20:33:20.175 CoreEventId.SaveChangesFailed[10000] (Microsoft.EntityFrameworkCore.Update) 
      An exception occurred in the database while saving changes for context type 'VoltApi.BusinessLogic.ApplicationContext'.
      Microsoft.EntityFrameworkCore.DbUpdateException: An error occurred while saving the entity changes. See the inner exception for details.
       ---> Microsoft.Data.Sqlite.SqliteException (0x80004005): SQLite Error 19: 'FOREIGN KEY constraint failed'.
         at Microsoft.Data.Sqlite.SqliteException.ThrowExceptionForRC(Int32 rc, sqlite3 db)
         at Microsoft.Data.Sqlite.SqliteDataReader.NextResult()
         at Microsoft.Data.Sqlite.SqliteCommand.ExecuteReader(CommandBehavior behavior)
         at Microsoft.Data.Sqlite.SqliteCommand.ExecuteReaderAsync(CommandBehavior behavior, CancellationToken cancellationToken)
         at Microsoft.Data.Sqlite.SqliteCommand.ExecuteDbDataReaderAsync(CommandBehavior behavior, CancellationToken cancellationToken)
         at Microsoft.EntityFrameworkCore.Storage.RelationalCommand.ExecuteReaderAsync(RelationalCommandParameterObject parameterObject, CancellationToken cancellationToken)
         at Microsoft.EntityFrameworkCore.Storage.RelationalCommand.ExecuteReaderAsync(RelationalCommandParameterObject parameterObject, CancellationToken cancellationToken)
         at Microsoft.EntityFrameworkCore.Update.ReaderModificationCommandBatch.ExecuteAsync(IRelationalConnection connection, CancellationToken cancellationToken)
         --- End of inner exception stack trace ---
         at Microsoft.EntityFrameworkCore.Update.ReaderModificationCommandBatch.ExecuteAsync(IRelationalConnection connection, CancellationToken cancellationToken)
         at Microsoft.EntityFrameworkCore.Update.Internal.BatchExecutor.ExecuteAsync(IEnumerable`1 commandBatches, IRelationalConnection connection, CancellationToken cancellationToken)
         at Microsoft.EntityFrameworkCore.Update.Internal.BatchExecutor.ExecuteAsync(IEnumerable`1 commandBatches, IRelationalConnection connection, CancellationToken cancellationToken)
         at Microsoft.EntityFrameworkCore.Update.Internal.BatchExecutor.ExecuteAsync(IEnumerable`1 commandBatches, IRelationalConnection connection, CancellationToken cancellationToken)
         at Microsoft.EntityFrameworkCore.ChangeTracking.Internal.StateManager.SaveChangesAsync(IList`1 entriesToSave, CancellationToken cancellationToken)
         at Microsoft.EntityFrameworkCore.ChangeTracking.Internal.StateManager.SaveChangesAsync(StateManager stateManager, Boolean acceptAllChangesOnSuccess, CancellationToken cancellationToken)
         at Microsoft.EntityFrameworkCore.DbContext.SaveChangesAsync(Boolean acceptAllChangesOnSuccess, CancellationToken cancellationToken)
fail: вт, 12.03.2024 20:42:49.694 CoreEventId.SaveChangesFailed[10000] (Microsoft.EntityFrameworkCore.Update) 
      An exception occurred in the database while saving changes for context type 'VoltApi.BusinessLogic.ApplicationContext'.
      Microsoft.EntityFrameworkCore.DbUpdateException: An error occurred while saving the entity changes. See the inner exception for details.
       ---> Microsoft.Data.SqlClient.SqlException (0x80131904): The INSERT statement conflicted with the FOREIGN KEY constraint "FK_Sessions_Users_UserId". The conflict occurred in database "db_aa1815_volt", table "dbo.Users", column 'Id'.
         at Microsoft.Data.SqlClient.SqlConnection.OnError(SqlException exception, Boolean breakConnection, Action`1 wrapCloseInAction)
         at Microsoft.Data.SqlClient.SqlInternalConnection.OnError(SqlException exception, Boolean breakConnection, Action`1 wrapCloseInAction)
         at Microsoft.Data.SqlClient.TdsParser.ThrowExceptionAndWarning(TdsParserStateObject stateObj, Boolean callerHasConnectionLock, Boolean asyncClose)
         at Microsoft.Data.SqlClient.TdsParser.TryRun(RunBehavior runBehavior, SqlCommand cmdHandler, SqlDataReader dataStream, BulkCopySimpleResultSet bulkCopyHandler, TdsParserStateObject stateObj, Boolean& dataReady)
         at Microsoft.Data.SqlClient.SqlDataReader.TryHasMoreRows(Boolean& moreRows)
         at Microsoft.Data.SqlClient.SqlDataReader.TryReadInternal(Boolean setTimeout, Boolean& more)
         at Microsoft.Data.SqlClient.SqlDataReader.ReadAsyncExecute(Task task, Object state)
         at Microsoft.Data.SqlClient.SqlDataReader.InvokeAsyncCall[T](SqlDataReaderBaseAsyncCallContext`1 context)
      --- End of stack trace from previous location ---
         at Microsoft.EntityFrameworkCore.Update.AffectedCountModificationCommandBatch.ConsumeResultSetAsync(Int32 startCommandIndex, RelationalDataReader reader, CancellationToken cancellationToken)
         at Microsoft.EntityFrameworkCore.Update.AffectedCountModificationCommandBatch.ConsumeAsync(RelationalDataReader reader, CancellationToken cancellationToken)
      ClientConnectionId:fd3911bc-89db-453a-852a-ae550cb03c76
      Error Number:547,State:0,Class:16
         --- End of inner exception stack trace ---
         at Microsoft.EntityFrameworkCore.Update.AffectedCountModificationCommandBatch.ConsumeAsync(RelationalDataReader reader, CancellationToken cancellationToken)
         at Microsoft.EntityFrameworkCore.Update.ReaderModificationCommandBatch.ExecuteAsync(IRelationalConnection connection, CancellationToken cancellationToken)
         at Microsoft.EntityFrameworkCore.Update.ReaderModificationCommandBatch.ExecuteAsync(IRelationalConnection connection, CancellationToken cancellationToken)
         at Microsoft.EntityFrameworkCore.SqlServer.Update.Internal.SqlServerModificationCommandBatch.ExecuteAsync(IRelationalConnection connection, CancellationToken cancellationToken)
         at Microsoft.EntityFrameworkCore.Update.Internal.BatchExecutor.ExecuteAsync(IEnumerable`1 commandBatches, IRelationalConnection connection, CancellationToken cancellationToken)
         at Microsoft.EntityFrameworkCore.Update.Internal.BatchExecutor.ExecuteAsync(IEnumerable`1 commandBatches, IRelationalConnection connection, CancellationToken cancellationToken)
         at Microsoft.EntityFrameworkCore.Update.Internal.BatchExecutor.ExecuteAsync(IEnumerable`1 commandBatches, IRelationalConnection connection, CancellationToken cancellationToken)
         at Microsoft.EntityFrameworkCore.ChangeTracking.Internal.StateManager.SaveChangesAsync(IList`1 entriesToSave, CancellationToken cancellationToken)
         at Microsoft.EntityFrameworkCore.ChangeTracking.Internal.StateManager.SaveChangesAsync(StateManager stateManager, Boolean acceptAllChangesOnSuccess, CancellationToken cancellationToken)
         at Microsoft.EntityFrameworkCore.SqlServer.Storage.Internal.SqlServerExecutionStrategy.ExecuteAsync[TState,TResult](TState state, Func`4 operation, Func`4 verifySucceeded, CancellationToken cancellationToken)
         at Microsoft.EntityFrameworkCore.DbContext.SaveChangesAsync(Boolean acceptAllChangesOnSuccess, CancellationToken cancellationToken)
fail: ср, 13.03.2024 20:59:36.238 RelationalEventId.CommandError[20102] (Microsoft.EntityFrameworkCore.Database.Command) 
      Failed executing DbCommand (76ms) [Parameters=[], CommandType='Text', CommandTimeout='30']
      CREATE TABLE [Users] (
          [Id] bigint NOT NULL IDENTITY,
          [UserName] nvarchar(max) NULL,
          [FirstName] nvarchar(max) NULL,
          [LastName] nvarchar(max) NULL,
          [DataCreated] datetime2 NOT NULL,
          [LastActivity] datetime2 NOT NULL,
          [LanguageCode] nvarchar(max) NULL,
          CONSTRAINT [PK_Users] PRIMARY KEY ([Id])
      );
fail: ср, 13.03.2024 21:02:58.887 RelationalEventId.CommandError[20102] (Microsoft.EntityFrameworkCore.Database.Command) 
      Failed executing DbCommand (117ms) [Parameters=[], CommandType='Text', CommandTimeout='30']
      CREATE TABLE [Users] (
          [Id] bigint NOT NULL IDENTITY,
          [UserName] nvarchar(max) NULL,
          [FirstName] nvarchar(max) NULL,
          [LastName] nvarchar(max) NULL,
          [DataCreated] datetime2 NOT NULL,
          [LastActivity] datetime2 NOT NULL,
          [LanguageCode] nvarchar(max) NULL,
          CONSTRAINT [PK_Users] PRIMARY KEY ([Id])
      );
fail: ср, 13.03.2024 21:03:21.012 RelationalEventId.CommandError[20102] (Microsoft.EntityFrameworkCore.Database.Command) 
      Failed executing DbCommand (89ms) [Parameters=[], CommandType='Text', CommandTimeout='30']
      CREATE TABLE [Users] (
          [Id] bigint NOT NULL IDENTITY,
          [UserName] nvarchar(max) NULL,
          [FirstName] nvarchar(max) NULL,
          [LastName] nvarchar(max) NULL,
          [DataCreated] datetime2 NOT NULL,
          [LastActivity] datetime2 NOT NULL,
          [LanguageCode] nvarchar(max) NULL,
          CONSTRAINT [PK_Users] PRIMARY KEY ([Id])
      );
fail: ср, 13.03.2024 21:16:32.697 RelationalEventId.CommandError[20102] (Microsoft.EntityFrameworkCore.Database.Command) 
      Failed executing DbCommand (88ms) [Parameters=[], CommandType='Text', CommandTimeout='30']
      CREATE TABLE [Users] (
          [Id] bigint NOT NULL IDENTITY,
          [UserName] nvarchar(max) NULL,
          [FirstName] nvarchar(max) NULL,
          [LastName] nvarchar(max) NULL,
          [DataCreated] datetime2 NOT NULL,
          [LastActivity] datetime2 NOT NULL,
          [LanguageCode] nvarchar(max) NULL,
          CONSTRAINT [PK_Users] PRIMARY KEY ([Id])
      );
fail: 25.03.2024 15:31:29.851 RelationalEventId.CommandError[20102] (Microsoft.EntityFrameworkCore.Database.Command) 
      Failed executing DbCommand (52,110ms) [Parameters=[@__userId_0='?' (DbType = Int64)], CommandType='Text', CommandTimeout='30']
      SELECT TOP(1) [f].[Id], [f].[FileName], [f].[FileType], [f].[LastActive], [f].[PathName], [f].[SerializeData], [f].[UserId]
      FROM [Files] AS [f]
      WHERE [f].[UserId] = @__userId_0
fail: 25.03.2024 15:31:29.886 CoreEventId.QueryIterationFailed[10100] (Microsoft.EntityFrameworkCore.Query) 
      An exception occurred while iterating over the results of a query for context type 'VoltApi.BusinessLogic.ApplicationContext'.
      Microsoft.Data.SqlClient.SqlException (0x80131904): Execution Timeout Expired.  The timeout period elapsed prior to completion of the operation or the server is not responding.
       ---> System.ComponentModel.Win32Exception (258): Время ожидания операции истекло.
         at Microsoft.Data.SqlClient.SqlCommand.<>c.<ExecuteDbDataReaderAsync>b__211_0(Task`1 result)
         at System.Threading.Tasks.ContinuationResultTaskFromResultTask`2.InnerInvoke()
         at System.Threading.ExecutionContext.RunInternal(ExecutionContext executionContext, ContextCallback callback, Object state)
      --- End of stack trace from previous location ---
         at System.Threading.ExecutionContext.RunInternal(ExecutionContext executionContext, ContextCallback callback, Object state)
         at System.Threading.Tasks.Task.ExecuteWithThreadLocal(Task& currentTaskSlot, Thread threadPoolThread)
      --- End of stack trace from previous location ---
         at Microsoft.EntityFrameworkCore.Storage.RelationalCommand.ExecuteReaderAsync(RelationalCommandParameterObject parameterObject, CancellationToken cancellationToken)
         at Microsoft.EntityFrameworkCore.Storage.RelationalCommand.ExecuteReaderAsync(RelationalCommandParameterObject parameterObject, CancellationToken cancellationToken)
         at Microsoft.EntityFrameworkCore.Query.Internal.SingleQueryingEnumerable`1.AsyncEnumerator.InitializeReaderAsync(AsyncEnumerator enumerator, CancellationToken cancellationToken)
         at Microsoft.EntityFrameworkCore.SqlServer.Storage.Internal.SqlServerExecutionStrategy.ExecuteAsync[TState,TResult](TState state, Func`4 operation, Func`4 verifySucceeded, CancellationToken cancellationToken)
         at Microsoft.EntityFrameworkCore.Query.Internal.SingleQueryingEnumerable`1.AsyncEnumerator.MoveNextAsync()
      ClientConnectionId:cd1105eb-2173-4fa6-8e23-430709aa1b01
      Error Number:-2,State:0,Class:11
fail: ср, 10.04.2024 12:53:52.748 RelationalEventId.CommandError[20102] (Microsoft.EntityFrameworkCore.Database.Command) 
      Failed executing DbCommand (67ms) [Parameters=[@__userId_0='?' (DbType = Int64)], CommandType='Text', CommandTimeout='30']
      SELECT TOP(1) [l].[Id], [l].[LastFileName], [l].[OperationCount], [l].[UserId]
      FROM [LastFiles] AS [l]
      WHERE [l].[UserId] = @__userId_0
fail: ср, 10.04.2024 12:53:52.765 CoreEventId.QueryIterationFailed[10100] (Microsoft.EntityFrameworkCore.Query) 
      An exception occurred while iterating over the results of a query for context type 'CarEdit_Server.BusinessLogic.ApplicationContext'.
      Microsoft.Data.SqlClient.SqlException (0x80131904): Invalid object name 'LastFiles'.
         at Microsoft.Data.SqlClient.SqlCommand.<>c.<ExecuteDbDataReaderAsync>b__211_0(Task`1 result)
         at System.Threading.Tasks.ContinuationResultTaskFromResultTask`2.InnerInvoke()
         at System.Threading.ExecutionContext.RunInternal(ExecutionContext executionContext, ContextCallback callback, Object state)
      --- End of stack trace from previous location ---
         at System.Threading.ExecutionContext.RunInternal(ExecutionContext executionContext, ContextCallback callback, Object state)
         at System.Threading.Tasks.Task.ExecuteWithThreadLocal(Task& currentTaskSlot, Thread threadPoolThread)
      --- End of stack trace from previous location ---
         at Microsoft.EntityFrameworkCore.Storage.RelationalCommand.ExecuteReaderAsync(RelationalCommandParameterObject parameterObject, CancellationToken cancellationToken)
         at Microsoft.EntityFrameworkCore.Storage.RelationalCommand.ExecuteReaderAsync(RelationalCommandParameterObject parameterObject, CancellationToken cancellationToken)
         at Microsoft.EntityFrameworkCore.Query.Internal.SingleQueryingEnumerable`1.AsyncEnumerator.InitializeReaderAsync(AsyncEnumerator enumerator, CancellationToken cancellationToken)
         at Microsoft.EntityFrameworkCore.SqlServer.Storage.Internal.SqlServerExecutionStrategy.ExecuteAsync[TState,TResult](TState state, Func`4 operation, Func`4 verifySucceeded, CancellationToken cancellationToken)
         at Microsoft.EntityFrameworkCore.Query.Internal.SingleQueryingEnumerable`1.AsyncEnumerator.MoveNextAsync()
      ClientConnectionId:392448ee-c856-4850-bb88-ef4d2456d910
      Error Number:208,State:1,Class:16
fail: ср, 10.04.2024 12:54:20.889 RelationalEventId.CommandError[20102] (Microsoft.EntityFrameworkCore.Database.Command) 
      Failed executing DbCommand (64ms) [Parameters=[@__userId_0='?' (DbType = Int64)], CommandType='Text', CommandTimeout='30']
      SELECT TOP(1) [l].[Id], [l].[LastFileName], [l].[OperationCount], [l].[UserId]
      FROM [LastFiles] AS [l]
      WHERE [l].[UserId] = @__userId_0
fail: ср, 10.04.2024 12:54:20.890 CoreEventId.QueryIterationFailed[10100] (Microsoft.EntityFrameworkCore.Query) 
      An exception occurred while iterating over the results of a query for context type 'CarEdit_Server.BusinessLogic.ApplicationContext'.
      Microsoft.Data.SqlClient.SqlException (0x80131904): Invalid object name 'LastFiles'.
         at Microsoft.Data.SqlClient.SqlCommand.<>c.<ExecuteDbDataReaderAsync>b__211_0(Task`1 result)
         at System.Threading.Tasks.ContinuationResultTaskFromResultTask`2.InnerInvoke()
         at System.Threading.ExecutionContext.RunInternal(ExecutionContext executionContext, ContextCallback callback, Object state)
      --- End of stack trace from previous location ---
         at System.Threading.ExecutionContext.RunInternal(ExecutionContext executionContext, ContextCallback callback, Object state)
         at System.Threading.Tasks.Task.ExecuteWithThreadLocal(Task& currentTaskSlot, Thread threadPoolThread)
      --- End of stack trace from previous location ---
         at Microsoft.EntityFrameworkCore.Storage.RelationalCommand.ExecuteReaderAsync(RelationalCommandParameterObject parameterObject, CancellationToken cancellationToken)
         at Microsoft.EntityFrameworkCore.Storage.RelationalCommand.ExecuteReaderAsync(RelationalCommandParameterObject parameterObject, CancellationToken cancellationToken)
         at Microsoft.EntityFrameworkCore.Query.Internal.SingleQueryingEnumerable`1.AsyncEnumerator.InitializeReaderAsync(AsyncEnumerator enumerator, CancellationToken cancellationToken)
         at Microsoft.EntityFrameworkCore.SqlServer.Storage.Internal.SqlServerExecutionStrategy.ExecuteAsync[TState,TResult](TState state, Func`4 operation, Func`4 verifySucceeded, CancellationToken cancellationToken)
         at Microsoft.EntityFrameworkCore.Query.Internal.SingleQueryingEnumerable`1.AsyncEnumerator.MoveNextAsync()
      ClientConnectionId:392448ee-c856-4850-bb88-ef4d2456d910
      Error Number:208,State:1,Class:16
fail: ср, 10.04.2024 12:54:25.511 RelationalEventId.CommandError[20102] (Microsoft.EntityFrameworkCore.Database.Command) 
      Failed executing DbCommand (58ms) [Parameters=[@__userId_0='?' (DbType = Int64)], CommandType='Text', CommandTimeout='30']
      SELECT TOP(1) [l].[Id], [l].[LastFileName], [l].[OperationCount], [l].[UserId]
      FROM [LastFiles] AS [l]
      WHERE [l].[UserId] = @__userId_0
fail: ср, 10.04.2024 12:54:25.512 CoreEventId.QueryIterationFailed[10100] (Microsoft.EntityFrameworkCore.Query) 
      An exception occurred while iterating over the results of a query for context type 'CarEdit_Server.BusinessLogic.ApplicationContext'.
      Microsoft.Data.SqlClient.SqlException (0x80131904): Invalid object name 'LastFiles'.
         at Microsoft.Data.SqlClient.SqlCommand.<>c.<ExecuteDbDataReaderAsync>b__211_0(Task`1 result)
         at System.Threading.Tasks.ContinuationResultTaskFromResultTask`2.InnerInvoke()
         at System.Threading.ExecutionContext.RunInternal(ExecutionContext executionContext, ContextCallback callback, Object state)
      --- End of stack trace from previous location ---
         at System.Threading.ExecutionContext.RunInternal(ExecutionContext executionContext, ContextCallback callback, Object state)
         at System.Threading.Tasks.Task.ExecuteWithThreadLocal(Task& currentTaskSlot, Thread threadPoolThread)
      --- End of stack trace from previous location ---
         at Microsoft.EntityFrameworkCore.Storage.RelationalCommand.ExecuteReaderAsync(RelationalCommandParameterObject parameterObject, CancellationToken cancellationToken)
         at Microsoft.EntityFrameworkCore.Storage.RelationalCommand.ExecuteReaderAsync(RelationalCommandParameterObject parameterObject, CancellationToken cancellationToken)
         at Microsoft.EntityFrameworkCore.Query.Internal.SingleQueryingEnumerable`1.AsyncEnumerator.InitializeReaderAsync(AsyncEnumerator enumerator, CancellationToken cancellationToken)
         at Microsoft.EntityFrameworkCore.SqlServer.Storage.Internal.SqlServerExecutionStrategy.ExecuteAsync[TState,TResult](TState state, Func`4 operation, Func`4 verifySucceeded, CancellationToken cancellationToken)
         at Microsoft.EntityFrameworkCore.Query.Internal.SingleQueryingEnumerable`1.AsyncEnumerator.MoveNextAsync()
      ClientConnectionId:392448ee-c856-4850-bb88-ef4d2456d910
      Error Number:208,State:1,Class:16
fail: чт, 11.04.2024 14:54:31.524 RelationalEventId.CommandError[20102] (Microsoft.EntityFrameworkCore.Database.Command) 
      Failed executing DbCommand (21,779ms) [Parameters=[@__session_0='?' (DbType = Int64)], CommandType='Text', CommandTimeout='30']
      SELECT TOP(1) [s].[Id], [s].[UpdateDateTime], [s].[UserId], [s].[Value]
      FROM [Sessions] AS [s]
      WHERE [s].[Value] = @__session_0
fail: чт, 11.04.2024 14:54:31.532 CoreEventId.QueryIterationFailed[10100] (Microsoft.EntityFrameworkCore.Query) 
      An exception occurred while iterating over the results of a query for context type 'CarEdit_Server.BusinessLogic.ApplicationContext'.
      Microsoft.Data.SqlClient.SqlException (0x80131904): A transport-level error has occurred when receiving results from the server. (provider: Session Provider, error: 19 - Physical connection is not usable)
         at Microsoft.Data.SqlClient.SqlCommand.<>c.<ExecuteDbDataReaderAsync>b__211_0(Task`1 result)
         at System.Threading.Tasks.ContinuationResultTaskFromResultTask`2.InnerInvoke()
         at System.Threading.ExecutionContext.RunInternal(ExecutionContext executionContext, ContextCallback callback, Object state)
      --- End of stack trace from previous location ---
         at System.Threading.ExecutionContext.RunInternal(ExecutionContext executionContext, ContextCallback callback, Object state)
         at System.Threading.Tasks.Task.ExecuteWithThreadLocal(Task& currentTaskSlot, Thread threadPoolThread)
      --- End of stack trace from previous location ---
         at Microsoft.EntityFrameworkCore.Storage.RelationalCommand.ExecuteReaderAsync(RelationalCommandParameterObject parameterObject, CancellationToken cancellationToken)
         at Microsoft.EntityFrameworkCore.Storage.RelationalCommand.ExecuteReaderAsync(RelationalCommandParameterObject parameterObject, CancellationToken cancellationToken)
         at Microsoft.EntityFrameworkCore.Query.Internal.SingleQueryingEnumerable`1.AsyncEnumerator.InitializeReaderAsync(AsyncEnumerator enumerator, CancellationToken cancellationToken)
         at Microsoft.EntityFrameworkCore.SqlServer.Storage.Internal.SqlServerExecutionStrategy.ExecuteAsync[TState,TResult](TState state, Func`4 operation, Func`4 verifySucceeded, CancellationToken cancellationToken)
         at Microsoft.EntityFrameworkCore.Query.Internal.SingleQueryingEnumerable`1.AsyncEnumerator.MoveNextAsync()
      ClientConnectionId:c7d506ff-896e-4dfd-9e47-a4881ec74afb
      Error Number:-1,State:0,Class:20
fail: чт, 11.04.2024 14:55:28.640 RelationalEventId.CommandError[20102] (Microsoft.EntityFrameworkCore.Database.Command) 
      Failed executing DbCommand (18,233ms) [Parameters=[@__session_0='?' (DbType = Int64)], CommandType='Text', CommandTimeout='30']
      SELECT TOP(1) [s].[Id], [s].[UpdateDateTime], [s].[UserId], [s].[Value]
      FROM [Sessions] AS [s]
      WHERE [s].[Value] = @__session_0
fail: чт, 11.04.2024 14:55:28.641 CoreEventId.QueryIterationFailed[10100] (Microsoft.EntityFrameworkCore.Query) 
      An exception occurred while iterating over the results of a query for context type 'CarEdit_Server.BusinessLogic.ApplicationContext'.
      Microsoft.Data.SqlClient.SqlException (0x80131904): A transport-level error has occurred when receiving results from the server. (provider: Session Provider, error: 19 - Physical connection is not usable)
         at Microsoft.Data.SqlClient.SqlCommand.<>c.<ExecuteDbDataReaderAsync>b__211_0(Task`1 result)
         at System.Threading.Tasks.ContinuationResultTaskFromResultTask`2.InnerInvoke()
         at System.Threading.ExecutionContext.RunInternal(ExecutionContext executionContext, ContextCallback callback, Object state)
      --- End of stack trace from previous location ---
         at System.Threading.ExecutionContext.RunInternal(ExecutionContext executionContext, ContextCallback callback, Object state)
         at System.Threading.Tasks.Task.ExecuteWithThreadLocal(Task& currentTaskSlot, Thread threadPoolThread)
      --- End of stack trace from previous location ---
         at Microsoft.EntityFrameworkCore.Storage.RelationalCommand.ExecuteReaderAsync(RelationalCommandParameterObject parameterObject, CancellationToken cancellationToken)
         at Microsoft.EntityFrameworkCore.Storage.RelationalCommand.ExecuteReaderAsync(RelationalCommandParameterObject parameterObject, CancellationToken cancellationToken)
         at Microsoft.EntityFrameworkCore.Query.Internal.SingleQueryingEnumerable`1.AsyncEnumerator.InitializeReaderAsync(AsyncEnumerator enumerator, CancellationToken cancellationToken)
         at Microsoft.EntityFrameworkCore.SqlServer.Storage.Internal.SqlServerExecutionStrategy.ExecuteAsync[TState,TResult](TState state, Func`4 operation, Func`4 verifySucceeded, CancellationToken cancellationToken)
         at Microsoft.EntityFrameworkCore.Query.Internal.SingleQueryingEnumerable`1.AsyncEnumerator.MoveNextAsync()
      ClientConnectionId:20b9ba5a-352e-4b80-b07a-f66cde5e8f4b
      Error Number:-1,State:0,Class:20
fail: чт, 11.04.2024 14:55:33.834 RelationalEventId.ConnectionError[20004] (Microsoft.EntityFrameworkCore.Database.Connection) 
      An error occurred using the connection to database 'db_aa1815_volt' on server 'SQL6031.site4now.net'.
fail: чт, 11.04.2024 14:57:39.013 RelationalEventId.ConnectionError[20004] (Microsoft.EntityFrameworkCore.Database.Connection) 
      An error occurred using the connection to database 'db_aa1815_volt' on server 'SQL6031.site4now.net'.
fail: чт, 11.04.2024 14:57:39.039 CoreEventId.QueryIterationFailed[10100] (Microsoft.EntityFrameworkCore.Query) 
      An exception occurred while iterating over the results of a query for context type 'CarEdit_Server.BusinessLogic.ApplicationContext'.
      Microsoft.Data.SqlClient.SqlException (0x80131904): A network-related or instance-specific error occurred while establishing a connection to SQL Server. The server was not found or was not accessible. Verify that the instance name is correct and that SQL Server is configured to allow remote connections. (provider: Named Pipes Provider, error: 40 - Could not open a connection to SQL Server)
       ---> System.ComponentModel.Win32Exception (31): Присоединенное к системе устройство не работает.
         at Microsoft.Data.ProviderBase.DbConnectionPool.TryGetConnection(DbConnection owningObject, UInt32 waitForMultipleObjectsTimeout, Boolean allowCreate, Boolean onlyOneCheckConnection, DbConnectionOptions userOptions, DbConnectionInternal& connection)
         at Microsoft.Data.ProviderBase.DbConnectionPool.WaitForPendingOpen()
      --- End of stack trace from previous location ---
         at Microsoft.EntityFrameworkCore.Storage.RelationalConnection.OpenInternalAsync(Boolean errorsExpected, CancellationToken cancellationToken)
         at Microsoft.EntityFrameworkCore.Storage.RelationalConnection.OpenInternalAsync(Boolean errorsExpected, CancellationToken cancellationToken)
         at Microsoft.EntityFrameworkCore.Storage.RelationalConnection.OpenAsync(CancellationToken cancellationToken, Boolean errorsExpected)
         at Microsoft.EntityFrameworkCore.Storage.RelationalCommand.ExecuteReaderAsync(RelationalCommandParameterObject parameterObject, CancellationToken cancellationToken)
         at Microsoft.EntityFrameworkCore.Query.Internal.SingleQueryingEnumerable`1.AsyncEnumerator.InitializeReaderAsync(AsyncEnumerator enumerator, CancellationToken cancellationToken)
         at Microsoft.EntityFrameworkCore.SqlServer.Storage.Internal.SqlServerExecutionStrategy.ExecuteAsync[TState,TResult](TState state, Func`4 operation, Func`4 verifySucceeded, CancellationToken cancellationToken)
         at Microsoft.EntityFrameworkCore.Query.Internal.SingleQueryingEnumerable`1.AsyncEnumerator.MoveNextAsync()
      ClientConnectionId:00000000-0000-0000-0000-000000000000
      Error Number:31,State:0,Class:20
fail: чт, 11.04.2024 14:59:09.477 RelationalEventId.ConnectionError[20004] (Microsoft.EntityFrameworkCore.Database.Connection) 
      An error occurred using the connection to database 'db_aa1815_volt' on server 'SQL6031.site4now.net'.
fail: чт, 11.04.2024 14:59:09.486 CoreEventId.QueryIterationFailed[10100] (Microsoft.EntityFrameworkCore.Query) 
      An exception occurred while iterating over the results of a query for context type 'CarEdit_Server.BusinessLogic.ApplicationContext'.
      Microsoft.Data.SqlClient.SqlException (0x80131904): A network-related or instance-specific error occurred while establishing a connection to SQL Server. The server was not found or was not accessible. Verify that the instance name is correct and that SQL Server is configured to allow remote connections. (provider: Named Pipes Provider, error: 40 - Could not open a connection to SQL Server)
       ---> System.ComponentModel.Win32Exception (31): Присоединенное к системе устройство не работает.
         at Microsoft.Data.SqlClient.SqlInternalConnection.OnError(SqlException exception, Boolean breakConnection, Action`1 wrapCloseInAction)
         at Microsoft.Data.SqlClient.TdsParser.ThrowExceptionAndWarning(TdsParserStateObject stateObj, Boolean callerHasConnectionLock, Boolean asyncClose)
         at Microsoft.Data.SqlClient.TdsParser.Connect(ServerInfo serverInfo, SqlInternalConnectionTds connHandler, Boolean ignoreSniOpenTimeout, Int64 timerExpire, SqlConnectionString connectionOptions, Boolean withFailover)
         at Microsoft.Data.SqlClient.SqlInternalConnectionTds.AttemptOneLogin(ServerInfo serverInfo, String newPassword, SecureString newSecurePassword, Boolean ignoreSniOpenTimeout, TimeoutTimer timeout, Boolean withFailover)
         at Microsoft.Data.SqlClient.SqlInternalConnectionTds.LoginNoFailover(ServerInfo serverInfo, String newPassword, SecureString newSecurePassword, Boolean redirectedUserInstance, SqlConnectionString connectionOptions, SqlCredential credential, TimeoutTimer timeout)
         at Microsoft.Data.SqlClient.SqlInternalConnectionTds.OpenLoginEnlist(TimeoutTimer timeout, SqlConnectionString connectionOptions, SqlCredential credential, String newPassword, SecureString newSecurePassword, Boolean redirectedUserInstance)
         at Microsoft.Data.SqlClient.SqlInternalConnectionTds..ctor(DbConnectionPoolIdentity identity, SqlConnectionString connectionOptions, SqlCredential credential, Object providerInfo, String newPassword, SecureString newSecurePassword, Boolean redirectedUserInstance, SqlConnectionString userConnectionOptions, SessionData reconnectSessionData, Boolean applyTransientFaultHandling, String accessToken, DbConnectionPool pool)
         at Microsoft.Data.SqlClient.SqlConnectionFactory.CreateConnection(DbConnectionOptions options, DbConnectionPoolKey poolKey, Object poolGroupProviderInfo, DbConnectionPool pool, DbConnection owningConnection, DbConnectionOptions userOptions)
         at Microsoft.Data.ProviderBase.DbConnectionFactory.CreatePooledConnection(DbConnectionPool pool, DbConnection owningObject, DbConnectionOptions options, DbConnectionPoolKey poolKey, DbConnectionOptions userOptions)
         at Microsoft.Data.ProviderBase.DbConnectionPool.CreateObject(DbConnection owningObject, DbConnectionOptions userOptions, DbConnectionInternal oldConnection)
         at Microsoft.Data.ProviderBase.DbConnectionPool.UserCreateRequest(DbConnection owningObject, DbConnectionOptions userOptions, DbConnectionInternal oldConnection)
         at Microsoft.Data.ProviderBase.DbConnectionPool.TryGetConnection(DbConnection owningObject, UInt32 waitForMultipleObjectsTimeout, Boolean allowCreate, Boolean onlyOneCheckConnection, DbConnectionOptions userOptions, DbConnectionInternal& connection)
         at Microsoft.Data.ProviderBase.DbConnectionPool.WaitForPendingOpen()
      --- End of stack trace from previous location ---
         at Microsoft.EntityFrameworkCore.Storage.RelationalConnection.OpenInternalAsync(Boolean errorsExpected, CancellationToken cancellationToken)
         at Microsoft.EntityFrameworkCore.Storage.RelationalConnection.OpenInternalAsync(Boolean errorsExpected, CancellationToken cancellationToken)
         at Microsoft.EntityFrameworkCore.Storage.RelationalConnection.OpenAsync(CancellationToken cancellationToken, Boolean errorsExpected)
         at Microsoft.EntityFrameworkCore.Storage.RelationalCommand.ExecuteReaderAsync(RelationalCommandParameterObject parameterObject, CancellationToken cancellationToken)
         at Microsoft.EntityFrameworkCore.Query.Internal.SingleQueryingEnumerable`1.AsyncEnumerator.InitializeReaderAsync(AsyncEnumerator enumerator, CancellationToken cancellationToken)
         at Microsoft.EntityFrameworkCore.SqlServer.Storage.Internal.SqlServerExecutionStrategy.ExecuteAsync[TState,TResult](TState state, Func`4 operation, Func`4 verifySucceeded, CancellationToken cancellationToken)
         at Microsoft.EntityFrameworkCore.Query.Internal.SingleQueryingEnumerable`1.AsyncEnumerator.MoveNextAsync()
      ClientConnectionId:00000000-0000-0000-0000-000000000000
      Error Number:31,State:0,Class:20
fail: 17.04.2024 00:09:37.475 RelationalEventId.ConnectionError[20004] (Microsoft.EntityFrameworkCore.Database.Connection) 
      An error occurred using the connection to database 'db_aa1815_volt' on server 'SQL6031.site4now.net'.
fail: 17.04.2024 00:09:37.493 CoreEventId.QueryIterationFailed[10100] (Microsoft.EntityFrameworkCore.Query) 
      An exception occurred while iterating over the results of a query for context type 'CarEdit_Server.BusinessLogic.ApplicationContext'.
      Microsoft.Data.SqlClient.SqlException (0x80131904): A network-related or instance-specific error occurred while establishing a connection to SQL Server. The server was not found or was not accessible. Verify that the instance name is correct and that SQL Server is configured to allow remote connections. (provider: Named Pipes Provider, error: 40 - Could not open a connection to SQL Server)
       ---> System.ComponentModel.Win32Exception (53): Не найден сетевой путь.
         at Microsoft.Data.SqlClient.SqlInternalConnection.OnError(SqlException exception, Boolean breakConnection, Action`1 wrapCloseInAction)
         at Microsoft.Data.SqlClient.TdsParser.ThrowExceptionAndWarning(TdsParserStateObject stateObj, Boolean callerHasConnectionLock, Boolean asyncClose)
         at Microsoft.Data.SqlClient.TdsParser.Connect(ServerInfo serverInfo, SqlInternalConnectionTds connHandler, Boolean ignoreSniOpenTimeout, Int64 timerExpire, SqlConnectionString connectionOptions, Boolean withFailover)
         at Microsoft.Data.SqlClient.SqlInternalConnectionTds.AttemptOneLogin(ServerInfo serverInfo, String newPassword, SecureString newSecurePassword, Boolean ignoreSniOpenTimeout, TimeoutTimer timeout, Boolean withFailover)
         at Microsoft.Data.SqlClient.SqlInternalConnectionTds.LoginNoFailover(ServerInfo serverInfo, String newPassword, SecureString newSecurePassword, Boolean redirectedUserInstance, SqlConnectionString connectionOptions, SqlCredential credential, TimeoutTimer timeout)
         at Microsoft.Data.SqlClient.SqlInternalConnectionTds.OpenLoginEnlist(TimeoutTimer timeout, SqlConnectionString connectionOptions, SqlCredential credential, String newPassword, SecureString newSecurePassword, Boolean redirectedUserInstance)
         at Microsoft.Data.SqlClient.SqlInternalConnectionTds..ctor(DbConnectionPoolIdentity identity, SqlConnectionString connectionOptions, SqlCredential credential, Object providerInfo, String newPassword, SecureString newSecurePassword, Boolean redirectedUserInstance, SqlConnectionString userConnectionOptions, SessionData reconnectSessionData, Boolean applyTransientFaultHandling, String accessToken, DbConnectionPool pool)
         at Microsoft.Data.SqlClient.SqlConnectionFactory.CreateConnection(DbConnectionOptions options, DbConnectionPoolKey poolKey, Object poolGroupProviderInfo, DbConnectionPool pool, DbConnection owningConnection, DbConnectionOptions userOptions)
         at Microsoft.Data.ProviderBase.DbConnectionFactory.CreatePooledConnection(DbConnectionPool pool, DbConnection owningObject, DbConnectionOptions options, DbConnectionPoolKey poolKey, DbConnectionOptions userOptions)
         at Microsoft.Data.ProviderBase.DbConnectionPool.CreateObject(DbConnection owningObject, DbConnectionOptions userOptions, DbConnectionInternal oldConnection)
         at Microsoft.Data.ProviderBase.DbConnectionPool.UserCreateRequest(DbConnection owningObject, DbConnectionOptions userOptions, DbConnectionInternal oldConnection)
         at Microsoft.Data.ProviderBase.DbConnectionPool.TryGetConnection(DbConnection owningObject, UInt32 waitForMultipleObjectsTimeout, Boolean allowCreate, Boolean onlyOneCheckConnection, DbConnectionOptions userOptions, DbConnectionInternal& connection)
         at Microsoft.Data.ProviderBase.DbConnectionPool.TryGetConnection(DbConnection owningObject, TaskCompletionSource`1 retry, DbConnectionOptions userOptions, DbConnectionInternal& connection)
         at Microsoft.Data.ProviderBase.DbConnectionFactory.TryGetConnection(DbConnection owningConnection, TaskCompletionSource`1 retry, DbConnectionOptions userOptions, DbConnectionInternal oldConnection, DbConnectionInternal& connection)
         at Microsoft.Data.ProviderBase.DbConnectionInternal.TryOpenConnectionInternal(DbConnection outerConnection, DbConnectionFactory connectionFactory, TaskCompletionSource`1 retry, DbConnectionOptions userOptions)
         at Microsoft.Data.ProviderBase.DbConnectionClosed.TryOpenConnection(DbConnection outerConnection, DbConnectionFactory connectionFactory, TaskCompletionSource`1 retry, DbConnectionOptions userOptions)
         at Microsoft.Data.SqlClient.SqlConnection.TryOpen(TaskCompletionSource`1 retry, SqlConnectionOverrides overrides)
         at Microsoft.Data.SqlClient.SqlConnection.InternalOpenAsync(CancellationToken cancellationToken)
      --- End of stack trace from previous location ---
         at Microsoft.EntityFrameworkCore.Storage.RelationalConnection.OpenInternalAsync(Boolean errorsExpected, CancellationToken cancellationToken)
         at Microsoft.EntityFrameworkCore.Storage.RelationalConnection.OpenInternalAsync(Boolean errorsExpected, CancellationToken cancellationToken)
         at Microsoft.EntityFrameworkCore.Storage.RelationalConnection.OpenAsync(CancellationToken cancellationToken, Boolean errorsExpected)
         at Microsoft.EntityFrameworkCore.Storage.RelationalCommand.ExecuteReaderAsync(RelationalCommandParameterObject parameterObject, CancellationToken cancellationToken)
         at Microsoft.EntityFrameworkCore.Query.Internal.SingleQueryingEnumerable`1.AsyncEnumerator.InitializeReaderAsync(AsyncEnumerator enumerator, CancellationToken cancellationToken)
         at Microsoft.EntityFrameworkCore.SqlServer.Storage.Internal.SqlServerExecutionStrategy.ExecuteAsync[TState,TResult](TState state, Func`4 operation, Func`4 verifySucceeded, CancellationToken cancellationToken)
         at Microsoft.EntityFrameworkCore.Query.Internal.SingleQueryingEnumerable`1.AsyncEnumerator.MoveNextAsync()
      ClientConnectionId:00000000-0000-0000-0000-000000000000
      Error Number:53,State:0,Class:20
fail: 17.04.2024 00:09:58.765 RelationalEventId.ConnectionError[20004] (Microsoft.EntityFrameworkCore.Database.Connection) 
      An error occurred using the connection to database 'db_aa1815_volt' on server 'SQL6031.site4now.net'.
fail: 17.04.2024 00:09:58.770 CoreEventId.QueryIterationFailed[10100] (Microsoft.EntityFrameworkCore.Query) 
      An exception occurred while iterating over the results of a query for context type 'CarEdit_Server.BusinessLogic.ApplicationContext'.
      Microsoft.Data.SqlClient.SqlException (0x80131904): A network-related or instance-specific error occurred while establishing a connection to SQL Server. The server was not found or was not accessible. Verify that the instance name is correct and that SQL Server is configured to allow remote connections. (provider: Named Pipes Provider, error: 40 - Could not open a connection to SQL Server)
       ---> System.ComponentModel.Win32Exception (53): Не найден сетевой путь.
         at Microsoft.Data.SqlClient.SqlInternalConnection.OnError(SqlException exception, Boolean breakConnection, Action`1 wrapCloseInAction)
         at Microsoft.Data.SqlClient.TdsParser.ThrowExceptionAndWarning(TdsParserStateObject stateObj, Boolean callerHasConnectionLock, Boolean asyncClose)
         at Microsoft.Data.SqlClient.TdsParser.Connect(ServerInfo serverInfo, SqlInternalConnectionTds connHandler, Boolean ignoreSniOpenTimeout, Int64 timerExpire, SqlConnectionString connectionOptions, Boolean withFailover)
         at Microsoft.Data.SqlClient.SqlInternalConnectionTds.AttemptOneLogin(ServerInfo serverInfo, String newPassword, SecureString newSecurePassword, Boolean ignoreSniOpenTimeout, TimeoutTimer timeout, Boolean withFailover)
         at Microsoft.Data.SqlClient.SqlInternalConnectionTds.LoginNoFailover(ServerInfo serverInfo, String newPassword, SecureString newSecurePassword, Boolean redirectedUserInstance, SqlConnectionString connectionOptions, SqlCredential credential, TimeoutTimer timeout)
         at Microsoft.Data.SqlClient.SqlInternalConnectionTds.OpenLoginEnlist(TimeoutTimer timeout, SqlConnectionString connectionOptions, SqlCredential credential, String newPassword, SecureString newSecurePassword, Boolean redirectedUserInstance)
         at Microsoft.Data.SqlClient.SqlInternalConnectionTds..ctor(DbConnectionPoolIdentity identity, SqlConnectionString connectionOptions, SqlCredential credential, Object providerInfo, String newPassword, SecureString newSecurePassword, Boolean redirectedUserInstance, SqlConnectionString userConnectionOptions, SessionData reconnectSessionData, Boolean applyTransientFaultHandling, String accessToken, DbConnectionPool pool)
         at Microsoft.Data.SqlClient.SqlConnectionFactory.CreateConnection(DbConnectionOptions options, DbConnectionPoolKey poolKey, Object poolGroupProviderInfo, DbConnectionPool pool, DbConnection owningConnection, DbConnectionOptions userOptions)
         at Microsoft.Data.ProviderBase.DbConnectionFactory.CreatePooledConnection(DbConnectionPool pool, DbConnection owningObject, DbConnectionOptions options, DbConnectionPoolKey poolKey, DbConnectionOptions userOptions)
         at Microsoft.Data.ProviderBase.DbConnectionPool.CreateObject(DbConnection owningObject, DbConnectionOptions userOptions, DbConnectionInternal oldConnection)
         at Microsoft.Data.ProviderBase.DbConnectionPool.UserCreateRequest(DbConnection owningObject, DbConnectionOptions userOptions, DbConnectionInternal oldConnection)
         at Microsoft.Data.ProviderBase.DbConnectionPool.TryGetConnection(DbConnection owningObject, UInt32 waitForMultipleObjectsTimeout, Boolean allowCreate, Boolean onlyOneCheckConnection, DbConnectionOptions userOptions, DbConnectionInternal& connection)
         at Microsoft.Data.ProviderBase.DbConnectionPool.WaitForPendingOpen()
      --- End of stack trace from previous location ---
         at Microsoft.EntityFrameworkCore.Storage.RelationalConnection.OpenInternalAsync(Boolean errorsExpected, CancellationToken cancellationToken)
         at Microsoft.EntityFrameworkCore.Storage.RelationalConnection.OpenInternalAsync(Boolean errorsExpected, CancellationToken cancellationToken)
         at Microsoft.EntityFrameworkCore.Storage.RelationalConnection.OpenAsync(CancellationToken cancellationToken, Boolean errorsExpected)
         at Microsoft.EntityFrameworkCore.Storage.RelationalCommand.ExecuteReaderAsync(RelationalCommandParameterObject parameterObject, CancellationToken cancellationToken)
         at Microsoft.EntityFrameworkCore.Query.Internal.SingleQueryingEnumerable`1.AsyncEnumerator.InitializeReaderAsync(AsyncEnumerator enumerator, CancellationToken cancellationToken)
         at Microsoft.EntityFrameworkCore.SqlServer.Storage.Internal.SqlServerExecutionStrategy.ExecuteAsync[TState,TResult](TState state, Func`4 operation, Func`4 verifySucceeded, CancellationToken cancellationToken)
         at Microsoft.EntityFrameworkCore.Query.Internal.SingleQueryingEnumerable`1.AsyncEnumerator.MoveNextAsync()
      ClientConnectionId:00000000-0000-0000-0000-000000000000
      Error Number:53,State:0,Class:20
fail: 17.04.2024 00:11:13.018 RelationalEventId.ConnectionError[20004] (Microsoft.EntityFrameworkCore.Database.Connection) 
      An error occurred using the connection to database 'db_aa1815_volt' on server 'SQL6031.site4now.net'.
fail: 17.04.2024 00:11:13.071 CoreEventId.QueryIterationFailed[10100] (Microsoft.EntityFrameworkCore.Query) 
      An exception occurred while iterating over the results of a query for context type 'CarEdit_Server.BusinessLogic.ApplicationContext'.
      Microsoft.Data.SqlClient.SqlException (0x80131904): A network-related or instance-specific error occurred while establishing a connection to SQL Server. The server was not found or was not accessible. Verify that the instance name is correct and that SQL Server is configured to allow remote connections. (provider: Named Pipes Provider, error: 40 - Could not open a connection to SQL Server)
       ---> System.ComponentModel.Win32Exception (53): Не найден сетевой путь.
         at Microsoft.Data.SqlClient.SqlInternalConnection.OnError(SqlException exception, Boolean breakConnection, Action`1 wrapCloseInAction)
         at Microsoft.Data.SqlClient.TdsParser.ThrowExceptionAndWarning(TdsParserStateObject stateObj, Boolean callerHasConnectionLock, Boolean asyncClose)
         at Microsoft.Data.SqlClient.TdsParser.Connect(ServerInfo serverInfo, SqlInternalConnectionTds connHandler, Boolean ignoreSniOpenTimeout, Int64 timerExpire, SqlConnectionString connectionOptions, Boolean withFailover)
         at Microsoft.Data.SqlClient.SqlInternalConnectionTds.AttemptOneLogin(ServerInfo serverInfo, String newPassword, SecureString newSecurePassword, Boolean ignoreSniOpenTimeout, TimeoutTimer timeout, Boolean withFailover)
         at Microsoft.Data.SqlClient.SqlInternalConnectionTds.LoginNoFailover(ServerInfo serverInfo, String newPassword, SecureString newSecurePassword, Boolean redirectedUserInstance, SqlConnectionString connectionOptions, SqlCredential credential, TimeoutTimer timeout)
         at Microsoft.Data.SqlClient.SqlInternalConnectionTds.OpenLoginEnlist(TimeoutTimer timeout, SqlConnectionString connectionOptions, SqlCredential credential, String newPassword, SecureString newSecurePassword, Boolean redirectedUserInstance)
         at Microsoft.Data.SqlClient.SqlInternalConnectionTds..ctor(DbConnectionPoolIdentity identity, SqlConnectionString connectionOptions, SqlCredential credential, Object providerInfo, String newPassword, SecureString newSecurePassword, Boolean redirectedUserInstance, SqlConnectionString userConnectionOptions, SessionData reconnectSessionData, Boolean applyTransientFaultHandling, String accessToken, DbConnectionPool pool)
         at Microsoft.Data.SqlClient.SqlConnectionFactory.CreateConnection(DbConnectionOptions options, DbConnectionPoolKey poolKey, Object poolGroupProviderInfo, DbConnectionPool pool, DbConnection owningConnection, DbConnectionOptions userOptions)
         at Microsoft.Data.ProviderBase.DbConnectionFactory.CreatePooledConnection(DbConnectionPool pool, DbConnection owningObject, DbConnectionOptions options, DbConnectionPoolKey poolKey, DbConnectionOptions userOptions)
         at Microsoft.Data.ProviderBase.DbConnectionPool.CreateObject(DbConnection owningObject, DbConnectionOptions userOptions, DbConnectionInternal oldConnection)
         at Microsoft.Data.ProviderBase.DbConnectionPool.UserCreateRequest(DbConnection owningObject, DbConnectionOptions userOptions, DbConnectionInternal oldConnection)
         at Microsoft.Data.ProviderBase.DbConnectionPool.TryGetConnection(DbConnection owningObject, UInt32 waitForMultipleObjectsTimeout, Boolean allowCreate, Boolean onlyOneCheckConnection, DbConnectionOptions userOptions, DbConnectionInternal& connection)
         at Microsoft.Data.ProviderBase.DbConnectionPool.WaitForPendingOpen()
      --- End of stack trace from previous location ---
         at Microsoft.EntityFrameworkCore.Storage.RelationalConnection.OpenInternalAsync(Boolean errorsExpected, CancellationToken cancellationToken)
         at Microsoft.EntityFrameworkCore.Storage.RelationalConnection.OpenInternalAsync(Boolean errorsExpected, CancellationToken cancellationToken)
         at Microsoft.EntityFrameworkCore.Storage.RelationalConnection.OpenAsync(CancellationToken cancellationToken, Boolean errorsExpected)
         at Microsoft.EntityFrameworkCore.Storage.RelationalCommand.ExecuteReaderAsync(RelationalCommandParameterObject parameterObject, CancellationToken cancellationToken)
         at Microsoft.EntityFrameworkCore.Query.Internal.SingleQueryingEnumerable`1.AsyncEnumerator.InitializeReaderAsync(AsyncEnumerator enumerator, CancellationToken cancellationToken)
         at Microsoft.EntityFrameworkCore.SqlServer.Storage.Internal.SqlServerExecutionStrategy.ExecuteAsync[TState,TResult](TState state, Func`4 operation, Func`4 verifySucceeded, CancellationToken cancellationToken)
         at Microsoft.EntityFrameworkCore.Query.Internal.SingleQueryingEnumerable`1.AsyncEnumerator.MoveNextAsync()
      ClientConnectionId:00000000-0000-0000-0000-000000000000
      Error Number:53,State:0,Class:20
fail: 17.04.2024 00:11:16.145 RelationalEventId.ConnectionError[20004] (Microsoft.EntityFrameworkCore.Database.Connection) 
      An error occurred using the connection to database 'db_aa1815_volt' on server 'SQL6031.site4now.net'.
fail: 17.04.2024 00:11:16.149 CoreEventId.QueryIterationFailed[10100] (Microsoft.EntityFrameworkCore.Query) 
      An exception occurred while iterating over the results of a query for context type 'CarEdit_Server.BusinessLogic.ApplicationContext'.
      Microsoft.Data.SqlClient.SqlException (0x80131904): A network-related or instance-specific error occurred while establishing a connection to SQL Server. The server was not found or was not accessible. Verify that the instance name is correct and that SQL Server is configured to allow remote connections. (provider: Named Pipes Provider, error: 40 - Could not open a connection to SQL Server)
       ---> System.ComponentModel.Win32Exception (53): Не найден сетевой путь.
         at Microsoft.Data.ProviderBase.DbConnectionPool.TryGetConnection(DbConnection owningObject, UInt32 waitForMultipleObjectsTimeout, Boolean allowCreate, Boolean onlyOneCheckConnection, DbConnectionOptions userOptions, DbConnectionInternal& connection)
         at Microsoft.Data.ProviderBase.DbConnectionPool.TryGetConnection(DbConnection owningObject, TaskCompletionSource`1 retry, DbConnectionOptions userOptions, DbConnectionInternal& connection)
         at Microsoft.Data.ProviderBase.DbConnectionFactory.TryGetConnection(DbConnection owningConnection, TaskCompletionSource`1 retry, DbConnectionOptions userOptions, DbConnectionInternal oldConnection, DbConnectionInternal& connection)
         at Microsoft.Data.ProviderBase.DbConnectionInternal.TryOpenConnectionInternal(DbConnection outerConnection, DbConnectionFactory connectionFactory, TaskCompletionSource`1 retry, DbConnectionOptions userOptions)
         at Microsoft.Data.ProviderBase.DbConnectionClosed.TryOpenConnection(DbConnection outerConnection, DbConnectionFactory connectionFactory, TaskCompletionSource`1 retry, DbConnectionOptions userOptions)
         at Microsoft.Data.SqlClient.SqlConnection.TryOpen(TaskCompletionSource`1 retry, SqlConnectionOverrides overrides)
         at Microsoft.Data.SqlClient.SqlConnection.InternalOpenAsync(CancellationToken cancellationToken)
      --- End of stack trace from previous location ---
         at Microsoft.EntityFrameworkCore.Storage.RelationalConnection.OpenInternalAsync(Boolean errorsExpected, CancellationToken cancellationToken)
         at Microsoft.EntityFrameworkCore.Storage.RelationalConnection.OpenInternalAsync(Boolean errorsExpected, CancellationToken cancellationToken)
         at Microsoft.EntityFrameworkCore.Storage.RelationalConnection.OpenAsync(CancellationToken cancellationToken, Boolean errorsExpected)
         at Microsoft.EntityFrameworkCore.Storage.RelationalCommand.ExecuteReaderAsync(RelationalCommandParameterObject parameterObject, CancellationToken cancellationToken)
         at Microsoft.EntityFrameworkCore.Query.Internal.SingleQueryingEnumerable`1.AsyncEnumerator.InitializeReaderAsync(AsyncEnumerator enumerator, CancellationToken cancellationToken)
         at Microsoft.EntityFrameworkCore.SqlServer.Storage.Internal.SqlServerExecutionStrategy.ExecuteAsync[TState,TResult](TState state, Func`4 operation, Func`4 verifySucceeded, CancellationToken cancellationToken)
         at Microsoft.EntityFrameworkCore.Query.Internal.SingleQueryingEnumerable`1.AsyncEnumerator.MoveNextAsync()
      ClientConnectionId:00000000-0000-0000-0000-000000000000
      Error Number:53,State:0,Class:20
fail: 17.04.2024 01:02:46.176 RelationalEventId.CommandError[20102] (Microsoft.EntityFrameworkCore.Database.Command) 
      Failed executing DbCommand (35,021ms) [Parameters=[@p0='?' (Size = 4000), @p1='?' (DbType = Int32), @p2='?' (DbType = Int32), @p3='?' (DbType = DateTime2), @p4='?' (DbType = Int64)], CommandType='Text', CommandTimeout='30']
      SET IMPLICIT_TRANSACTIONS OFF;
      SET NOCOUNT ON;
      INSERT INTO [FileStatistics] ([FileName], [FileType], [OperationType], [UploadDataTime], [UserId])
      OUTPUT INSERTED.[Id]
      VALUES (@p0, @p1, @p2, @p3, @p4);
fail: 17.04.2024 01:02:46.213 CoreEventId.SaveChangesFailed[10000] (Microsoft.EntityFrameworkCore.Update) 
      An exception occurred in the database while saving changes for context type 'CarEdit_Server.BusinessLogic.ApplicationContext'.
      Microsoft.EntityFrameworkCore.DbUpdateException: An error occurred while saving the entity changes. See the inner exception for details.
       ---> Microsoft.Data.SqlClient.SqlException (0x80131904): Execution Timeout Expired.  The timeout period elapsed prior to completion of the operation or the server is not responding.
       ---> System.ComponentModel.Win32Exception (258): Время ожидания операции истекло.
         at Microsoft.Data.SqlClient.SqlCommand.<>c.<ExecuteDbDataReaderAsync>b__211_0(Task`1 result)
         at System.Threading.Tasks.ContinuationResultTaskFromResultTask`2.InnerInvoke()
         at System.Threading.ExecutionContext.RunInternal(ExecutionContext executionContext, ContextCallback callback, Object state)
      --- End of stack trace from previous location ---
         at System.Threading.ExecutionContext.RunInternal(ExecutionContext executionContext, ContextCallback callback, Object state)
         at System.Threading.Tasks.Task.ExecuteWithThreadLocal(Task& currentTaskSlot, Thread threadPoolThread)
      --- End of stack trace from previous location ---
         at Microsoft.EntityFrameworkCore.Storage.RelationalCommand.ExecuteReaderAsync(RelationalCommandParameterObject parameterObject, CancellationToken cancellationToken)
         at Microsoft.EntityFrameworkCore.Storage.RelationalCommand.ExecuteReaderAsync(RelationalCommandParameterObject parameterObject, CancellationToken cancellationToken)
         at Microsoft.EntityFrameworkCore.Update.ReaderModificationCommandBatch.ExecuteAsync(IRelationalConnection connection, CancellationToken cancellationToken)
      ClientConnectionId:3e33eb27-a591-4a6e-873a-f895fef0cb60
      Error Number:-2,State:0,Class:11
         --- End of inner exception stack trace ---
         at Microsoft.EntityFrameworkCore.Update.ReaderModificationCommandBatch.ExecuteAsync(IRelationalConnection connection, CancellationToken cancellationToken)
         at Microsoft.EntityFrameworkCore.SqlServer.Update.Internal.SqlServerModificationCommandBatch.ExecuteAsync(IRelationalConnection connection, CancellationToken cancellationToken)
         at Microsoft.EntityFrameworkCore.Update.Internal.BatchExecutor.ExecuteAsync(IEnumerable`1 commandBatches, IRelationalConnection connection, CancellationToken cancellationToken)
         at Microsoft.EntityFrameworkCore.Update.Internal.BatchExecutor.ExecuteAsync(IEnumerable`1 commandBatches, IRelationalConnection connection, CancellationToken cancellationToken)
         at Microsoft.EntityFrameworkCore.Update.Internal.BatchExecutor.ExecuteAsync(IEnumerable`1 commandBatches, IRelationalConnection connection, CancellationToken cancellationToken)
         at Microsoft.EntityFrameworkCore.ChangeTracking.Internal.StateManager.SaveChangesAsync(IList`1 entriesToSave, CancellationToken cancellationToken)
         at Microsoft.EntityFrameworkCore.ChangeTracking.Internal.StateManager.SaveChangesAsync(StateManager stateManager, Boolean acceptAllChangesOnSuccess, CancellationToken cancellationToken)
         at Microsoft.EntityFrameworkCore.SqlServer.Storage.Internal.SqlServerExecutionStrategy.ExecuteAsync[TState,TResult](TState state, Func`4 operation, Func`4 verifySucceeded, CancellationToken cancellationToken)
         at Microsoft.EntityFrameworkCore.DbContext.SaveChangesAsync(Boolean acceptAllChangesOnSuccess, CancellationToken cancellationToken)
fail: 19.04.2024 00:49:05.196 RelationalEventId.CommandError[20102] (Microsoft.EntityFrameworkCore.Database.Command) 
      Failed executing DbCommand (35,057ms) [Parameters=[@p3='?' (DbType = Int64), @p0='?' (Size = 4000), @p1='?' (DbType = DateTime2), @p2='?' (Size = 4000)], CommandType='Text', CommandTimeout='30']
      SET IMPLICIT_TRANSACTIONS OFF;
      SET NOCOUNT ON;
      UPDATE [Files] SET [FileName] = @p0, [LastActive] = @p1, [PathName] = @p2
      OUTPUT 1
      WHERE [Id] = @p3;
fail: 19.04.2024 00:49:05.250 CoreEventId.SaveChangesFailed[10000] (Microsoft.EntityFrameworkCore.Update) 
      An exception occurred in the database while saving changes for context type 'CarEdit_Server.BusinessLogic.ApplicationContext'.
      Microsoft.EntityFrameworkCore.DbUpdateException: An error occurred while saving the entity changes. See the inner exception for details.
       ---> Microsoft.Data.SqlClient.SqlException (0x80131904): Execution Timeout Expired.  The timeout period elapsed prior to completion of the operation or the server is not responding.
       ---> System.ComponentModel.Win32Exception (258): Время ожидания операции истекло.
         at Microsoft.Data.SqlClient.SqlCommand.<>c.<ExecuteDbDataReaderAsync>b__211_0(Task`1 result)
         at System.Threading.Tasks.ContinuationResultTaskFromResultTask`2.InnerInvoke()
         at System.Threading.ExecutionContext.RunInternal(ExecutionContext executionContext, ContextCallback callback, Object state)
      --- End of stack trace from previous location ---
         at System.Threading.ExecutionContext.RunInternal(ExecutionContext executionContext, ContextCallback callback, Object state)
         at System.Threading.Tasks.Task.ExecuteWithThreadLocal(Task& currentTaskSlot, Thread threadPoolThread)
      --- End of stack trace from previous location ---
         at Microsoft.EntityFrameworkCore.Storage.RelationalCommand.ExecuteReaderAsync(RelationalCommandParameterObject parameterObject, CancellationToken cancellationToken)
         at Microsoft.EntityFrameworkCore.Storage.RelationalCommand.ExecuteReaderAsync(RelationalCommandParameterObject parameterObject, CancellationToken cancellationToken)
         at Microsoft.EntityFrameworkCore.Update.ReaderModificationCommandBatch.ExecuteAsync(IRelationalConnection connection, CancellationToken cancellationToken)
      ClientConnectionId:1c712a79-7488-4fcc-b880-d3b38e5a6fef
      Error Number:-2,State:0,Class:11
         --- End of inner exception stack trace ---
         at Microsoft.EntityFrameworkCore.Update.ReaderModificationCommandBatch.ExecuteAsync(IRelationalConnection connection, CancellationToken cancellationToken)
         at Microsoft.EntityFrameworkCore.SqlServer.Update.Internal.SqlServerModificationCommandBatch.ExecuteAsync(IRelationalConnection connection, CancellationToken cancellationToken)
         at Microsoft.EntityFrameworkCore.Update.Internal.BatchExecutor.ExecuteAsync(IEnumerable`1 commandBatches, IRelationalConnection connection, CancellationToken cancellationToken)
         at Microsoft.EntityFrameworkCore.Update.Internal.BatchExecutor.ExecuteAsync(IEnumerable`1 commandBatches, IRelationalConnection connection, CancellationToken cancellationToken)
         at Microsoft.EntityFrameworkCore.Update.Internal.BatchExecutor.ExecuteAsync(IEnumerable`1 commandBatches, IRelationalConnection connection, CancellationToken cancellationToken)
         at Microsoft.EntityFrameworkCore.ChangeTracking.Internal.StateManager.SaveChangesAsync(IList`1 entriesToSave, CancellationToken cancellationToken)
         at Microsoft.EntityFrameworkCore.ChangeTracking.Internal.StateManager.SaveChangesAsync(StateManager stateManager, Boolean acceptAllChangesOnSuccess, CancellationToken cancellationToken)
         at Microsoft.EntityFrameworkCore.SqlServer.Storage.Internal.SqlServerExecutionStrategy.ExecuteAsync[TState,TResult](TState state, Func`4 operation, Func`4 verifySucceeded, CancellationToken cancellationToken)
         at Microsoft.EntityFrameworkCore.DbContext.SaveChangesAsync(Boolean acceptAllChangesOnSuccess, CancellationToken cancellationToken)
fail: 19.04.2024 00:49:20.669 RelationalEventId.ConnectionError[20004] (Microsoft.EntityFrameworkCore.Database.Connection) 
      An error occurred using the connection to database 'db_aa1815_volt' on server 'SQL6031.site4now.net'.
fail: 19.04.2024 00:49:20.674 CoreEventId.QueryIterationFailed[10100] (Microsoft.EntityFrameworkCore.Query) 
      An exception occurred while iterating over the results of a query for context type 'CarEdit_Server.BusinessLogic.ApplicationContext'.
      Microsoft.Data.SqlClient.SqlException (0x80131904): A connection was successfully established with the server, but then an error occurred during the pre-login handshake. (provider: SSL Provider, error: 0 - Время ожидания операции истекло.)
       ---> System.ComponentModel.Win32Exception (258): Время ожидания операции истекло.
         at Microsoft.Data.SqlClient.SqlInternalConnection.OnError(SqlException exception, Boolean breakConnection, Action`1 wrapCloseInAction)
         at Microsoft.Data.SqlClient.TdsParser.ThrowExceptionAndWarning(TdsParserStateObject stateObj, Boolean callerHasConnectionLock, Boolean asyncClose)
         at Microsoft.Data.SqlClient.TdsParser.WaitForSSLHandShakeToComplete(UInt32& error, Int32& protocolVersion)
         at Microsoft.Data.SqlClient.TdsParser.EnableSsl(UInt32 info, SqlConnectionEncryptOption encrypt, Boolean integratedSecurity, String serverCertificateFilename)
         at Microsoft.Data.SqlClient.TdsParser.ConsumePreLoginHandshake(SqlConnectionEncryptOption encrypt, Boolean trustServerCert, Boolean integratedSecurity, Boolean& marsCapable, Boolean& fedAuthRequired, Boolean tlsFirst, String serverCert)
         at Microsoft.Data.SqlClient.TdsParser.Connect(ServerInfo serverInfo, SqlInternalConnectionTds connHandler, Boolean ignoreSniOpenTimeout, Int64 timerExpire, SqlConnectionString connectionOptions, Boolean withFailover)
         at Microsoft.Data.SqlClient.SqlInternalConnectionTds.AttemptOneLogin(ServerInfo serverInfo, String newPassword, SecureString newSecurePassword, Boolean ignoreSniOpenTimeout, TimeoutTimer timeout, Boolean withFailover)
         at Microsoft.Data.SqlClient.SqlInternalConnectionTds.LoginNoFailover(ServerInfo serverInfo, String newPassword, SecureString newSecurePassword, Boolean redirectedUserInstance, SqlConnectionString connectionOptions, SqlCredential credential, TimeoutTimer timeout)
         at Microsoft.Data.SqlClient.SqlInternalConnectionTds.OpenLoginEnlist(TimeoutTimer timeout, SqlConnectionString connectionOptions, SqlCredential credential, String newPassword, SecureString newSecurePassword, Boolean redirectedUserInstance)
         at Microsoft.Data.SqlClient.SqlInternalConnectionTds..ctor(DbConnectionPoolIdentity identity, SqlConnectionString connectionOptions, SqlCredential credential, Object providerInfo, String newPassword, SecureString newSecurePassword, Boolean redirectedUserInstance, SqlConnectionString userConnectionOptions, SessionData reconnectSessionData, Boolean applyTransientFaultHandling, String accessToken, DbConnectionPool pool)
         at Microsoft.Data.SqlClient.SqlConnectionFactory.CreateConnection(DbConnectionOptions options, DbConnectionPoolKey poolKey, Object poolGroupProviderInfo, DbConnectionPool pool, DbConnection owningConnection, DbConnectionOptions userOptions)
         at Microsoft.Data.ProviderBase.DbConnectionFactory.CreatePooledConnection(DbConnectionPool pool, DbConnection owningObject, DbConnectionOptions options, DbConnectionPoolKey poolKey, DbConnectionOptions userOptions)
         at Microsoft.Data.ProviderBase.DbConnectionPool.CreateObject(DbConnection owningObject, DbConnectionOptions userOptions, DbConnectionInternal oldConnection)
         at Microsoft.Data.ProviderBase.DbConnectionPool.UserCreateRequest(DbConnection owningObject, DbConnectionOptions userOptions, DbConnectionInternal oldConnection)
         at Microsoft.Data.ProviderBase.DbConnectionPool.TryGetConnection(DbConnection owningObject, UInt32 waitForMultipleObjectsTimeout, Boolean allowCreate, Boolean onlyOneCheckConnection, DbConnectionOptions userOptions, DbConnectionInternal& connection)
         at Microsoft.Data.ProviderBase.DbConnectionPool.WaitForPendingOpen()
      --- End of stack trace from previous location ---
         at Microsoft.EntityFrameworkCore.Storage.RelationalConnection.OpenInternalAsync(Boolean errorsExpected, CancellationToken cancellationToken)
         at Microsoft.EntityFrameworkCore.Storage.RelationalConnection.OpenInternalAsync(Boolean errorsExpected, CancellationToken cancellationToken)
         at Microsoft.EntityFrameworkCore.Storage.RelationalConnection.OpenAsync(CancellationToken cancellationToken, Boolean errorsExpected)
         at Microsoft.EntityFrameworkCore.Storage.RelationalCommand.ExecuteReaderAsync(RelationalCommandParameterObject parameterObject, CancellationToken cancellationToken)
         at Microsoft.EntityFrameworkCore.Query.Internal.SingleQueryingEnumerable`1.AsyncEnumerator.InitializeReaderAsync(AsyncEnumerator enumerator, CancellationToken cancellationToken)
         at Microsoft.EntityFrameworkCore.SqlServer.Storage.Internal.SqlServerExecutionStrategy.ExecuteAsync[TState,TResult](TState state, Func`4 operation, Func`4 verifySucceeded, CancellationToken cancellationToken)
         at Microsoft.EntityFrameworkCore.Query.Internal.SingleQueryingEnumerable`1.AsyncEnumerator.MoveNextAsync()
      ClientConnectionId:3d8db3c5-5b19-4eb6-9ff6-a3b9423dc033
      Error Number:258,State:0,Class:20
fail: 19.04.2024 00:50:00.321 RelationalEventId.ConnectionError[20004] (Microsoft.EntityFrameworkCore.Database.Connection) 
      An error occurred using the connection to database 'db_aa1815_volt' on server 'SQL6031.site4now.net'.
fail: 19.04.2024 00:50:00.335 CoreEventId.QueryIterationFailed[10100] (Microsoft.EntityFrameworkCore.Query) 
      An exception occurred while iterating over the results of a query for context type 'CarEdit_Server.BusinessLogic.ApplicationContext'.
      Microsoft.Data.SqlClient.SqlException (0x80131904): Connection Timeout Expired.  The timeout period elapsed while attempting to consume the pre-login handshake acknowledgement.  This could be because the pre-login handshake failed or the server was unable to respond back in time.  The duration spent while attempting to connect to this server was - [Pre-Login] initialization=56; handshake=14955; 
       ---> System.ComponentModel.Win32Exception (258): Время ожидания операции истекло.
         at Microsoft.Data.SqlClient.SqlInternalConnection.OnError(SqlException exception, Boolean breakConnection, Action`1 wrapCloseInAction)
         at Microsoft.Data.SqlClient.TdsParser.ThrowExceptionAndWarning(TdsParserStateObject stateObj, Boolean callerHasConnectionLock, Boolean asyncClose)
         at Microsoft.Data.SqlClient.TdsParserStateObject.ThrowExceptionAndWarning(Boolean callerHasConnectionLock, Boolean asyncClose)
         at Microsoft.Data.SqlClient.TdsParserStateObject.ReadSniError(TdsParserStateObject stateObj, UInt32 error)
         at Microsoft.Data.SqlClient.TdsParserStateObject.ReadSniSyncOverAsync()
         at Microsoft.Data.SqlClient.TdsParserStateObject.TryReadNetworkPacket()
         at Microsoft.Data.SqlClient.TdsParser.ConsumePreLoginHandshake(SqlConnectionEncryptOption encrypt, Boolean trustServerCert, Boolean integratedSecurity, Boolean& marsCapable, Boolean& fedAuthRequired, Boolean tlsFirst, String serverCert)
         at Microsoft.Data.SqlClient.TdsParser.Connect(ServerInfo serverInfo, SqlInternalConnectionTds connHandler, Boolean ignoreSniOpenTimeout, Int64 timerExpire, SqlConnectionString connectionOptions, Boolean withFailover)
         at Microsoft.Data.SqlClient.SqlInternalConnectionTds.AttemptOneLogin(ServerInfo serverInfo, String newPassword, SecureString newSecurePassword, Boolean ignoreSniOpenTimeout, TimeoutTimer timeout, Boolean withFailover)
         at Microsoft.Data.SqlClient.SqlInternalConnectionTds.LoginNoFailover(ServerInfo serverInfo, String newPassword, SecureString newSecurePassword, Boolean redirectedUserInstance, SqlConnectionString connectionOptions, SqlCredential credential, TimeoutTimer timeout)
         at Microsoft.Data.SqlClient.SqlInternalConnectionTds.OpenLoginEnlist(TimeoutTimer timeout, SqlConnectionString connectionOptions, SqlCredential credential, String newPassword, SecureString newSecurePassword, Boolean redirectedUserInstance)
         at Microsoft.Data.SqlClient.SqlInternalConnectionTds..ctor(DbConnectionPoolIdentity identity, SqlConnectionString connectionOptions, SqlCredential credential, Object providerInfo, String newPassword, SecureString newSecurePassword, Boolean redirectedUserInstance, SqlConnectionString userConnectionOptions, SessionData reconnectSessionData, Boolean applyTransientFaultHandling, String accessToken, DbConnectionPool pool)
         at Microsoft.Data.SqlClient.SqlConnectionFactory.CreateConnection(DbConnectionOptions options, DbConnectionPoolKey poolKey, Object poolGroupProviderInfo, DbConnectionPool pool, DbConnection owningConnection, DbConnectionOptions userOptions)
         at Microsoft.Data.ProviderBase.DbConnectionFactory.CreatePooledConnection(DbConnectionPool pool, DbConnection owningObject, DbConnectionOptions options, DbConnectionPoolKey poolKey, DbConnectionOptions userOptions)
         at Microsoft.Data.ProviderBase.DbConnectionPool.CreateObject(DbConnection owningObject, DbConnectionOptions userOptions, DbConnectionInternal oldConnection)
         at Microsoft.Data.ProviderBase.DbConnectionPool.UserCreateRequest(DbConnection owningObject, DbConnectionOptions userOptions, DbConnectionInternal oldConnection)
         at Microsoft.Data.ProviderBase.DbConnectionPool.TryGetConnection(DbConnection owningObject, UInt32 waitForMultipleObjectsTimeout, Boolean allowCreate, Boolean onlyOneCheckConnection, DbConnectionOptions userOptions, DbConnectionInternal& connection)
         at Microsoft.Data.ProviderBase.DbConnectionPool.WaitForPendingOpen()
      --- End of stack trace from previous location ---
         at Microsoft.EntityFrameworkCore.Storage.RelationalConnection.OpenInternalAsync(Boolean errorsExpected, CancellationToken cancellationToken)
         at Microsoft.EntityFrameworkCore.Storage.RelationalConnection.OpenInternalAsync(Boolean errorsExpected, CancellationToken cancellationToken)
         at Microsoft.EntityFrameworkCore.Storage.RelationalConnection.OpenAsync(CancellationToken cancellationToken, Boolean errorsExpected)
         at Microsoft.EntityFrameworkCore.Storage.RelationalCommand.ExecuteReaderAsync(RelationalCommandParameterObject parameterObject, CancellationToken cancellationToken)
         at Microsoft.EntityFrameworkCore.Query.Internal.SingleQueryingEnumerable`1.AsyncEnumerator.InitializeReaderAsync(AsyncEnumerator enumerator, CancellationToken cancellationToken)
         at Microsoft.EntityFrameworkCore.SqlServer.Storage.Internal.SqlServerExecutionStrategy.ExecuteAsync[TState,TResult](TState state, Func`4 operation, Func`4 verifySucceeded, CancellationToken cancellationToken)
         at Microsoft.EntityFrameworkCore.Query.Internal.SingleQueryingEnumerable`1.AsyncEnumerator.MoveNextAsync()
      ClientConnectionId:b03f0439-fa33-42b5-84bd-93a086791315
      Error Number:-2,State:0,Class:11
fail: 22.04.2024 18:03:00.446 RelationalEventId.CommandError[20102] (Microsoft.EntityFrameworkCore.Database.Command) 
      Failed executing DbCommand (35,110ms) [Parameters=[@__session_0='?' (DbType = Int64)], CommandType='Text', CommandTimeout='30']
      SELECT TOP(1) [s].[Id], [s].[UpdateDateTime], [s].[UserId], [s].[Value]
      FROM [Sessions] AS [s]
      WHERE [s].[Value] = @__session_0
fail: 22.04.2024 18:03:00.492 CoreEventId.QueryIterationFailed[10100] (Microsoft.EntityFrameworkCore.Query) 
      An exception occurred while iterating over the results of a query for context type 'CarEdit_Server.BusinessLogic.ApplicationContext'.
      Microsoft.Data.SqlClient.SqlException (0x80131904): Execution Timeout Expired.  The timeout period elapsed prior to completion of the operation or the server is not responding.
       ---> System.ComponentModel.Win32Exception (258): Время ожидания операции истекло.
         at Microsoft.Data.SqlClient.SqlCommand.<>c.<ExecuteDbDataReaderAsync>b__211_0(Task`1 result)
         at System.Threading.Tasks.ContinuationResultTaskFromResultTask`2.InnerInvoke()
         at System.Threading.ExecutionContext.RunInternal(ExecutionContext executionContext, ContextCallback callback, Object state)
      --- End of stack trace from previous location ---
         at System.Threading.ExecutionContext.RunInternal(ExecutionContext executionContext, ContextCallback callback, Object state)
         at System.Threading.Tasks.Task.ExecuteWithThreadLocal(Task& currentTaskSlot, Thread threadPoolThread)
      --- End of stack trace from previous location ---
         at Microsoft.EntityFrameworkCore.Storage.RelationalCommand.ExecuteReaderAsync(RelationalCommandParameterObject parameterObject, CancellationToken cancellationToken)
         at Microsoft.EntityFrameworkCore.Storage.RelationalCommand.ExecuteReaderAsync(RelationalCommandParameterObject parameterObject, CancellationToken cancellationToken)
         at Microsoft.EntityFrameworkCore.Query.Internal.SingleQueryingEnumerable`1.AsyncEnumerator.InitializeReaderAsync(AsyncEnumerator enumerator, CancellationToken cancellationToken)
         at Microsoft.EntityFrameworkCore.SqlServer.Storage.Internal.SqlServerExecutionStrategy.ExecuteAsync[TState,TResult](TState state, Func`4 operation, Func`4 verifySucceeded, CancellationToken cancellationToken)
         at Microsoft.EntityFrameworkCore.Query.Internal.SingleQueryingEnumerable`1.AsyncEnumerator.MoveNextAsync()
      ClientConnectionId:bd8c9fe7-d18d-4743-b314-e113cc29ee2a
      Error Number:-2,State:0,Class:11
fail: 24.04.2024 00:25:32.170 RelationalEventId.CommandError[20102] (Microsoft.EntityFrameworkCore.Database.Command) 
      Failed executing DbCommand (135ms) [Parameters=[], CommandType='Text', CommandTimeout='30']
      SELECT [u].[Id], [u].[Days], [u].[OperationCount], [u].[UserId]
      FROM [UserResources] AS [u]
      WHERE [u].[Days] = 0.0E0
fail: 24.04.2024 00:25:32.185 CoreEventId.QueryIterationFailed[10100] (Microsoft.EntityFrameworkCore.Query) 
      An exception occurred while iterating over the results of a query for context type 'CarEdit_Server.BusinessLogic.ApplicationContext'.
      Microsoft.Data.SqlClient.SqlException (0x80131904): A transport-level error has occurred when receiving results from the server. (provider: Session Provider, error: 19 - Physical connection is not usable)
         at Microsoft.Data.SqlClient.SqlCommand.<>c.<ExecuteDbDataReaderAsync>b__211_0(Task`1 result)
         at System.Threading.Tasks.ContinuationResultTaskFromResultTask`2.InnerInvoke()
         at System.Threading.ExecutionContext.RunInternal(ExecutionContext executionContext, ContextCallback callback, Object state)
      --- End of stack trace from previous location ---
         at System.Threading.ExecutionContext.RunInternal(ExecutionContext executionContext, ContextCallback callback, Object state)
         at System.Threading.Tasks.Task.ExecuteWithThreadLocal(Task& currentTaskSlot, Thread threadPoolThread)
      --- End of stack trace from previous location ---
         at Microsoft.EntityFrameworkCore.Storage.RelationalCommand.ExecuteReaderAsync(RelationalCommandParameterObject parameterObject, CancellationToken cancellationToken)
         at Microsoft.EntityFrameworkCore.Storage.RelationalCommand.ExecuteReaderAsync(RelationalCommandParameterObject parameterObject, CancellationToken cancellationToken)
         at Microsoft.EntityFrameworkCore.Query.Internal.SingleQueryingEnumerable`1.AsyncEnumerator.InitializeReaderAsync(AsyncEnumerator enumerator, CancellationToken cancellationToken)
         at Microsoft.EntityFrameworkCore.SqlServer.Storage.Internal.SqlServerExecutionStrategy.ExecuteAsync[TState,TResult](TState state, Func`4 operation, Func`4 verifySucceeded, CancellationToken cancellationToken)
         at Microsoft.EntityFrameworkCore.Query.Internal.SingleQueryingEnumerable`1.AsyncEnumerator.MoveNextAsync()
      ClientConnectionId:4210f34a-fe40-4094-b79f-73dc9b065f08
      Error Number:-1,State:0,Class:20
fail: 27.04.2024 18:12:00.343 CoreEventId.QueryIterationFailed[10100] (Microsoft.EntityFrameworkCore.Query) 
      An exception occurred while iterating over the results of a query for context type 'CarEdit_Server.BusinessLogic.ApplicationContext'.
      System.InvalidCastException: Unable to cast object of type 'System.String' to type 'System.Int64'.
         at Microsoft.Data.SqlClient.SqlBuffer.get_Int64()
         at Microsoft.Data.SqlClient.SqlDataReader.GetInt64(Int32 i)
         at lambda_method50(Closure, QueryContext, DbDataReader, ResultContext, SingleQueryResultCoordinator)
         at Microsoft.EntityFrameworkCore.Query.Internal.SingleQueryingEnumerable`1.AsyncEnumerator.MoveNextAsync()
fail: 27.04.2024 18:12:29.985 CoreEventId.QueryIterationFailed[10100] (Microsoft.EntityFrameworkCore.Query) 
      An exception occurred while iterating over the results of a query for context type 'CarEdit_Server.BusinessLogic.ApplicationContext'.
      System.InvalidCastException: Unable to cast object of type 'System.String' to type 'System.Int64'.
         at Microsoft.Data.SqlClient.SqlBuffer.get_Int64()
         at Microsoft.Data.SqlClient.SqlDataReader.GetInt64(Int32 i)
         at lambda_method50(Closure, QueryContext, DbDataReader, ResultContext, SingleQueryResultCoordinator)
         at Microsoft.EntityFrameworkCore.Query.Internal.SingleQueryingEnumerable`1.AsyncEnumerator.MoveNextAsync()
fail: 27.04.2024 18:12:43.961 CoreEventId.QueryIterationFailed[10100] (Microsoft.EntityFrameworkCore.Query) 
      An exception occurred while iterating over the results of a query for context type 'CarEdit_Server.BusinessLogic.ApplicationContext'.
      Microsoft.Data.SqlClient.SqlException (0x80131904): Error converting data type nvarchar to bigint.
         at Microsoft.Data.SqlClient.SqlConnection.OnError(SqlException exception, Boolean breakConnection, Action`1 wrapCloseInAction)
         at Microsoft.Data.SqlClient.SqlInternalConnection.OnError(SqlException exception, Boolean breakConnection, Action`1 wrapCloseInAction)
         at Microsoft.Data.SqlClient.TdsParser.ThrowExceptionAndWarning(TdsParserStateObject stateObj, Boolean callerHasConnectionLock, Boolean asyncClose)
         at Microsoft.Data.SqlClient.TdsParser.TryRun(RunBehavior runBehavior, SqlCommand cmdHandler, SqlDataReader dataStream, BulkCopySimpleResultSet bulkCopyHandler, TdsParserStateObject stateObj, Boolean& dataReady)
         at Microsoft.Data.SqlClient.SqlDataReader.TryHasMoreRows(Boolean& moreRows)
         at Microsoft.Data.SqlClient.SqlDataReader.TryReadInternal(Boolean setTimeout, Boolean& more)
         at Microsoft.Data.SqlClient.SqlDataReader.ReadAsyncExecute(Task task, Object state)
         at Microsoft.Data.SqlClient.SqlDataReader.InvokeAsyncCall[T](SqlDataReaderBaseAsyncCallContext`1 context)
      --- End of stack trace from previous location ---
         at Microsoft.EntityFrameworkCore.Query.Internal.SingleQueryingEnumerable`1.AsyncEnumerator.MoveNextAsync()
      ClientConnectionId:a193b4fc-bee5-4a18-b931-022e9ea1ac53
      Error Number:8114,State:5,Class:16
fail: 27.04.2024 18:12:54.689 CoreEventId.QueryIterationFailed[10100] (Microsoft.EntityFrameworkCore.Query) 
      An exception occurred while iterating over the results of a query for context type 'CarEdit_Server.BusinessLogic.ApplicationContext'.
      Microsoft.Data.SqlClient.SqlException (0x80131904): Error converting data type nvarchar to bigint.
         at Microsoft.Data.SqlClient.SqlConnection.OnError(SqlException exception, Boolean breakConnection, Action`1 wrapCloseInAction)
         at Microsoft.Data.SqlClient.SqlInternalConnection.OnError(SqlException exception, Boolean breakConnection, Action`1 wrapCloseInAction)
         at Microsoft.Data.SqlClient.TdsParser.ThrowExceptionAndWarning(TdsParserStateObject stateObj, Boolean callerHasConnectionLock, Boolean asyncClose)
         at Microsoft.Data.SqlClient.TdsParser.TryRun(RunBehavior runBehavior, SqlCommand cmdHandler, SqlDataReader dataStream, BulkCopySimpleResultSet bulkCopyHandler, TdsParserStateObject stateObj, Boolean& dataReady)
         at Microsoft.Data.SqlClient.SqlDataReader.TryHasMoreRows(Boolean& moreRows)
         at Microsoft.Data.SqlClient.SqlDataReader.TryReadInternal(Boolean setTimeout, Boolean& more)
         at Microsoft.Data.SqlClient.SqlDataReader.ReadAsyncExecute(Task task, Object state)
         at Microsoft.Data.SqlClient.SqlDataReader.InvokeAsyncCall[T](SqlDataReaderBaseAsyncCallContext`1 context)
      --- End of stack trace from previous location ---
         at Microsoft.EntityFrameworkCore.Query.Internal.SingleQueryingEnumerable`1.AsyncEnumerator.MoveNextAsync()
      ClientConnectionId:a193b4fc-bee5-4a18-b931-022e9ea1ac53
      Error Number:8114,State:5,Class:16
fail: 27.04.2024 18:12:56.122 CoreEventId.QueryIterationFailed[10100] (Microsoft.EntityFrameworkCore.Query) 
      An exception occurred while iterating over the results of a query for context type 'CarEdit_Server.BusinessLogic.ApplicationContext'.
      Microsoft.Data.SqlClient.SqlException (0x80131904): Error converting data type nvarchar to bigint.
         at Microsoft.Data.SqlClient.SqlConnection.OnError(SqlException exception, Boolean breakConnection, Action`1 wrapCloseInAction)
         at Microsoft.Data.SqlClient.SqlInternalConnection.OnError(SqlException exception, Boolean breakConnection, Action`1 wrapCloseInAction)
         at Microsoft.Data.SqlClient.TdsParser.ThrowExceptionAndWarning(TdsParserStateObject stateObj, Boolean callerHasConnectionLock, Boolean asyncClose)
         at Microsoft.Data.SqlClient.TdsParser.TryRun(RunBehavior runBehavior, SqlCommand cmdHandler, SqlDataReader dataStream, BulkCopySimpleResultSet bulkCopyHandler, TdsParserStateObject stateObj, Boolean& dataReady)
         at Microsoft.Data.SqlClient.SqlDataReader.TryHasMoreRows(Boolean& moreRows)
         at Microsoft.Data.SqlClient.SqlDataReader.TryReadInternal(Boolean setTimeout, Boolean& more)
         at Microsoft.Data.SqlClient.SqlDataReader.ReadAsyncExecute(Task task, Object state)
         at Microsoft.Data.SqlClient.SqlDataReader.InvokeAsyncCall[T](SqlDataReaderBaseAsyncCallContext`1 context)
      --- End of stack trace from previous location ---
         at Microsoft.EntityFrameworkCore.Query.Internal.SingleQueryingEnumerable`1.AsyncEnumerator.MoveNextAsync()
      ClientConnectionId:a193b4fc-bee5-4a18-b931-022e9ea1ac53
      Error Number:8114,State:5,Class:16
fail: 27.04.2024 18:13:30.113 CoreEventId.QueryIterationFailed[10100] (Microsoft.EntityFrameworkCore.Query) 
      An exception occurred while iterating over the results of a query for context type 'CarEdit_Server.BusinessLogic.ApplicationContext'.
      Microsoft.Data.SqlClient.SqlException (0x80131904): Error converting data type nvarchar to bigint.
         at Microsoft.Data.SqlClient.SqlConnection.OnError(SqlException exception, Boolean breakConnection, Action`1 wrapCloseInAction)
         at Microsoft.Data.SqlClient.SqlInternalConnection.OnError(SqlException exception, Boolean breakConnection, Action`1 wrapCloseInAction)
         at Microsoft.Data.SqlClient.TdsParser.ThrowExceptionAndWarning(TdsParserStateObject stateObj, Boolean callerHasConnectionLock, Boolean asyncClose)
         at Microsoft.Data.SqlClient.TdsParser.TryRun(RunBehavior runBehavior, SqlCommand cmdHandler, SqlDataReader dataStream, BulkCopySimpleResultSet bulkCopyHandler, TdsParserStateObject stateObj, Boolean& dataReady)
         at Microsoft.Data.SqlClient.SqlDataReader.TryHasMoreRows(Boolean& moreRows)
         at Microsoft.Data.SqlClient.SqlDataReader.TryReadInternal(Boolean setTimeout, Boolean& more)
         at Microsoft.Data.SqlClient.SqlDataReader.ReadAsyncExecute(Task task, Object state)
         at Microsoft.Data.SqlClient.SqlDataReader.InvokeAsyncCall[T](SqlDataReaderBaseAsyncCallContext`1 context)
      --- End of stack trace from previous location ---
         at Microsoft.EntityFrameworkCore.Query.Internal.SingleQueryingEnumerable`1.AsyncEnumerator.MoveNextAsync()
      ClientConnectionId:e7698568-713c-46c5-9a81-848d2d2cb64e
      Error Number:8114,State:5,Class:16
fail: 01.05.2024 23:57:18.133 RelationalEventId.ConnectionError[20004] (Microsoft.EntityFrameworkCore.Database.Connection) 
      An error occurred using the connection to database 'db_aa1815_volt' on server 'SQL6031.site4now.net'.
fail: 01.05.2024 23:57:18.151 CoreEventId.QueryIterationFailed[10100] (Microsoft.EntityFrameworkCore.Query) 
      An exception occurred while iterating over the results of a query for context type 'CarEdit_Server.BusinessLogic.ApplicationContext'.
      Microsoft.Data.SqlClient.SqlException (0x80131904): A network-related or instance-specific error occurred while establishing a connection to SQL Server. The server was not found or was not accessible. Verify that the instance name is correct and that SQL Server is configured to allow remote connections. (provider: Named Pipes Provider, error: 40 - Could not open a connection to SQL Server)
       ---> System.ComponentModel.Win32Exception (53): Не найден сетевой путь.
         at Microsoft.Data.SqlClient.SqlInternalConnection.OnError(SqlException exception, Boolean breakConnection, Action`1 wrapCloseInAction)
         at Microsoft.Data.SqlClient.TdsParser.ThrowExceptionAndWarning(TdsParserStateObject stateObj, Boolean callerHasConnectionLock, Boolean asyncClose)
         at Microsoft.Data.SqlClient.TdsParser.Connect(ServerInfo serverInfo, SqlInternalConnectionTds connHandler, Boolean ignoreSniOpenTimeout, Int64 timerExpire, SqlConnectionString connectionOptions, Boolean withFailover)
         at Microsoft.Data.SqlClient.SqlInternalConnectionTds.AttemptOneLogin(ServerInfo serverInfo, String newPassword, SecureString newSecurePassword, Boolean ignoreSniOpenTimeout, TimeoutTimer timeout, Boolean withFailover)
         at Microsoft.Data.SqlClient.SqlInternalConnectionTds.LoginNoFailover(ServerInfo serverInfo, String newPassword, SecureString newSecurePassword, Boolean redirectedUserInstance, SqlConnectionString connectionOptions, SqlCredential credential, TimeoutTimer timeout)
         at Microsoft.Data.SqlClient.SqlInternalConnectionTds.OpenLoginEnlist(TimeoutTimer timeout, SqlConnectionString connectionOptions, SqlCredential credential, String newPassword, SecureString newSecurePassword, Boolean redirectedUserInstance)
         at Microsoft.Data.SqlClient.SqlInternalConnectionTds..ctor(DbConnectionPoolIdentity identity, SqlConnectionString connectionOptions, SqlCredential credential, Object providerInfo, String newPassword, SecureString newSecurePassword, Boolean redirectedUserInstance, SqlConnectionString userConnectionOptions, SessionData reconnectSessionData, Boolean applyTransientFaultHandling, String accessToken, DbConnectionPool pool)
         at Microsoft.Data.SqlClient.SqlConnectionFactory.CreateConnection(DbConnectionOptions options, DbConnectionPoolKey poolKey, Object poolGroupProviderInfo, DbConnectionPool pool, DbConnection owningConnection, DbConnectionOptions userOptions)
         at Microsoft.Data.ProviderBase.DbConnectionFactory.CreatePooledConnection(DbConnectionPool pool, DbConnection owningObject, DbConnectionOptions options, DbConnectionPoolKey poolKey, DbConnectionOptions userOptions)
         at Microsoft.Data.ProviderBase.DbConnectionPool.CreateObject(DbConnection owningObject, DbConnectionOptions userOptions, DbConnectionInternal oldConnection)
         at Microsoft.Data.ProviderBase.DbConnectionPool.UserCreateRequest(DbConnection owningObject, DbConnectionOptions userOptions, DbConnectionInternal oldConnection)
         at Microsoft.Data.ProviderBase.DbConnectionPool.TryGetConnection(DbConnection owningObject, UInt32 waitForMultipleObjectsTimeout, Boolean allowCreate, Boolean onlyOneCheckConnection, DbConnectionOptions userOptions, DbConnectionInternal& connection)
         at Microsoft.Data.ProviderBase.DbConnectionPool.WaitForPendingOpen()
      --- End of stack trace from previous location ---
         at Microsoft.EntityFrameworkCore.Storage.RelationalConnection.OpenInternalAsync(Boolean errorsExpected, CancellationToken cancellationToken)
         at Microsoft.EntityFrameworkCore.Storage.RelationalConnection.OpenInternalAsync(Boolean errorsExpected, CancellationToken cancellationToken)
         at Microsoft.EntityFrameworkCore.Storage.RelationalConnection.OpenAsync(CancellationToken cancellationToken, Boolean errorsExpected)
         at Microsoft.EntityFrameworkCore.Storage.RelationalCommand.ExecuteReaderAsync(RelationalCommandParameterObject parameterObject, CancellationToken cancellationToken)
         at Microsoft.EntityFrameworkCore.Query.Internal.SingleQueryingEnumerable`1.AsyncEnumerator.InitializeReaderAsync(AsyncEnumerator enumerator, CancellationToken cancellationToken)
         at Microsoft.EntityFrameworkCore.SqlServer.Storage.Internal.SqlServerExecutionStrategy.ExecuteAsync[TState,TResult](TState state, Func`4 operation, Func`4 verifySucceeded, CancellationToken cancellationToken)
         at Microsoft.EntityFrameworkCore.Query.Internal.SingleQueryingEnumerable`1.AsyncEnumerator.MoveNextAsync()
      ClientConnectionId:00000000-0000-0000-0000-000000000000
      Error Number:53,State:0,Class:20
fail: 01.05.2024 23:57:18.431 RelationalEventId.ConnectionError[20004] (Microsoft.EntityFrameworkCore.Database.Connection) 
      An error occurred using the connection to database 'db_aa1815_volt' on server 'SQL6031.site4now.net'.
fail: 01.05.2024 23:57:18.434 CoreEventId.QueryIterationFailed[10100] (Microsoft.EntityFrameworkCore.Query) 
      An exception occurred while iterating over the results of a query for context type 'CarEdit_Server.BusinessLogic.ApplicationContext'.
      Microsoft.Data.SqlClient.SqlException (0x80131904): A network-related or instance-specific error occurred while establishing a connection to SQL Server. The server was not found or was not accessible. Verify that the instance name is correct and that SQL Server is configured to allow remote connections. (provider: Named Pipes Provider, error: 40 - Could not open a connection to SQL Server)
       ---> System.ComponentModel.Win32Exception (53): Не найден сетевой путь.
         at Microsoft.Data.ProviderBase.DbConnectionPool.TryGetConnection(DbConnection owningObject, UInt32 waitForMultipleObjectsTimeout, Boolean allowCreate, Boolean onlyOneCheckConnection, DbConnectionOptions userOptions, DbConnectionInternal& connection)
         at Microsoft.Data.ProviderBase.DbConnectionPool.TryGetConnection(DbConnection owningObject, TaskCompletionSource`1 retry, DbConnectionOptions userOptions, DbConnectionInternal& connection)
         at Microsoft.Data.ProviderBase.DbConnectionFactory.TryGetConnection(DbConnection owningConnection, TaskCompletionSource`1 retry, DbConnectionOptions userOptions, DbConnectionInternal oldConnection, DbConnectionInternal& connection)
         at Microsoft.Data.ProviderBase.DbConnectionInternal.TryOpenConnectionInternal(DbConnection outerConnection, DbConnectionFactory connectionFactory, TaskCompletionSource`1 retry, DbConnectionOptions userOptions)
         at Microsoft.Data.ProviderBase.DbConnectionClosed.TryOpenConnection(DbConnection outerConnection, DbConnectionFactory connectionFactory, TaskCompletionSource`1 retry, DbConnectionOptions userOptions)
         at Microsoft.Data.SqlClient.SqlConnection.TryOpen(TaskCompletionSource`1 retry, SqlConnectionOverrides overrides)
         at Microsoft.Data.SqlClient.SqlConnection.InternalOpenAsync(CancellationToken cancellationToken)
      --- End of stack trace from previous location ---
         at Microsoft.EntityFrameworkCore.Storage.RelationalConnection.OpenInternalAsync(Boolean errorsExpected, CancellationToken cancellationToken)
         at Microsoft.EntityFrameworkCore.Storage.RelationalConnection.OpenInternalAsync(Boolean errorsExpected, CancellationToken cancellationToken)
         at Microsoft.EntityFrameworkCore.Storage.RelationalConnection.OpenAsync(CancellationToken cancellationToken, Boolean errorsExpected)
         at Microsoft.EntityFrameworkCore.Storage.RelationalCommand.ExecuteReaderAsync(RelationalCommandParameterObject parameterObject, CancellationToken cancellationToken)
         at Microsoft.EntityFrameworkCore.Query.Internal.SingleQueryingEnumerable`1.AsyncEnumerator.InitializeReaderAsync(AsyncEnumerator enumerator, CancellationToken cancellationToken)
         at Microsoft.EntityFrameworkCore.SqlServer.Storage.Internal.SqlServerExecutionStrategy.ExecuteAsync[TState,TResult](TState state, Func`4 operation, Func`4 verifySucceeded, CancellationToken cancellationToken)
         at Microsoft.EntityFrameworkCore.Query.Internal.SingleQueryingEnumerable`1.AsyncEnumerator.MoveNextAsync()
      ClientConnectionId:00000000-0000-0000-0000-000000000000
      Error Number:53,State:0,Class:20
fail: 02.05.2024 00:25:45.400 RelationalEventId.ConnectionError[20004] (Microsoft.EntityFrameworkCore.Database.Connection) 
      An error occurred using the connection to database 'db_aa1815_volt' on server 'SQL6031.site4now.net'.
fail: 02.05.2024 00:25:45.443 CoreEventId.QueryIterationFailed[10100] (Microsoft.EntityFrameworkCore.Query) 
      An exception occurred while iterating over the results of a query for context type 'CarEdit_Server.BusinessLogic.ApplicationContext'.
      Microsoft.Data.SqlClient.SqlException (0x80131904): A network-related or instance-specific error occurred while establishing a connection to SQL Server. The server was not found or was not accessible. Verify that the instance name is correct and that SQL Server is configured to allow remote connections. (provider: Named Pipes Provider, error: 40 - Could not open a connection to SQL Server)
       ---> System.ComponentModel.Win32Exception (53): Не найден сетевой путь.
         at Microsoft.Data.SqlClient.SqlInternalConnection.OnError(SqlException exception, Boolean breakConnection, Action`1 wrapCloseInAction)
         at Microsoft.Data.SqlClient.TdsParser.ThrowExceptionAndWarning(TdsParserStateObject stateObj, Boolean callerHasConnectionLock, Boolean asyncClose)
         at Microsoft.Data.SqlClient.TdsParser.Connect(ServerInfo serverInfo, SqlInternalConnectionTds connHandler, Boolean ignoreSniOpenTimeout, Int64 timerExpire, SqlConnectionString connectionOptions, Boolean withFailover)
         at Microsoft.Data.SqlClient.SqlInternalConnectionTds.AttemptOneLogin(ServerInfo serverInfo, String newPassword, SecureString newSecurePassword, Boolean ignoreSniOpenTimeout, TimeoutTimer timeout, Boolean withFailover)
         at Microsoft.Data.SqlClient.SqlInternalConnectionTds.LoginNoFailover(ServerInfo serverInfo, String newPassword, SecureString newSecurePassword, Boolean redirectedUserInstance, SqlConnectionString connectionOptions, SqlCredential credential, TimeoutTimer timeout)
         at Microsoft.Data.SqlClient.SqlInternalConnectionTds.OpenLoginEnlist(TimeoutTimer timeout, SqlConnectionString connectionOptions, SqlCredential credential, String newPassword, SecureString newSecurePassword, Boolean redirectedUserInstance)
         at Microsoft.Data.SqlClient.SqlInternalConnectionTds..ctor(DbConnectionPoolIdentity identity, SqlConnectionString connectionOptions, SqlCredential credential, Object providerInfo, String newPassword, SecureString newSecurePassword, Boolean redirectedUserInstance, SqlConnectionString userConnectionOptions, SessionData reconnectSessionData, Boolean applyTransientFaultHandling, String accessToken, DbConnectionPool pool)
         at Microsoft.Data.SqlClient.SqlConnectionFactory.CreateConnection(DbConnectionOptions options, DbConnectionPoolKey poolKey, Object poolGroupProviderInfo, DbConnectionPool pool, DbConnection owningConnection, DbConnectionOptions userOptions)
         at Microsoft.Data.ProviderBase.DbConnectionFactory.CreatePooledConnection(DbConnectionPool pool, DbConnection owningObject, DbConnectionOptions options, DbConnectionPoolKey poolKey, DbConnectionOptions userOptions)
         at Microsoft.Data.ProviderBase.DbConnectionPool.CreateObject(DbConnection owningObject, DbConnectionOptions userOptions, DbConnectionInternal oldConnection)
         at Microsoft.Data.ProviderBase.DbConnectionPool.UserCreateRequest(DbConnection owningObject, DbConnectionOptions userOptions, DbConnectionInternal oldConnection)
         at Microsoft.Data.ProviderBase.DbConnectionPool.TryGetConnection(DbConnection owningObject, UInt32 waitForMultipleObjectsTimeout, Boolean allowCreate, Boolean onlyOneCheckConnection, DbConnectionOptions userOptions, DbConnectionInternal& connection)
         at Microsoft.Data.ProviderBase.DbConnectionPool.WaitForPendingOpen()
      --- End of stack trace from previous location ---
         at Microsoft.EntityFrameworkCore.Storage.RelationalConnection.OpenInternalAsync(Boolean errorsExpected, CancellationToken cancellationToken)
         at Microsoft.EntityFrameworkCore.Storage.RelationalConnection.OpenInternalAsync(Boolean errorsExpected, CancellationToken cancellationToken)
         at Microsoft.EntityFrameworkCore.Storage.RelationalConnection.OpenAsync(CancellationToken cancellationToken, Boolean errorsExpected)
         at Microsoft.EntityFrameworkCore.Storage.RelationalCommand.ExecuteReaderAsync(RelationalCommandParameterObject parameterObject, CancellationToken cancellationToken)
         at Microsoft.EntityFrameworkCore.Query.Internal.SingleQueryingEnumerable`1.AsyncEnumerator.InitializeReaderAsync(AsyncEnumerator enumerator, CancellationToken cancellationToken)
         at Microsoft.EntityFrameworkCore.SqlServer.Storage.Internal.SqlServerExecutionStrategy.ExecuteAsync[TState,TResult](TState state, Func`4 operation, Func`4 verifySucceeded, CancellationToken cancellationToken)
         at Microsoft.EntityFrameworkCore.Query.Internal.SingleQueryingEnumerable`1.AsyncEnumerator.MoveNextAsync()
      ClientConnectionId:00000000-0000-0000-0000-000000000000
      Error Number:53,State:0,Class:20
fail: 20.05.2024 00:55:01.610 CoreEventId.QueryIterationFailed[10100] (Microsoft.EntityFrameworkCore.Query) 
      An exception occurred while iterating over the results of a query for context type 'CarEdit_Server.BusinessLogic.ApplicationContext'.
      System.Reflection.TargetInvocationException: Exception has been thrown by the target of an invocation.
       ---> System.Threading.ThreadAbortException: System error.
         at System.Reflection.Emit.DynamicMethod.CreateDelegate(Type delegateType, Object target)
         at System.Linq.Expressions.Compiler.LambdaCompiler.Compile(LambdaExpression lambda)
         at Microsoft.EntityFrameworkCore.ChangeTracking.Internal.SimplePrincipalKeyValueFactory`1.NoNullsCustomEqualityComparer..ctor(ValueComparer comparer)
         at Microsoft.EntityFrameworkCore.ChangeTracking.Internal.SimplePrincipalKeyValueFactory`1..ctor(IKey key)
         at Microsoft.EntityFrameworkCore.ChangeTracking.Internal.KeyValueFactoryFactory.CreateSimpleFactory[TKey](IKey key)
         at Microsoft.EntityFrameworkCore.ChangeTracking.Internal.KeyValueFactoryFactory.Create[TKey](IKey key)
         at Microsoft.EntityFrameworkCore.Metadata.RuntimeKey.CreatePrincipalKeyValueFactory[TKey]()
         at Microsoft.EntityFrameworkCore.Metadata.RuntimeKey.<>c__26`1.<Microsoft.EntityFrameworkCore.Metadata.IKey.GetPrincipalKeyValueFactory>b__26_0(RuntimeKey key)
         at Microsoft.EntityFrameworkCore.Internal.NonCapturingLazyInitializer.EnsureInitialized[TParam,TValue](TValue& target, TParam param, Func`2 valueFactory)
         at Microsoft.EntityFrameworkCore.Metadata.RuntimeKey.Microsoft.EntityFrameworkCore.Metadata.IKey.GetPrincipalKeyValueFactory[TKey]()
         at Microsoft.EntityFrameworkCore.ChangeTracking.Internal.IdentityMapFactoryFactory.CreateFactory[TKey](IKey key)
         at System.RuntimeMethodHandle.InvokeMethod(Object target, Void** arguments, Signature sig, Boolean isConstructor)
         at System.Reflection.MethodInvoker.Invoke(Object obj, IntPtr* args, BindingFlags invokeAttr)
         --- End of inner exception stack trace ---
         at System.Reflection.MethodInvoker.Invoke(Object obj, IntPtr* args, BindingFlags invokeAttr)
         at System.Reflection.RuntimeMethodInfo.Invoke(Object obj, BindingFlags invokeAttr, Binder binder, Object[] parameters, CultureInfo culture)
         at System.Reflection.MethodBase.Invoke(Object obj, Object[] parameters)
         at Microsoft.EntityFrameworkCore.ChangeTracking.Internal.IdentityMapFactoryFactory.Create(IKey key)
         at Microsoft.EntityFrameworkCore.Metadata.RuntimeKey.<>c.<Microsoft.EntityFrameworkCore.Metadata.Internal.IRuntimeKey.GetIdentityMapFactory>b__30_0(RuntimeKey key)
         at Microsoft.EntityFrameworkCore.Internal.NonCapturingLazyInitializer.EnsureInitialized[TParam,TValue](TValue& target, TParam param, Func`2 valueFactory)
         at Microsoft.EntityFrameworkCore.Metadata.RuntimeKey.Microsoft.EntityFrameworkCore.Metadata.Internal.IRuntimeKey.GetIdentityMapFactory()
         at Microsoft.EntityFrameworkCore.ChangeTracking.Internal.StateManager.GetOrCreateIdentityMap(IKey key)
         at Microsoft.EntityFrameworkCore.ChangeTracking.Internal.StateManager.TryGetEntry(IKey key, Object[] keyValues, Boolean throwOnNullKey, Boolean& hasNullKey)
         at Microsoft.EntityFrameworkCore.Query.QueryContext.TryGetEntry(IKey key, Object[] keyValues, Boolean throwOnNullKey, Boolean& hasNullKey)
         at lambda_method71(Closure, QueryContext, DbDataReader, ResultContext, SingleQueryResultCoordinator)
         at Microsoft.EntityFrameworkCore.Query.Internal.SingleQueryingEnumerable`1.Enumerator.MoveNext()
fail: 20.05.2024 20:25:18.652 RelationalEventId.CommandError[20102] (Microsoft.EntityFrameworkCore.Database.Command) 
      Failed executing DbCommand (73ms) [Parameters=[], CommandType='Text', CommandTimeout='30']
      SELECT TOP(1) [t].[Id], [t].[Days], [t].[Description], [t].[MaxFilesPerDay], [t].[Name], [t].[Plugin], [t].[Price]
      FROM [Tariffs] AS [t]
      WHERE [t].[Price] = 0.0 AND [t].[Days] = 0 AND [t].[MaxFilesPerDay] = 0
fail: 20.05.2024 20:25:18.673 CoreEventId.QueryIterationFailed[10100] (Microsoft.EntityFrameworkCore.Query) 
      An exception occurred while iterating over the results of a query for context type 'CarEdit_Server.BusinessLogic.ApplicationContext'.
      Microsoft.Data.SqlClient.SqlException (0x80131904): Invalid column name 'Plugin'.
         at Microsoft.Data.SqlClient.SqlCommand.<>c.<ExecuteDbDataReaderAsync>b__211_0(Task`1 result)
         at System.Threading.Tasks.ContinuationResultTaskFromResultTask`2.InnerInvoke()
         at System.Threading.ExecutionContext.RunInternal(ExecutionContext executionContext, ContextCallback callback, Object state)
      --- End of stack trace from previous location ---
         at System.Threading.ExecutionContext.RunInternal(ExecutionContext executionContext, ContextCallback callback, Object state)
         at System.Threading.Tasks.Task.ExecuteWithThreadLocal(Task& currentTaskSlot, Thread threadPoolThread)
      --- End of stack trace from previous location ---
         at Microsoft.EntityFrameworkCore.Storage.RelationalCommand.ExecuteReaderAsync(RelationalCommandParameterObject parameterObject, CancellationToken cancellationToken)
         at Microsoft.EntityFrameworkCore.Storage.RelationalCommand.ExecuteReaderAsync(RelationalCommandParameterObject parameterObject, CancellationToken cancellationToken)
         at Microsoft.EntityFrameworkCore.Query.Internal.SingleQueryingEnumerable`1.AsyncEnumerator.InitializeReaderAsync(AsyncEnumerator enumerator, CancellationToken cancellationToken)
         at Microsoft.EntityFrameworkCore.SqlServer.Storage.Internal.SqlServerExecutionStrategy.ExecuteAsync[TState,TResult](TState state, Func`4 operation, Func`4 verifySucceeded, CancellationToken cancellationToken)
         at Microsoft.EntityFrameworkCore.Query.Internal.SingleQueryingEnumerable`1.AsyncEnumerator.MoveNextAsync()
      ClientConnectionId:3a51e093-dd40-404c-9538-1ed059b9bf6e
      Error Number:207,State:1,Class:16
fail: 21.05.2024 17:15:54.647 RelationalEventId.CommandError[20102] (Microsoft.EntityFrameworkCore.Database.Command) 
      Failed executing DbCommand (77ms) [Parameters=[@p0='?' (DbType = Int64), @p1='?' (Size = 4000), @p2='?' (DbType = DateTime2), @p3='?' (DbType = DateTime2), @p4='?' (Size = 4000), @p5='?' (Size = 4000), @p6='?' (Size = 4000), @p7='?' (Size = 4000), @p8='?' (DbType = Int32), @p9='?' (Size = 4000), @p10='?' (DbType = Int64)], CommandType='Text', CommandTimeout='30']
      SET IMPLICIT_TRANSACTIONS OFF;
      SET NOCOUNT ON;
      INSERT INTO [TelegramInvoices] ([chat_id], [currency], [date_checkout], [date_create], [description], [id_checkout], [payload], [prices], [status], [title], [user_id])
      OUTPUT INSERTED.[id]
      VALUES (@p0, @p1, @p2, @p3, @p4, @p5, @p6, @p7, @p8, @p9, @p10);
fail: 21.05.2024 17:15:54.676 CoreEventId.SaveChangesFailed[10000] (Microsoft.EntityFrameworkCore.Update) 
      An exception occurred in the database while saving changes for context type 'CarEdit_Server.BusinessLogic.ApplicationContext'.
      Microsoft.EntityFrameworkCore.DbUpdateException: An error occurred while saving the entity changes. See the inner exception for details.
       ---> Microsoft.Data.SqlClient.SqlException (0x80131904): Invalid column name 'date_checkout'.
      Invalid column name 'date_create'.
      Invalid column name 'id_checkout'.
      Invalid column name 'status'.
      Invalid column name 'user_id'.
         at Microsoft.Data.SqlClient.SqlCommand.<>c.<ExecuteDbDataReaderAsync>b__211_0(Task`1 result)
         at System.Threading.Tasks.ContinuationResultTaskFromResultTask`2.InnerInvoke()
         at System.Threading.ExecutionContext.RunInternal(ExecutionContext executionContext, ContextCallback callback, Object state)
      --- End of stack trace from previous location ---
         at System.Threading.ExecutionContext.RunInternal(ExecutionContext executionContext, ContextCallback callback, Object state)
         at System.Threading.Tasks.Task.ExecuteWithThreadLocal(Task& currentTaskSlot, Thread threadPoolThread)
      --- End of stack trace from previous location ---
         at Microsoft.EntityFrameworkCore.Storage.RelationalCommand.ExecuteReaderAsync(RelationalCommandParameterObject parameterObject, CancellationToken cancellationToken)
         at Microsoft.EntityFrameworkCore.Storage.RelationalCommand.ExecuteReaderAsync(RelationalCommandParameterObject parameterObject, CancellationToken cancellationToken)
         at Microsoft.EntityFrameworkCore.Update.ReaderModificationCommandBatch.ExecuteAsync(IRelationalConnection connection, CancellationToken cancellationToken)
      ClientConnectionId:d3506f31-c257-4fd4-bc2e-a789319b54c0
      Error Number:207,State:1,Class:16
         --- End of inner exception stack trace ---
         at Microsoft.EntityFrameworkCore.Update.ReaderModificationCommandBatch.ExecuteAsync(IRelationalConnection connection, CancellationToken cancellationToken)
         at Microsoft.EntityFrameworkCore.SqlServer.Update.Internal.SqlServerModificationCommandBatch.ExecuteAsync(IRelationalConnection connection, CancellationToken cancellationToken)
         at Microsoft.EntityFrameworkCore.Update.Internal.BatchExecutor.ExecuteAsync(IEnumerable`1 commandBatches, IRelationalConnection connection, CancellationToken cancellationToken)
         at Microsoft.EntityFrameworkCore.Update.Internal.BatchExecutor.ExecuteAsync(IEnumerable`1 commandBatches, IRelationalConnection connection, CancellationToken cancellationToken)
         at Microsoft.EntityFrameworkCore.Update.Internal.BatchExecutor.ExecuteAsync(IEnumerable`1 commandBatches, IRelationalConnection connection, CancellationToken cancellationToken)
         at Microsoft.EntityFrameworkCore.ChangeTracking.Internal.StateManager.SaveChangesAsync(IList`1 entriesToSave, CancellationToken cancellationToken)
         at Microsoft.EntityFrameworkCore.ChangeTracking.Internal.StateManager.SaveChangesAsync(StateManager stateManager, Boolean acceptAllChangesOnSuccess, CancellationToken cancellationToken)
         at Microsoft.EntityFrameworkCore.SqlServer.Storage.Internal.SqlServerExecutionStrategy.ExecuteAsync[TState,TResult](TState state, Func`4 operation, Func`4 verifySucceeded, CancellationToken cancellationToken)
         at Microsoft.EntityFrameworkCore.DbContext.SaveChangesAsync(Boolean acceptAllChangesOnSuccess, CancellationToken cancellationToken)
fail: 22.05.2024 19:43:43.575 RelationalEventId.CommandError[20102] (Microsoft.EntityFrameworkCore.Database.Command) 
      Failed executing DbCommand (61ms) [Parameters=[], CommandType='Text', CommandTimeout='30']
      DROP TABLE [Products];
fail: 22.05.2024 20:02:10.299 RelationalEventId.CommandError[20102] (Microsoft.EntityFrameworkCore.Database.Command) 
      Failed executing DbCommand (88ms) [Parameters=[], CommandType='Text', CommandTimeout='30']
      ALTER TABLE [Products] DROP CONSTRAINT [FK_Products_Tariffs_TariffId1];
fail: 22.05.2024 20:07:45.284 RelationalEventId.CommandError[20102] (Microsoft.EntityFrameworkCore.Database.Command) 
      Failed executing DbCommand (95ms) [Parameters=[], CommandType='Text', CommandTimeout='30']
      ALTER TABLE [Products] DROP CONSTRAINT [FK_Products_Tariffs_TariffId1];
fail: 22.05.2024 22:14:51.514 RelationalEventId.CommandError[20102] (Microsoft.EntityFrameworkCore.Database.Command) 
      Failed executing DbCommand (196ms) [Parameters=[], CommandType='Text', CommandTimeout='30']
      DECLARE @var0 sysname;
      SELECT @var0 = [d].[name]
      FROM [sys].[default_constraints] [d]
      INNER JOIN [sys].[columns] [c] ON [d].[parent_column_id] = [c].[column_id] AND [d].[parent_object_id] = [c].[object_id]
      WHERE ([d].[parent_object_id] = OBJECT_ID(N'[Products]') AND [c].[name] = N'Id');
      IF @var0 IS NOT NULL EXEC(N'ALTER TABLE [Products] DROP CONSTRAINT [' + @var0 + '];');
      ALTER TABLE [Products] ALTER COLUMN [Id] int NOT NULL;
fail: 22.05.2024 22:26:29.368 RelationalEventId.CommandError[20102] (Microsoft.EntityFrameworkCore.Database.Command) 
      Failed executing DbCommand (218ms) [Parameters=[], CommandType='Text', CommandTimeout='30']
      DECLARE @var0 sysname;
      SELECT @var0 = [d].[name]
      FROM [sys].[default_constraints] [d]
      INNER JOIN [sys].[columns] [c] ON [d].[parent_column_id] = [c].[column_id] AND [d].[parent_object_id] = [c].[object_id]
      WHERE ([d].[parent_object_id] = OBJECT_ID(N'[Products]') AND [c].[name] = N'Id');
      IF @var0 IS NOT NULL EXEC(N'ALTER TABLE [Products] DROP CONSTRAINT [' + @var0 + '];');
      ALTER TABLE [Products] ALTER COLUMN [Id] int NOT NULL;
fail: 22.05.2024 22:27:51.763 RelationalEventId.CommandError[20102] (Microsoft.EntityFrameworkCore.Database.Command) 
      Failed executing DbCommand (114ms) [Parameters=[], CommandType='Text', CommandTimeout='30']
      DECLARE @var0 sysname;
      SELECT @var0 = [d].[name]
      FROM [sys].[default_constraints] [d]
      INNER JOIN [sys].[columns] [c] ON [d].[parent_column_id] = [c].[column_id] AND [d].[parent_object_id] = [c].[object_id]
      WHERE ([d].[parent_object_id] = OBJECT_ID(N'[Products]') AND [c].[name] = N'Id');
      IF @var0 IS NOT NULL EXEC(N'ALTER TABLE [Products] DROP CONSTRAINT [' + @var0 + '];');
      ALTER TABLE [Products] ALTER COLUMN [Id] int NOT NULL;
fail: 22.05.2024 22:29:11.381 RelationalEventId.CommandError[20102] (Microsoft.EntityFrameworkCore.Database.Command) 
      Failed executing DbCommand (104ms) [Parameters=[], CommandType='Text', CommandTimeout='30']
      DECLARE @var0 sysname;
      SELECT @var0 = [d].[name]
      FROM [sys].[default_constraints] [d]
      INNER JOIN [sys].[columns] [c] ON [d].[parent_column_id] = [c].[column_id] AND [d].[parent_object_id] = [c].[object_id]
      WHERE ([d].[parent_object_id] = OBJECT_ID(N'[Products]') AND [c].[name] = N'Id');
      IF @var0 IS NOT NULL EXEC(N'ALTER TABLE [Products] DROP CONSTRAINT [' + @var0 + '];');
      ALTER TABLE [Products] ALTER COLUMN [Id] int NOT NULL;
fail: 23.05.2024 18:29:41.503 CoreEventId.SaveChangesFailed[10000] (Microsoft.EntityFrameworkCore.Update) 
      An exception occurred in the database while saving changes for context type 'CarEdit_Server.BusinessLogic.ApplicationContext'.
      Microsoft.EntityFrameworkCore.DbUpdateException: An error occurred while saving the entity changes. See the inner exception for details.
       ---> Microsoft.Data.SqlClient.SqlException (0x80131904): The INSERT statement conflicted with the FOREIGN KEY constraint "FK_UsersTariffs_Users_UserId". The conflict occurred in database "db_aa1815_volt", table "dbo.Users", column 'Id'.
         at Microsoft.Data.SqlClient.SqlConnection.OnError(SqlException exception, Boolean breakConnection, Action`1 wrapCloseInAction)
         at Microsoft.Data.SqlClient.SqlInternalConnection.OnError(SqlException exception, Boolean breakConnection, Action`1 wrapCloseInAction)
         at Microsoft.Data.SqlClient.TdsParser.ThrowExceptionAndWarning(TdsParserStateObject stateObj, Boolean callerHasConnectionLock, Boolean asyncClose)
         at Microsoft.Data.SqlClient.TdsParser.TryRun(RunBehavior runBehavior, SqlCommand cmdHandler, SqlDataReader dataStream, BulkCopySimpleResultSet bulkCopyHandler, TdsParserStateObject stateObj, Boolean& dataReady)
         at Microsoft.Data.SqlClient.SqlDataReader.TryHasMoreRows(Boolean& moreRows)
         at Microsoft.Data.SqlClient.SqlDataReader.TryReadInternal(Boolean setTimeout, Boolean& more)
         at Microsoft.Data.SqlClient.SqlDataReader.ReadAsyncExecute(Task task, Object state)
         at Microsoft.Data.SqlClient.SqlDataReader.InvokeAsyncCall[T](SqlDataReaderBaseAsyncCallContext`1 context)
      --- End of stack trace from previous location ---
         at Microsoft.EntityFrameworkCore.Update.AffectedCountModificationCommandBatch.ConsumeResultSetAsync(Int32 startCommandIndex, RelationalDataReader reader, CancellationToken cancellationToken)
         at Microsoft.EntityFrameworkCore.Update.AffectedCountModificationCommandBatch.ConsumeAsync(RelationalDataReader reader, CancellationToken cancellationToken)
      ClientConnectionId:f67c664a-5b0a-4401-b6fe-3d96928fed10
      Error Number:547,State:0,Class:16
         --- End of inner exception stack trace ---
         at Microsoft.EntityFrameworkCore.Update.AffectedCountModificationCommandBatch.ConsumeAsync(RelationalDataReader reader, CancellationToken cancellationToken)
         at Microsoft.EntityFrameworkCore.Update.ReaderModificationCommandBatch.ExecuteAsync(IRelationalConnection connection, CancellationToken cancellationToken)
         at Microsoft.EntityFrameworkCore.Update.ReaderModificationCommandBatch.ExecuteAsync(IRelationalConnection connection, CancellationToken cancellationToken)
         at Microsoft.EntityFrameworkCore.SqlServer.Update.Internal.SqlServerModificationCommandBatch.ExecuteAsync(IRelationalConnection connection, CancellationToken cancellationToken)
         at Microsoft.EntityFrameworkCore.Update.Internal.BatchExecutor.ExecuteAsync(IEnumerable`1 commandBatches, IRelationalConnection connection, CancellationToken cancellationToken)
         at Microsoft.EntityFrameworkCore.Update.Internal.BatchExecutor.ExecuteAsync(IEnumerable`1 commandBatches, IRelationalConnection connection, CancellationToken cancellationToken)
         at Microsoft.EntityFrameworkCore.Update.Internal.BatchExecutor.ExecuteAsync(IEnumerable`1 commandBatches, IRelationalConnection connection, CancellationToken cancellationToken)
         at Microsoft.EntityFrameworkCore.ChangeTracking.Internal.StateManager.SaveChangesAsync(IList`1 entriesToSave, CancellationToken cancellationToken)
         at Microsoft.EntityFrameworkCore.ChangeTracking.Internal.StateManager.SaveChangesAsync(StateManager stateManager, Boolean acceptAllChangesOnSuccess, CancellationToken cancellationToken)
         at Microsoft.EntityFrameworkCore.SqlServer.Storage.Internal.SqlServerExecutionStrategy.ExecuteAsync[TState,TResult](TState state, Func`4 operation, Func`4 verifySucceeded, CancellationToken cancellationToken)
         at Microsoft.EntityFrameworkCore.DbContext.SaveChangesAsync(Boolean acceptAllChangesOnSuccess, CancellationToken cancellationToken)
fail: 23.05.2024 18:30:40.030 CoreEventId.SaveChangesFailed[10000] (Microsoft.EntityFrameworkCore.Update) 
      An exception occurred in the database while saving changes for context type 'CarEdit_Server.BusinessLogic.ApplicationContext'.
      Microsoft.EntityFrameworkCore.DbUpdateException: An error occurred while saving the entity changes. See the inner exception for details.
       ---> Microsoft.Data.SqlClient.SqlException (0x80131904): The INSERT statement conflicted with the FOREIGN KEY constraint "FK_UsersTariffs_Users_UserId". The conflict occurred in database "db_aa1815_volt", table "dbo.Users", column 'Id'.
         at Microsoft.Data.SqlClient.SqlConnection.OnError(SqlException exception, Boolean breakConnection, Action`1 wrapCloseInAction)
         at Microsoft.Data.SqlClient.SqlInternalConnection.OnError(SqlException exception, Boolean breakConnection, Action`1 wrapCloseInAction)
         at Microsoft.Data.SqlClient.TdsParser.ThrowExceptionAndWarning(TdsParserStateObject stateObj, Boolean callerHasConnectionLock, Boolean asyncClose)
         at Microsoft.Data.SqlClient.TdsParser.TryRun(RunBehavior runBehavior, SqlCommand cmdHandler, SqlDataReader dataStream, BulkCopySimpleResultSet bulkCopyHandler, TdsParserStateObject stateObj, Boolean& dataReady)
         at Microsoft.Data.SqlClient.SqlDataReader.TryHasMoreRows(Boolean& moreRows)
         at Microsoft.Data.SqlClient.SqlDataReader.TryReadInternal(Boolean setTimeout, Boolean& more)
         at Microsoft.Data.SqlClient.SqlDataReader.ReadAsyncExecute(Task task, Object state)
         at Microsoft.Data.SqlClient.SqlDataReader.InvokeAsyncCall[T](SqlDataReaderBaseAsyncCallContext`1 context)
      --- End of stack trace from previous location ---
         at Microsoft.EntityFrameworkCore.Update.AffectedCountModificationCommandBatch.ConsumeResultSetAsync(Int32 startCommandIndex, RelationalDataReader reader, CancellationToken cancellationToken)
         at Microsoft.EntityFrameworkCore.Update.AffectedCountModificationCommandBatch.ConsumeAsync(RelationalDataReader reader, CancellationToken cancellationToken)
      ClientConnectionId:f67c664a-5b0a-4401-b6fe-3d96928fed10
      Error Number:547,State:0,Class:16
         --- End of inner exception stack trace ---
         at Microsoft.EntityFrameworkCore.Update.AffectedCountModificationCommandBatch.ConsumeAsync(RelationalDataReader reader, CancellationToken cancellationToken)
         at Microsoft.EntityFrameworkCore.Update.ReaderModificationCommandBatch.ExecuteAsync(IRelationalConnection connection, CancellationToken cancellationToken)
         at Microsoft.EntityFrameworkCore.Update.ReaderModificationCommandBatch.ExecuteAsync(IRelationalConnection connection, CancellationToken cancellationToken)
         at Microsoft.EntityFrameworkCore.SqlServer.Update.Internal.SqlServerModificationCommandBatch.ExecuteAsync(IRelationalConnection connection, CancellationToken cancellationToken)
         at Microsoft.EntityFrameworkCore.Update.Internal.BatchExecutor.ExecuteAsync(IEnumerable`1 commandBatches, IRelationalConnection connection, CancellationToken cancellationToken)
         at Microsoft.EntityFrameworkCore.Update.Internal.BatchExecutor.ExecuteAsync(IEnumerable`1 commandBatches, IRelationalConnection connection, CancellationToken cancellationToken)
         at Microsoft.EntityFrameworkCore.Update.Internal.BatchExecutor.ExecuteAsync(IEnumerable`1 commandBatches, IRelationalConnection connection, CancellationToken cancellationToken)
         at Microsoft.EntityFrameworkCore.ChangeTracking.Internal.StateManager.SaveChangesAsync(IList`1 entriesToSave, CancellationToken cancellationToken)
         at Microsoft.EntityFrameworkCore.ChangeTracking.Internal.StateManager.SaveChangesAsync(StateManager stateManager, Boolean acceptAllChangesOnSuccess, CancellationToken cancellationToken)
         at Microsoft.EntityFrameworkCore.SqlServer.Storage.Internal.SqlServerExecutionStrategy.ExecuteAsync[TState,TResult](TState state, Func`4 operation, Func`4 verifySucceeded, CancellationToken cancellationToken)
         at Microsoft.EntityFrameworkCore.DbContext.SaveChangesAsync(Boolean acceptAllChangesOnSuccess, CancellationToken cancellationToken)
fail: 04.06.2024 15:47:46.138 RelationalEventId.CommandError[20102] (Microsoft.EntityFrameworkCore.Database.Command) 
      Failed executing DbCommand (79ms) [Parameters=[@p0='?' (DbType = DateTime2), @p1='?' (DbType = Int64), @p2='?' (DbType = Int64), @p3='?' (DbType = Int64)], CommandType='Text', CommandTimeout='30']
      SET IMPLICIT_TRANSACTIONS OFF;
      SET NOCOUNT ON;
      INSERT INTO [KeySaleInvoices] ([DateCreated], [KeyId], [TelegramId], [UserId])
      OUTPUT INSERTED.[Id]
      VALUES (@p0, @p1, @p2, @p3);
fail: 04.06.2024 15:47:46.151 CoreEventId.SaveChangesFailed[10000] (Microsoft.EntityFrameworkCore.Update) 
      An exception occurred in the database while saving changes for context type 'CarEdit_Server.BusinessLogic.ApplicationContext'.
      Microsoft.EntityFrameworkCore.DbUpdateException: An error occurred while saving the entity changes. See the inner exception for details.
       ---> Microsoft.Data.SqlClient.SqlException (0x80131904): Invalid object name 'KeySaleInvoices'.
         at Microsoft.Data.SqlClient.SqlCommand.<>c.<ExecuteDbDataReaderAsync>b__211_0(Task`1 result)
         at System.Threading.Tasks.ContinuationResultTaskFromResultTask`2.InnerInvoke()
         at System.Threading.ExecutionContext.RunInternal(ExecutionContext executionContext, ContextCallback callback, Object state)
      --- End of stack trace from previous location ---
         at System.Threading.ExecutionContext.RunInternal(ExecutionContext executionContext, ContextCallback callback, Object state)
         at System.Threading.Tasks.Task.ExecuteWithThreadLocal(Task& currentTaskSlot, Thread threadPoolThread)
      --- End of stack trace from previous location ---
         at Microsoft.EntityFrameworkCore.Storage.RelationalCommand.ExecuteReaderAsync(RelationalCommandParameterObject parameterObject, CancellationToken cancellationToken)
         at Microsoft.EntityFrameworkCore.Storage.RelationalCommand.ExecuteReaderAsync(RelationalCommandParameterObject parameterObject, CancellationToken cancellationToken)
         at Microsoft.EntityFrameworkCore.Update.ReaderModificationCommandBatch.ExecuteAsync(IRelationalConnection connection, CancellationToken cancellationToken)
      ClientConnectionId:382f7549-1217-4c5a-84c6-78daaebfdb23
      Error Number:208,State:1,Class:16
         --- End of inner exception stack trace ---
         at Microsoft.EntityFrameworkCore.Update.ReaderModificationCommandBatch.ExecuteAsync(IRelationalConnection connection, CancellationToken cancellationToken)
         at Microsoft.EntityFrameworkCore.SqlServer.Update.Internal.SqlServerModificationCommandBatch.ExecuteAsync(IRelationalConnection connection, CancellationToken cancellationToken)
         at Microsoft.EntityFrameworkCore.Update.Internal.BatchExecutor.ExecuteAsync(IEnumerable`1 commandBatches, IRelationalConnection connection, CancellationToken cancellationToken)
         at Microsoft.EntityFrameworkCore.Update.Internal.BatchExecutor.ExecuteAsync(IEnumerable`1 commandBatches, IRelationalConnection connection, CancellationToken cancellationToken)
         at Microsoft.EntityFrameworkCore.Update.Internal.BatchExecutor.ExecuteAsync(IEnumerable`1 commandBatches, IRelationalConnection connection, CancellationToken cancellationToken)
         at Microsoft.EntityFrameworkCore.ChangeTracking.Internal.StateManager.SaveChangesAsync(IList`1 entriesToSave, CancellationToken cancellationToken)
         at Microsoft.EntityFrameworkCore.ChangeTracking.Internal.StateManager.SaveChangesAsync(StateManager stateManager, Boolean acceptAllChangesOnSuccess, CancellationToken cancellationToken)
         at Microsoft.EntityFrameworkCore.SqlServer.Storage.Internal.SqlServerExecutionStrategy.ExecuteAsync[TState,TResult](TState state, Func`4 operation, Func`4 verifySucceeded, CancellationToken cancellationToken)
         at Microsoft.EntityFrameworkCore.DbContext.SaveChangesAsync(Boolean acceptAllChangesOnSuccess, CancellationToken cancellationToken)
fail: 04.06.2024 15:48:29.855 RelationalEventId.CommandError[20102] (Microsoft.EntityFrameworkCore.Database.Command) 
      Failed executing DbCommand (61ms) [Parameters=[@p0='?' (DbType = DateTime2), @p1='?' (DbType = Int64), @p2='?' (DbType = Int64), @p3='?' (DbType = Int64)], CommandType='Text', CommandTimeout='30']
      SET IMPLICIT_TRANSACTIONS OFF;
      SET NOCOUNT ON;
      INSERT INTO [KeySaleInvoices] ([DateCreated], [KeyId], [TelegramId], [UserId])
      OUTPUT INSERTED.[Id]
      VALUES (@p0, @p1, @p2, @p3);
fail: 04.06.2024 15:48:29.858 CoreEventId.SaveChangesFailed[10000] (Microsoft.EntityFrameworkCore.Update) 
      An exception occurred in the database while saving changes for context type 'CarEdit_Server.BusinessLogic.ApplicationContext'.
      Microsoft.EntityFrameworkCore.DbUpdateException: An error occurred while saving the entity changes. See the inner exception for details.
       ---> Microsoft.Data.SqlClient.SqlException (0x80131904): Invalid object name 'KeySaleInvoices'.
         at Microsoft.Data.SqlClient.SqlCommand.<>c.<ExecuteDbDataReaderAsync>b__211_0(Task`1 result)
         at System.Threading.Tasks.ContinuationResultTaskFromResultTask`2.InnerInvoke()
         at System.Threading.ExecutionContext.RunInternal(ExecutionContext executionContext, ContextCallback callback, Object state)
      --- End of stack trace from previous location ---
         at System.Threading.ExecutionContext.RunInternal(ExecutionContext executionContext, ContextCallback callback, Object state)
         at System.Threading.Tasks.Task.ExecuteWithThreadLocal(Task& currentTaskSlot, Thread threadPoolThread)
      --- End of stack trace from previous location ---
         at Microsoft.EntityFrameworkCore.Storage.RelationalCommand.ExecuteReaderAsync(RelationalCommandParameterObject parameterObject, CancellationToken cancellationToken)
         at Microsoft.EntityFrameworkCore.Storage.RelationalCommand.ExecuteReaderAsync(RelationalCommandParameterObject parameterObject, CancellationToken cancellationToken)
         at Microsoft.EntityFrameworkCore.Update.ReaderModificationCommandBatch.ExecuteAsync(IRelationalConnection connection, CancellationToken cancellationToken)
      ClientConnectionId:382f7549-1217-4c5a-84c6-78daaebfdb23
      Error Number:208,State:1,Class:16
         --- End of inner exception stack trace ---
         at Microsoft.EntityFrameworkCore.Update.ReaderModificationCommandBatch.ExecuteAsync(IRelationalConnection connection, CancellationToken cancellationToken)
         at Microsoft.EntityFrameworkCore.SqlServer.Update.Internal.SqlServerModificationCommandBatch.ExecuteAsync(IRelationalConnection connection, CancellationToken cancellationToken)
         at Microsoft.EntityFrameworkCore.Update.Internal.BatchExecutor.ExecuteAsync(IEnumerable`1 commandBatches, IRelationalConnection connection, CancellationToken cancellationToken)
         at Microsoft.EntityFrameworkCore.Update.Internal.BatchExecutor.ExecuteAsync(IEnumerable`1 commandBatches, IRelationalConnection connection, CancellationToken cancellationToken)
         at Microsoft.EntityFrameworkCore.Update.Internal.BatchExecutor.ExecuteAsync(IEnumerable`1 commandBatches, IRelationalConnection connection, CancellationToken cancellationToken)
         at Microsoft.EntityFrameworkCore.ChangeTracking.Internal.StateManager.SaveChangesAsync(IList`1 entriesToSave, CancellationToken cancellationToken)
         at Microsoft.EntityFrameworkCore.ChangeTracking.Internal.StateManager.SaveChangesAsync(StateManager stateManager, Boolean acceptAllChangesOnSuccess, CancellationToken cancellationToken)
         at Microsoft.EntityFrameworkCore.SqlServer.Storage.Internal.SqlServerExecutionStrategy.ExecuteAsync[TState,TResult](TState state, Func`4 operation, Func`4 verifySucceeded, CancellationToken cancellationToken)
         at Microsoft.EntityFrameworkCore.DbContext.SaveChangesAsync(Boolean acceptAllChangesOnSuccess, CancellationToken cancellationToken)
fail: 04.06.2024 15:48:48.552 RelationalEventId.CommandError[20102] (Microsoft.EntityFrameworkCore.Database.Command) 
      Failed executing DbCommand (60ms) [Parameters=[@p0='?' (DbType = DateTime2), @p1='?' (DbType = Int64), @p2='?' (DbType = Int64), @p3='?' (DbType = Int64)], CommandType='Text', CommandTimeout='30']
      SET IMPLICIT_TRANSACTIONS OFF;
      SET NOCOUNT ON;
      INSERT INTO [KeySaleInvoices] ([DateCreated], [KeyId], [TelegramId], [UserId])
      OUTPUT INSERTED.[Id]
      VALUES (@p0, @p1, @p2, @p3);
fail: 04.06.2024 15:48:48.554 CoreEventId.SaveChangesFailed[10000] (Microsoft.EntityFrameworkCore.Update) 
      An exception occurred in the database while saving changes for context type 'CarEdit_Server.BusinessLogic.ApplicationContext'.
      Microsoft.EntityFrameworkCore.DbUpdateException: An error occurred while saving the entity changes. See the inner exception for details.
       ---> Microsoft.Data.SqlClient.SqlException (0x80131904): Invalid object name 'KeySaleInvoices'.
         at Microsoft.Data.SqlClient.SqlCommand.<>c.<ExecuteDbDataReaderAsync>b__211_0(Task`1 result)
         at System.Threading.Tasks.ContinuationResultTaskFromResultTask`2.InnerInvoke()
         at System.Threading.ExecutionContext.RunInternal(ExecutionContext executionContext, ContextCallback callback, Object state)
      --- End of stack trace from previous location ---
         at System.Threading.ExecutionContext.RunInternal(ExecutionContext executionContext, ContextCallback callback, Object state)
         at System.Threading.Tasks.Task.ExecuteWithThreadLocal(Task& currentTaskSlot, Thread threadPoolThread)
      --- End of stack trace from previous location ---
         at Microsoft.EntityFrameworkCore.Storage.RelationalCommand.ExecuteReaderAsync(RelationalCommandParameterObject parameterObject, CancellationToken cancellationToken)
         at Microsoft.EntityFrameworkCore.Storage.RelationalCommand.ExecuteReaderAsync(RelationalCommandParameterObject parameterObject, CancellationToken cancellationToken)
         at Microsoft.EntityFrameworkCore.Update.ReaderModificationCommandBatch.ExecuteAsync(IRelationalConnection connection, CancellationToken cancellationToken)
      ClientConnectionId:382f7549-1217-4c5a-84c6-78daaebfdb23
      Error Number:208,State:1,Class:16
         --- End of inner exception stack trace ---
         at Microsoft.EntityFrameworkCore.Update.ReaderModificationCommandBatch.ExecuteAsync(IRelationalConnection connection, CancellationToken cancellationToken)
         at Microsoft.EntityFrameworkCore.SqlServer.Update.Internal.SqlServerModificationCommandBatch.ExecuteAsync(IRelationalConnection connection, CancellationToken cancellationToken)
         at Microsoft.EntityFrameworkCore.Update.Internal.BatchExecutor.ExecuteAsync(IEnumerable`1 commandBatches, IRelationalConnection connection, CancellationToken cancellationToken)
         at Microsoft.EntityFrameworkCore.Update.Internal.BatchExecutor.ExecuteAsync(IEnumerable`1 commandBatches, IRelationalConnection connection, CancellationToken cancellationToken)
         at Microsoft.EntityFrameworkCore.Update.Internal.BatchExecutor.ExecuteAsync(IEnumerable`1 commandBatches, IRelationalConnection connection, CancellationToken cancellationToken)
         at Microsoft.EntityFrameworkCore.ChangeTracking.Internal.StateManager.SaveChangesAsync(IList`1 entriesToSave, CancellationToken cancellationToken)
         at Microsoft.EntityFrameworkCore.ChangeTracking.Internal.StateManager.SaveChangesAsync(StateManager stateManager, Boolean acceptAllChangesOnSuccess, CancellationToken cancellationToken)
         at Microsoft.EntityFrameworkCore.SqlServer.Storage.Internal.SqlServerExecutionStrategy.ExecuteAsync[TState,TResult](TState state, Func`4 operation, Func`4 verifySucceeded, CancellationToken cancellationToken)
         at Microsoft.EntityFrameworkCore.DbContext.SaveChangesAsync(Boolean acceptAllChangesOnSuccess, CancellationToken cancellationToken)
fail: 04.06.2024 15:52:21.544 CoreEventId.SaveChangesFailed[10000] (Microsoft.EntityFrameworkCore.Update) 
      An exception occurred in the database while saving changes for context type 'CarEdit_Server.BusinessLogic.ApplicationContext'.
      Microsoft.EntityFrameworkCore.DbUpdateException: An error occurred while saving the entity changes. See the inner exception for details.
       ---> Microsoft.Data.SqlClient.SqlException (0x80131904): The INSERT statement conflicted with the FOREIGN KEY constraint "FK_KeySaleInvoices_User_UserId". The conflict occurred in database "db_aa1815_volt", table "dbo.User", column 'Id'.
         at Microsoft.Data.SqlClient.SqlConnection.OnError(SqlException exception, Boolean breakConnection, Action`1 wrapCloseInAction)
         at Microsoft.Data.SqlClient.SqlInternalConnection.OnError(SqlException exception, Boolean breakConnection, Action`1 wrapCloseInAction)
         at Microsoft.Data.SqlClient.TdsParser.ThrowExceptionAndWarning(TdsParserStateObject stateObj, Boolean callerHasConnectionLock, Boolean asyncClose)
         at Microsoft.Data.SqlClient.TdsParser.TryRun(RunBehavior runBehavior, SqlCommand cmdHandler, SqlDataReader dataStream, BulkCopySimpleResultSet bulkCopyHandler, TdsParserStateObject stateObj, Boolean& dataReady)
         at Microsoft.Data.SqlClient.SqlDataReader.TryHasMoreRows(Boolean& moreRows)
         at Microsoft.Data.SqlClient.SqlDataReader.TryReadInternal(Boolean setTimeout, Boolean& more)
         at Microsoft.Data.SqlClient.SqlDataReader.ReadAsyncExecute(Task task, Object state)
         at Microsoft.Data.SqlClient.SqlDataReader.InvokeAsyncCall[T](SqlDataReaderBaseAsyncCallContext`1 context)
      --- End of stack trace from previous location ---
         at Microsoft.EntityFrameworkCore.Update.AffectedCountModificationCommandBatch.ConsumeResultSetAsync(Int32 startCommandIndex, RelationalDataReader reader, CancellationToken cancellationToken)
         at Microsoft.EntityFrameworkCore.Update.AffectedCountModificationCommandBatch.ConsumeAsync(RelationalDataReader reader, CancellationToken cancellationToken)
      ClientConnectionId:1bddf9fb-cb09-4294-9239-3d18f5a98f54
      Error Number:547,State:0,Class:16
         --- End of inner exception stack trace ---
         at Microsoft.EntityFrameworkCore.Update.AffectedCountModificationCommandBatch.ConsumeAsync(RelationalDataReader reader, CancellationToken cancellationToken)
         at Microsoft.EntityFrameworkCore.Update.ReaderModificationCommandBatch.ExecuteAsync(IRelationalConnection connection, CancellationToken cancellationToken)
         at Microsoft.EntityFrameworkCore.Update.ReaderModificationCommandBatch.ExecuteAsync(IRelationalConnection connection, CancellationToken cancellationToken)
         at Microsoft.EntityFrameworkCore.SqlServer.Update.Internal.SqlServerModificationCommandBatch.ExecuteAsync(IRelationalConnection connection, CancellationToken cancellationToken)
         at Microsoft.EntityFrameworkCore.Update.Internal.BatchExecutor.ExecuteAsync(IEnumerable`1 commandBatches, IRelationalConnection connection, CancellationToken cancellationToken)
         at Microsoft.EntityFrameworkCore.Update.Internal.BatchExecutor.ExecuteAsync(IEnumerable`1 commandBatches, IRelationalConnection connection, CancellationToken cancellationToken)
         at Microsoft.EntityFrameworkCore.Update.Internal.BatchExecutor.ExecuteAsync(IEnumerable`1 commandBatches, IRelationalConnection connection, CancellationToken cancellationToken)
         at Microsoft.EntityFrameworkCore.ChangeTracking.Internal.StateManager.SaveChangesAsync(IList`1 entriesToSave, CancellationToken cancellationToken)
         at Microsoft.EntityFrameworkCore.ChangeTracking.Internal.StateManager.SaveChangesAsync(StateManager stateManager, Boolean acceptAllChangesOnSuccess, CancellationToken cancellationToken)
         at Microsoft.EntityFrameworkCore.SqlServer.Storage.Internal.SqlServerExecutionStrategy.ExecuteAsync[TState,TResult](TState state, Func`4 operation, Func`4 verifySucceeded, CancellationToken cancellationToken)
         at Microsoft.EntityFrameworkCore.DbContext.SaveChangesAsync(Boolean acceptAllChangesOnSuccess, CancellationToken cancellationToken)
fail: 04.06.2024 15:53:08.469 CoreEventId.SaveChangesFailed[10000] (Microsoft.EntityFrameworkCore.Update) 
      An exception occurred in the database while saving changes for context type 'CarEdit_Server.BusinessLogic.ApplicationContext'.
      Microsoft.EntityFrameworkCore.DbUpdateException: An error occurred while saving the entity changes. See the inner exception for details.
       ---> Microsoft.Data.SqlClient.SqlException (0x80131904): The INSERT statement conflicted with the FOREIGN KEY constraint "FK_KeySaleInvoices_User_UserId". The conflict occurred in database "db_aa1815_volt", table "dbo.User", column 'Id'.
         at Microsoft.Data.SqlClient.SqlConnection.OnError(SqlException exception, Boolean breakConnection, Action`1 wrapCloseInAction)
         at Microsoft.Data.SqlClient.SqlInternalConnection.OnError(SqlException exception, Boolean breakConnection, Action`1 wrapCloseInAction)
         at Microsoft.Data.SqlClient.TdsParser.ThrowExceptionAndWarning(TdsParserStateObject stateObj, Boolean callerHasConnectionLock, Boolean asyncClose)
         at Microsoft.Data.SqlClient.TdsParser.TryRun(RunBehavior runBehavior, SqlCommand cmdHandler, SqlDataReader dataStream, BulkCopySimpleResultSet bulkCopyHandler, TdsParserStateObject stateObj, Boolean& dataReady)
         at Microsoft.Data.SqlClient.SqlDataReader.TryHasMoreRows(Boolean& moreRows)
         at Microsoft.Data.SqlClient.SqlDataReader.TryReadInternal(Boolean setTimeout, Boolean& more)
         at Microsoft.Data.SqlClient.SqlDataReader.ReadAsyncExecute(Task task, Object state)
         at Microsoft.Data.SqlClient.SqlDataReader.InvokeAsyncCall[T](SqlDataReaderBaseAsyncCallContext`1 context)
      --- End of stack trace from previous location ---
         at Microsoft.EntityFrameworkCore.Update.AffectedCountModificationCommandBatch.ConsumeResultSetAsync(Int32 startCommandIndex, RelationalDataReader reader, CancellationToken cancellationToken)
         at Microsoft.EntityFrameworkCore.Update.AffectedCountModificationCommandBatch.ConsumeAsync(RelationalDataReader reader, CancellationToken cancellationToken)
      ClientConnectionId:1bddf9fb-cb09-4294-9239-3d18f5a98f54
      Error Number:547,State:0,Class:16
         --- End of inner exception stack trace ---
         at Microsoft.EntityFrameworkCore.Update.AffectedCountModificationCommandBatch.ConsumeAsync(RelationalDataReader reader, CancellationToken cancellationToken)
         at Microsoft.EntityFrameworkCore.Update.ReaderModificationCommandBatch.ExecuteAsync(IRelationalConnection connection, CancellationToken cancellationToken)
         at Microsoft.EntityFrameworkCore.Update.ReaderModificationCommandBatch.ExecuteAsync(IRelationalConnection connection, CancellationToken cancellationToken)
         at Microsoft.EntityFrameworkCore.SqlServer.Update.Internal.SqlServerModificationCommandBatch.ExecuteAsync(IRelationalConnection connection, CancellationToken cancellationToken)
         at Microsoft.EntityFrameworkCore.Update.Internal.BatchExecutor.ExecuteAsync(IEnumerable`1 commandBatches, IRelationalConnection connection, CancellationToken cancellationToken)
         at Microsoft.EntityFrameworkCore.Update.Internal.BatchExecutor.ExecuteAsync(IEnumerable`1 commandBatches, IRelationalConnection connection, CancellationToken cancellationToken)
         at Microsoft.EntityFrameworkCore.Update.Internal.BatchExecutor.ExecuteAsync(IEnumerable`1 commandBatches, IRelationalConnection connection, CancellationToken cancellationToken)
         at Microsoft.EntityFrameworkCore.ChangeTracking.Internal.StateManager.SaveChangesAsync(IList`1 entriesToSave, CancellationToken cancellationToken)
         at Microsoft.EntityFrameworkCore.ChangeTracking.Internal.StateManager.SaveChangesAsync(StateManager stateManager, Boolean acceptAllChangesOnSuccess, CancellationToken cancellationToken)
         at Microsoft.EntityFrameworkCore.SqlServer.Storage.Internal.SqlServerExecutionStrategy.ExecuteAsync[TState,TResult](TState state, Func`4 operation, Func`4 verifySucceeded, CancellationToken cancellationToken)
         at Microsoft.EntityFrameworkCore.DbContext.SaveChangesAsync(Boolean acceptAllChangesOnSuccess, CancellationToken cancellationToken)
fail: 04.06.2024 15:58:03.931 CoreEventId.SaveChangesFailed[10000] (Microsoft.EntityFrameworkCore.Update) 
      An exception occurred in the database while saving changes for context type 'CarEdit_Server.BusinessLogic.ApplicationContext'.
      Microsoft.EntityFrameworkCore.DbUpdateException: An error occurred while saving the entity changes. See the inner exception for details.
       ---> Microsoft.Data.SqlClient.SqlException (0x80131904): The INSERT statement conflicted with the FOREIGN KEY constraint "FK_KeySaleInvoices_User_UserId". The conflict occurred in database "db_aa1815_volt", table "dbo.User", column 'Id'.
         at Microsoft.Data.SqlClient.SqlConnection.OnError(SqlException exception, Boolean breakConnection, Action`1 wrapCloseInAction)
         at Microsoft.Data.SqlClient.SqlInternalConnection.OnError(SqlException exception, Boolean breakConnection, Action`1 wrapCloseInAction)
         at Microsoft.Data.SqlClient.TdsParser.ThrowExceptionAndWarning(TdsParserStateObject stateObj, Boolean callerHasConnectionLock, Boolean asyncClose)
         at Microsoft.Data.SqlClient.TdsParser.TryRun(RunBehavior runBehavior, SqlCommand cmdHandler, SqlDataReader dataStream, BulkCopySimpleResultSet bulkCopyHandler, TdsParserStateObject stateObj, Boolean& dataReady)
         at Microsoft.Data.SqlClient.SqlDataReader.TryHasMoreRows(Boolean& moreRows)
         at Microsoft.Data.SqlClient.SqlDataReader.TryReadInternal(Boolean setTimeout, Boolean& more)
         at Microsoft.Data.SqlClient.SqlDataReader.ReadAsyncExecute(Task task, Object state)
         at Microsoft.Data.SqlClient.SqlDataReader.InvokeAsyncCall[T](SqlDataReaderBaseAsyncCallContext`1 context)
      --- End of stack trace from previous location ---
         at Microsoft.EntityFrameworkCore.Update.AffectedCountModificationCommandBatch.ConsumeResultSetAsync(Int32 startCommandIndex, RelationalDataReader reader, CancellationToken cancellationToken)
         at Microsoft.EntityFrameworkCore.Update.AffectedCountModificationCommandBatch.ConsumeAsync(RelationalDataReader reader, CancellationToken cancellationToken)
      ClientConnectionId:d388d5cb-e1a0-42b4-95da-84c45ff98b61
      Error Number:547,State:0,Class:16
         --- End of inner exception stack trace ---
         at Microsoft.EntityFrameworkCore.Update.AffectedCountModificationCommandBatch.ConsumeAsync(RelationalDataReader reader, CancellationToken cancellationToken)
         at Microsoft.EntityFrameworkCore.Update.ReaderModificationCommandBatch.ExecuteAsync(IRelationalConnection connection, CancellationToken cancellationToken)
         at Microsoft.EntityFrameworkCore.Update.ReaderModificationCommandBatch.ExecuteAsync(IRelationalConnection connection, CancellationToken cancellationToken)
         at Microsoft.EntityFrameworkCore.SqlServer.Update.Internal.SqlServerModificationCommandBatch.ExecuteAsync(IRelationalConnection connection, CancellationToken cancellationToken)
         at Microsoft.EntityFrameworkCore.Update.Internal.BatchExecutor.ExecuteAsync(IEnumerable`1 commandBatches, IRelationalConnection connection, CancellationToken cancellationToken)
         at Microsoft.EntityFrameworkCore.Update.Internal.BatchExecutor.ExecuteAsync(IEnumerable`1 commandBatches, IRelationalConnection connection, CancellationToken cancellationToken)
         at Microsoft.EntityFrameworkCore.Update.Internal.BatchExecutor.ExecuteAsync(IEnumerable`1 commandBatches, IRelationalConnection connection, CancellationToken cancellationToken)
         at Microsoft.EntityFrameworkCore.ChangeTracking.Internal.StateManager.SaveChangesAsync(IList`1 entriesToSave, CancellationToken cancellationToken)
         at Microsoft.EntityFrameworkCore.ChangeTracking.Internal.StateManager.SaveChangesAsync(StateManager stateManager, Boolean acceptAllChangesOnSuccess, CancellationToken cancellationToken)
         at Microsoft.EntityFrameworkCore.SqlServer.Storage.Internal.SqlServerExecutionStrategy.ExecuteAsync[TState,TResult](TState state, Func`4 operation, Func`4 verifySucceeded, CancellationToken cancellationToken)
         at Microsoft.EntityFrameworkCore.DbContext.SaveChangesAsync(Boolean acceptAllChangesOnSuccess, CancellationToken cancellationToken)
fail: 10.06.2024 22:04:39.016 RelationalEventId.CommandError[20102] (Microsoft.EntityFrameworkCore.Database.Command) 
      Failed executing DbCommand (131ms) [Parameters=[], CommandType='Text', CommandTimeout='30']
      ALTER TABLE [Tariffs] ADD CONSTRAINT [FK_Tariffs_PluginCategory_CategoryId] FOREIGN KEY ([CategoryId]) REFERENCES [PluginCategory] ([Id]) ON DELETE CASCADE;
fail: 19.06.2024 23:05:20.409 RelationalEventId.CommandError[20102] (Microsoft.EntityFrameworkCore.Database.Command) 
      Failed executing DbCommand (74ms) [Parameters=[@__userId_0='?' (DbType = Int64)], CommandType='Text', CommandTimeout='30']
      SELECT TOP(1) [f].[Id], [f].[FileName], [f].[LastActive], [f].[OrigFileName], [f].[OrigPath], [f].[PathName], [f].[PluginName], [f].[SerializeData], [f].[UserId]
      FROM [Files] AS [f]
      WHERE [f].[UserId] = @__userId_0
fail: 19.06.2024 23:05:20.426 CoreEventId.QueryIterationFailed[10100] (Microsoft.EntityFrameworkCore.Query) 
      An exception occurred while iterating over the results of a query for context type 'CarEdit_Server.BusinessLogic.ApplicationContext'.
      Microsoft.Data.SqlClient.SqlException (0x80131904): Invalid column name 'OrigFileName'.
      Invalid column name 'OrigPath'.
         at Microsoft.Data.SqlClient.SqlCommand.<>c.<ExecuteDbDataReaderAsync>b__211_0(Task`1 result)
         at System.Threading.Tasks.ContinuationResultTaskFromResultTask`2.InnerInvoke()
         at System.Threading.ExecutionContext.RunInternal(ExecutionContext executionContext, ContextCallback callback, Object state)
      --- End of stack trace from previous location ---
         at System.Threading.ExecutionContext.RunInternal(ExecutionContext executionContext, ContextCallback callback, Object state)
         at System.Threading.Tasks.Task.ExecuteWithThreadLocal(Task& currentTaskSlot, Thread threadPoolThread)
      --- End of stack trace from previous location ---
         at Microsoft.EntityFrameworkCore.Storage.RelationalCommand.ExecuteReaderAsync(RelationalCommandParameterObject parameterObject, CancellationToken cancellationToken)
         at Microsoft.EntityFrameworkCore.Storage.RelationalCommand.ExecuteReaderAsync(RelationalCommandParameterObject parameterObject, CancellationToken cancellationToken)
         at Microsoft.EntityFrameworkCore.Query.Internal.SingleQueryingEnumerable`1.AsyncEnumerator.InitializeReaderAsync(AsyncEnumerator enumerator, CancellationToken cancellationToken)
         at Microsoft.EntityFrameworkCore.SqlServer.Storage.Internal.SqlServerExecutionStrategy.ExecuteAsync[TState,TResult](TState state, Func`4 operation, Func`4 verifySucceeded, CancellationToken cancellationToken)
         at Microsoft.EntityFrameworkCore.Query.Internal.SingleQueryingEnumerable`1.AsyncEnumerator.MoveNextAsync()
      ClientConnectionId:db468c6b-4558-45f0-8281-e5a6bf88b716
      Error Number:207,State:1,Class:16
fail: 19.06.2024 23:05:27.099 RelationalEventId.CommandError[20102] (Microsoft.EntityFrameworkCore.Database.Command) 
      Failed executing DbCommand (203ms) [Parameters=[@__userId_0='?' (DbType = Int64)], CommandType='Text', CommandTimeout='30']
      SELECT TOP(1) [f].[Id], [f].[FileName], [f].[LastActive], [f].[OrigFileName], [f].[OrigPath], [f].[PathName], [f].[PluginName], [f].[SerializeData], [f].[UserId]
      FROM [Files] AS [f]
      WHERE [f].[UserId] = @__userId_0
fail: 19.06.2024 23:05:27.100 CoreEventId.QueryIterationFailed[10100] (Microsoft.EntityFrameworkCore.Query) 
      An exception occurred while iterating over the results of a query for context type 'CarEdit_Server.BusinessLogic.ApplicationContext'.
      Microsoft.Data.SqlClient.SqlException (0x80131904): Invalid column name 'OrigFileName'.
      Invalid column name 'OrigPath'.
         at Microsoft.Data.SqlClient.SqlCommand.<>c.<ExecuteDbDataReaderAsync>b__211_0(Task`1 result)
         at System.Threading.Tasks.ContinuationResultTaskFromResultTask`2.InnerInvoke()
         at System.Threading.ExecutionContext.RunInternal(ExecutionContext executionContext, ContextCallback callback, Object state)
      --- End of stack trace from previous location ---
         at System.Threading.ExecutionContext.RunInternal(ExecutionContext executionContext, ContextCallback callback, Object state)
         at System.Threading.Tasks.Task.ExecuteWithThreadLocal(Task& currentTaskSlot, Thread threadPoolThread)
      --- End of stack trace from previous location ---
         at Microsoft.EntityFrameworkCore.Storage.RelationalCommand.ExecuteReaderAsync(RelationalCommandParameterObject parameterObject, CancellationToken cancellationToken)
         at Microsoft.EntityFrameworkCore.Storage.RelationalCommand.ExecuteReaderAsync(RelationalCommandParameterObject parameterObject, CancellationToken cancellationToken)
         at Microsoft.EntityFrameworkCore.Query.Internal.SingleQueryingEnumerable`1.AsyncEnumerator.InitializeReaderAsync(AsyncEnumerator enumerator, CancellationToken cancellationToken)
         at Microsoft.EntityFrameworkCore.SqlServer.Storage.Internal.SqlServerExecutionStrategy.ExecuteAsync[TState,TResult](TState state, Func`4 operation, Func`4 verifySucceeded, CancellationToken cancellationToken)
         at Microsoft.EntityFrameworkCore.Query.Internal.SingleQueryingEnumerable`1.AsyncEnumerator.MoveNextAsync()
      ClientConnectionId:db468c6b-4558-45f0-8281-e5a6bf88b716
      Error Number:207,State:1,Class:16
fail: 19.06.2024 23:05:38.923 RelationalEventId.CommandError[20102] (Microsoft.EntityFrameworkCore.Database.Command) 
      Failed executing DbCommand (51ms) [Parameters=[@__userId_0='?' (DbType = Int64)], CommandType='Text', CommandTimeout='30']
      SELECT TOP(1) [f].[Id], [f].[FileName], [f].[LastActive], [f].[OrigFileName], [f].[OrigPath], [f].[PathName], [f].[PluginName], [f].[SerializeData], [f].[UserId]
      FROM [Files] AS [f]
      WHERE [f].[UserId] = @__userId_0
fail: 19.06.2024 23:05:38.924 CoreEventId.QueryIterationFailed[10100] (Microsoft.EntityFrameworkCore.Query) 
      An exception occurred while iterating over the results of a query for context type 'CarEdit_Server.BusinessLogic.ApplicationContext'.
      Microsoft.Data.SqlClient.SqlException (0x80131904): Invalid column name 'OrigFileName'.
      Invalid column name 'OrigPath'.
         at Microsoft.Data.SqlClient.SqlCommand.<>c.<ExecuteDbDataReaderAsync>b__211_0(Task`1 result)
         at System.Threading.Tasks.ContinuationResultTaskFromResultTask`2.InnerInvoke()
         at System.Threading.ExecutionContext.RunInternal(ExecutionContext executionContext, ContextCallback callback, Object state)
      --- End of stack trace from previous location ---
         at System.Threading.ExecutionContext.RunInternal(ExecutionContext executionContext, ContextCallback callback, Object state)
         at System.Threading.Tasks.Task.ExecuteWithThreadLocal(Task& currentTaskSlot, Thread threadPoolThread)
      --- End of stack trace from previous location ---
         at Microsoft.EntityFrameworkCore.Storage.RelationalCommand.ExecuteReaderAsync(RelationalCommandParameterObject parameterObject, CancellationToken cancellationToken)
         at Microsoft.EntityFrameworkCore.Storage.RelationalCommand.ExecuteReaderAsync(RelationalCommandParameterObject parameterObject, CancellationToken cancellationToken)
         at Microsoft.EntityFrameworkCore.Query.Internal.SingleQueryingEnumerable`1.AsyncEnumerator.InitializeReaderAsync(AsyncEnumerator enumerator, CancellationToken cancellationToken)
         at Microsoft.EntityFrameworkCore.SqlServer.Storage.Internal.SqlServerExecutionStrategy.ExecuteAsync[TState,TResult](TState state, Func`4 operation, Func`4 verifySucceeded, CancellationToken cancellationToken)
         at Microsoft.EntityFrameworkCore.Query.Internal.SingleQueryingEnumerable`1.AsyncEnumerator.MoveNextAsync()
      ClientConnectionId:db468c6b-4558-45f0-8281-e5a6bf88b716
      Error Number:207,State:1,Class:16
fail: 19.06.2024 23:07:09.892 RelationalEventId.CommandError[20102] (Microsoft.EntityFrameworkCore.Database.Command) 
      Failed executing DbCommand (53ms) [Parameters=[@__userId_0='?' (DbType = Int64)], CommandType='Text', CommandTimeout='30']
      SELECT TOP(1) [f].[Id], [f].[FileName], [f].[LastActive], [f].[OrigFileName], [f].[OrigPath], [f].[PathName], [f].[PluginName], [f].[SerializeData], [f].[UserId]
      FROM [Files] AS [f]
      WHERE [f].[UserId] = @__userId_0
fail: 19.06.2024 23:07:09.894 CoreEventId.QueryIterationFailed[10100] (Microsoft.EntityFrameworkCore.Query) 
      An exception occurred while iterating over the results of a query for context type 'CarEdit_Server.BusinessLogic.ApplicationContext'.
      Microsoft.Data.SqlClient.SqlException (0x80131904): Invalid column name 'OrigFileName'.
      Invalid column name 'OrigPath'.
         at Microsoft.Data.SqlClient.SqlCommand.<>c.<ExecuteDbDataReaderAsync>b__211_0(Task`1 result)
         at System.Threading.Tasks.ContinuationResultTaskFromResultTask`2.InnerInvoke()
         at System.Threading.ExecutionContext.RunInternal(ExecutionContext executionContext, ContextCallback callback, Object state)
      --- End of stack trace from previous location ---
         at System.Threading.ExecutionContext.RunInternal(ExecutionContext executionContext, ContextCallback callback, Object state)
         at System.Threading.Tasks.Task.ExecuteWithThreadLocal(Task& currentTaskSlot, Thread threadPoolThread)
      --- End of stack trace from previous location ---
         at Microsoft.EntityFrameworkCore.Storage.RelationalCommand.ExecuteReaderAsync(RelationalCommandParameterObject parameterObject, CancellationToken cancellationToken)
         at Microsoft.EntityFrameworkCore.Storage.RelationalCommand.ExecuteReaderAsync(RelationalCommandParameterObject parameterObject, CancellationToken cancellationToken)
         at Microsoft.EntityFrameworkCore.Query.Internal.SingleQueryingEnumerable`1.AsyncEnumerator.InitializeReaderAsync(AsyncEnumerator enumerator, CancellationToken cancellationToken)
         at Microsoft.EntityFrameworkCore.SqlServer.Storage.Internal.SqlServerExecutionStrategy.ExecuteAsync[TState,TResult](TState state, Func`4 operation, Func`4 verifySucceeded, CancellationToken cancellationToken)
         at Microsoft.EntityFrameworkCore.Query.Internal.SingleQueryingEnumerable`1.AsyncEnumerator.MoveNextAsync()
      ClientConnectionId:db468c6b-4558-45f0-8281-e5a6bf88b716
      Error Number:207,State:1,Class:16
fail: 25.06.2024 09:42:15.276 RelationalEventId.CommandError[20102] (Microsoft.EntityFrameworkCore.Database.Command) 
      Failed executing DbCommand (82ms) [Parameters=[@__userId_0='?' (DbType = Int64)], CommandType='Text', CommandTimeout='30']
      SELECT [f].[UploadDataTime] AS [DataTime], [f].[OrigFileName], [f].[FileName] AS [ModFileName], [f].[OperationType], [f].[PluginName]
      FROM [FileStatistics] AS [f]
      WHERE [f].[UserId] = @__userId_0
fail: 25.06.2024 09:42:15.303 CoreEventId.QueryIterationFailed[10100] (Microsoft.EntityFrameworkCore.Query) 
      An exception occurred while iterating over the results of a query for context type 'CarEdit_Server.BusinessLogic.ApplicationContext'.
      Microsoft.Data.SqlClient.SqlException (0x80131904): Invalid column name 'OrigFileName'.
         at Microsoft.Data.SqlClient.SqlCommand.<>c.<ExecuteDbDataReaderAsync>b__211_0(Task`1 result)
         at System.Threading.Tasks.ContinuationResultTaskFromResultTask`2.InnerInvoke()
         at System.Threading.ExecutionContext.RunInternal(ExecutionContext executionContext, ContextCallback callback, Object state)
      --- End of stack trace from previous location ---
         at System.Threading.ExecutionContext.RunInternal(ExecutionContext executionContext, ContextCallback callback, Object state)
         at System.Threading.Tasks.Task.ExecuteWithThreadLocal(Task& currentTaskSlot, Thread threadPoolThread)
      --- End of stack trace from previous location ---
         at Microsoft.EntityFrameworkCore.Storage.RelationalCommand.ExecuteReaderAsync(RelationalCommandParameterObject parameterObject, CancellationToken cancellationToken)
         at Microsoft.EntityFrameworkCore.Storage.RelationalCommand.ExecuteReaderAsync(RelationalCommandParameterObject parameterObject, CancellationToken cancellationToken)
         at Microsoft.EntityFrameworkCore.Query.Internal.SingleQueryingEnumerable`1.AsyncEnumerator.InitializeReaderAsync(AsyncEnumerator enumerator, CancellationToken cancellationToken)
         at Microsoft.EntityFrameworkCore.SqlServer.Storage.Internal.SqlServerExecutionStrategy.ExecuteAsync[TState,TResult](TState state, Func`4 operation, Func`4 verifySucceeded, CancellationToken cancellationToken)
         at Microsoft.EntityFrameworkCore.Query.Internal.SingleQueryingEnumerable`1.AsyncEnumerator.MoveNextAsync()
      ClientConnectionId:056cf0a3-d96f-4a71-b3f0-a755f3a62d5b
      Error Number:207,State:1,Class:16
fail: 25.06.2024 11:02:10.821 RelationalEventId.CommandError[20102] (Microsoft.EntityFrameworkCore.Database.Command) 
      Failed executing DbCommand (64ms) [Parameters=[@__userId_0='?' (DbType = Int64)], CommandType='Text', CommandTimeout='30']
      SELECT [f].[UploadDataTime] AS [DataTime], [f].[OrigFileName], [f].[FileName] AS [ModFileName], [f].[OperationType], [f].[PluginName]
      FROM [FileStatistics] AS [f]
      WHERE [f].[UserId] = @__userId_0
fail: 25.06.2024 11:02:10.844 CoreEventId.QueryIterationFailed[10100] (Microsoft.EntityFrameworkCore.Query) 
      An exception occurred while iterating over the results of a query for context type 'CarEdit_Server.BusinessLogic.ApplicationContext'.
      Microsoft.Data.SqlClient.SqlException (0x80131904): Invalid column name 'OrigFileName'.
         at Microsoft.Data.SqlClient.SqlCommand.<>c.<ExecuteDbDataReaderAsync>b__211_0(Task`1 result)
         at System.Threading.Tasks.ContinuationResultTaskFromResultTask`2.InnerInvoke()
         at System.Threading.ExecutionContext.RunInternal(ExecutionContext executionContext, ContextCallback callback, Object state)
      --- End of stack trace from previous location ---
         at System.Threading.ExecutionContext.RunInternal(ExecutionContext executionContext, ContextCallback callback, Object state)
         at System.Threading.Tasks.Task.ExecuteWithThreadLocal(Task& currentTaskSlot, Thread threadPoolThread)
      --- End of stack trace from previous location ---
         at Microsoft.EntityFrameworkCore.Storage.RelationalCommand.ExecuteReaderAsync(RelationalCommandParameterObject parameterObject, CancellationToken cancellationToken)
         at Microsoft.EntityFrameworkCore.Storage.RelationalCommand.ExecuteReaderAsync(RelationalCommandParameterObject parameterObject, CancellationToken cancellationToken)
         at Microsoft.EntityFrameworkCore.Query.Internal.SingleQueryingEnumerable`1.AsyncEnumerator.InitializeReaderAsync(AsyncEnumerator enumerator, CancellationToken cancellationToken)
         at Microsoft.EntityFrameworkCore.SqlServer.Storage.Internal.SqlServerExecutionStrategy.ExecuteAsync[TState,TResult](TState state, Func`4 operation, Func`4 verifySucceeded, CancellationToken cancellationToken)
         at Microsoft.EntityFrameworkCore.Query.Internal.SingleQueryingEnumerable`1.AsyncEnumerator.MoveNextAsync()
      ClientConnectionId:42f2cb4f-1667-4a7e-96bd-da6ddd55cd0e
      Error Number:207,State:1,Class:16
fail: 25.06.2024 11:02:37.618 RelationalEventId.CommandError[20102] (Microsoft.EntityFrameworkCore.Database.Command) 
      Failed executing DbCommand (56ms) [Parameters=[@__userId_0='?' (DbType = Int64)], CommandType='Text', CommandTimeout='30']
      SELECT [f].[UploadDataTime] AS [DataTime], [f].[OrigFileName], [f].[FileName] AS [ModFileName], [f].[OperationType], [f].[PluginName]
      FROM [FileStatistics] AS [f]
      WHERE [f].[UserId] = @__userId_0
fail: 25.06.2024 11:02:37.619 CoreEventId.QueryIterationFailed[10100] (Microsoft.EntityFrameworkCore.Query) 
      An exception occurred while iterating over the results of a query for context type 'CarEdit_Server.BusinessLogic.ApplicationContext'.
      Microsoft.Data.SqlClient.SqlException (0x80131904): Invalid column name 'OrigFileName'.
         at Microsoft.Data.SqlClient.SqlCommand.<>c.<ExecuteDbDataReaderAsync>b__211_0(Task`1 result)
         at System.Threading.Tasks.ContinuationResultTaskFromResultTask`2.InnerInvoke()
         at System.Threading.ExecutionContext.RunInternal(ExecutionContext executionContext, ContextCallback callback, Object state)
      --- End of stack trace from previous location ---
         at System.Threading.ExecutionContext.RunInternal(ExecutionContext executionContext, ContextCallback callback, Object state)
         at System.Threading.Tasks.Task.ExecuteWithThreadLocal(Task& currentTaskSlot, Thread threadPoolThread)
      --- End of stack trace from previous location ---
         at Microsoft.EntityFrameworkCore.Storage.RelationalCommand.ExecuteReaderAsync(RelationalCommandParameterObject parameterObject, CancellationToken cancellationToken)
         at Microsoft.EntityFrameworkCore.Storage.RelationalCommand.ExecuteReaderAsync(RelationalCommandParameterObject parameterObject, CancellationToken cancellationToken)
         at Microsoft.EntityFrameworkCore.Query.Internal.SingleQueryingEnumerable`1.AsyncEnumerator.InitializeReaderAsync(AsyncEnumerator enumerator, CancellationToken cancellationToken)
         at Microsoft.EntityFrameworkCore.SqlServer.Storage.Internal.SqlServerExecutionStrategy.ExecuteAsync[TState,TResult](TState state, Func`4 operation, Func`4 verifySucceeded, CancellationToken cancellationToken)
         at Microsoft.EntityFrameworkCore.Query.Internal.SingleQueryingEnumerable`1.AsyncEnumerator.MoveNextAsync()
      ClientConnectionId:42f2cb4f-1667-4a7e-96bd-da6ddd55cd0e
      Error Number:207,State:1,Class:16
fail: 25.06.2024 11:03:36.082 RelationalEventId.CommandError[20102] (Microsoft.EntityFrameworkCore.Database.Command) 
      Failed executing DbCommand (57ms) [Parameters=[@__userId_0='?' (DbType = Int64)], CommandType='Text', CommandTimeout='30']
      SELECT [f].[UploadDataTime] AS [DataTime], [f].[OrigFileName], [f].[FileName] AS [ModFileName], [f].[OperationType], [f].[PluginName]
      FROM [FileStatistics] AS [f]
      WHERE [f].[UserId] = @__userId_0
fail: 25.06.2024 11:03:36.083 CoreEventId.QueryIterationFailed[10100] (Microsoft.EntityFrameworkCore.Query) 
      An exception occurred while iterating over the results of a query for context type 'CarEdit_Server.BusinessLogic.ApplicationContext'.
      Microsoft.Data.SqlClient.SqlException (0x80131904): Invalid column name 'OrigFileName'.
         at Microsoft.Data.SqlClient.SqlCommand.<>c.<ExecuteDbDataReaderAsync>b__211_0(Task`1 result)
         at System.Threading.Tasks.ContinuationResultTaskFromResultTask`2.InnerInvoke()
         at System.Threading.ExecutionContext.RunInternal(ExecutionContext executionContext, ContextCallback callback, Object state)
      --- End of stack trace from previous location ---
         at System.Threading.ExecutionContext.RunInternal(ExecutionContext executionContext, ContextCallback callback, Object state)
         at System.Threading.Tasks.Task.ExecuteWithThreadLocal(Task& currentTaskSlot, Thread threadPoolThread)
      --- End of stack trace from previous location ---
         at Microsoft.EntityFrameworkCore.Storage.RelationalCommand.ExecuteReaderAsync(RelationalCommandParameterObject parameterObject, CancellationToken cancellationToken)
         at Microsoft.EntityFrameworkCore.Storage.RelationalCommand.ExecuteReaderAsync(RelationalCommandParameterObject parameterObject, CancellationToken cancellationToken)
         at Microsoft.EntityFrameworkCore.Query.Internal.SingleQueryingEnumerable`1.AsyncEnumerator.InitializeReaderAsync(AsyncEnumerator enumerator, CancellationToken cancellationToken)
         at Microsoft.EntityFrameworkCore.SqlServer.Storage.Internal.SqlServerExecutionStrategy.ExecuteAsync[TState,TResult](TState state, Func`4 operation, Func`4 verifySucceeded, CancellationToken cancellationToken)
         at Microsoft.EntityFrameworkCore.Query.Internal.SingleQueryingEnumerable`1.AsyncEnumerator.MoveNextAsync()
      ClientConnectionId:42f2cb4f-1667-4a7e-96bd-da6ddd55cd0e
      Error Number:207,State:1,Class:16
fail: 25.06.2024 11:04:25.174 RelationalEventId.CommandError[20102] (Microsoft.EntityFrameworkCore.Database.Command) 
      Failed executing DbCommand (58ms) [Parameters=[@__userId_0='?' (DbType = Int64)], CommandType='Text', CommandTimeout='30']
      SELECT [f].[UploadDataTime] AS [DataTime], [f].[OrigFileName], [f].[FileName] AS [ModFileName], [f].[OperationType], [f].[PluginName]
      FROM [FileStatistics] AS [f]
      WHERE [f].[UserId] = @__userId_0
fail: 25.06.2024 11:04:25.175 CoreEventId.QueryIterationFailed[10100] (Microsoft.EntityFrameworkCore.Query) 
      An exception occurred while iterating over the results of a query for context type 'CarEdit_Server.BusinessLogic.ApplicationContext'.
      Microsoft.Data.SqlClient.SqlException (0x80131904): Invalid column name 'OrigFileName'.
         at Microsoft.Data.SqlClient.SqlCommand.<>c.<ExecuteDbDataReaderAsync>b__211_0(Task`1 result)
         at System.Threading.Tasks.ContinuationResultTaskFromResultTask`2.InnerInvoke()
         at System.Threading.ExecutionContext.RunInternal(ExecutionContext executionContext, ContextCallback callback, Object state)
      --- End of stack trace from previous location ---
         at System.Threading.ExecutionContext.RunInternal(ExecutionContext executionContext, ContextCallback callback, Object state)
         at System.Threading.Tasks.Task.ExecuteWithThreadLocal(Task& currentTaskSlot, Thread threadPoolThread)
      --- End of stack trace from previous location ---
         at Microsoft.EntityFrameworkCore.Storage.RelationalCommand.ExecuteReaderAsync(RelationalCommandParameterObject parameterObject, CancellationToken cancellationToken)
         at Microsoft.EntityFrameworkCore.Storage.RelationalCommand.ExecuteReaderAsync(RelationalCommandParameterObject parameterObject, CancellationToken cancellationToken)
         at Microsoft.EntityFrameworkCore.Query.Internal.SingleQueryingEnumerable`1.AsyncEnumerator.InitializeReaderAsync(AsyncEnumerator enumerator, CancellationToken cancellationToken)
         at Microsoft.EntityFrameworkCore.SqlServer.Storage.Internal.SqlServerExecutionStrategy.ExecuteAsync[TState,TResult](TState state, Func`4 operation, Func`4 verifySucceeded, CancellationToken cancellationToken)
         at Microsoft.EntityFrameworkCore.Query.Internal.SingleQueryingEnumerable`1.AsyncEnumerator.MoveNextAsync()
      ClientConnectionId:42f2cb4f-1667-4a7e-96bd-da6ddd55cd0e
      Error Number:207,State:1,Class:16
fail: 25.06.2024 11:04:53.311 RelationalEventId.CommandError[20102] (Microsoft.EntityFrameworkCore.Database.Command) 
      Failed executing DbCommand (60ms) [Parameters=[@__userId_0='?' (DbType = Int64)], CommandType='Text', CommandTimeout='30']
      SELECT [f].[UploadDataTime] AS [DataTime], [f].[OrigFileName], [f].[FileName] AS [ModFileName], [f].[OperationType], [f].[PluginName]
      FROM [FileStatistics] AS [f]
      WHERE [f].[UserId] = @__userId_0
fail: 25.06.2024 11:04:53.313 CoreEventId.QueryIterationFailed[10100] (Microsoft.EntityFrameworkCore.Query) 
      An exception occurred while iterating over the results of a query for context type 'CarEdit_Server.BusinessLogic.ApplicationContext'.
      Microsoft.Data.SqlClient.SqlException (0x80131904): Invalid column name 'OrigFileName'.
         at Microsoft.Data.SqlClient.SqlCommand.<>c.<ExecuteDbDataReaderAsync>b__211_0(Task`1 result)
         at System.Threading.Tasks.ContinuationResultTaskFromResultTask`2.InnerInvoke()
         at System.Threading.ExecutionContext.RunInternal(ExecutionContext executionContext, ContextCallback callback, Object state)
      --- End of stack trace from previous location ---
         at System.Threading.ExecutionContext.RunInternal(ExecutionContext executionContext, ContextCallback callback, Object state)
         at System.Threading.Tasks.Task.ExecuteWithThreadLocal(Task& currentTaskSlot, Thread threadPoolThread)
      --- End of stack trace from previous location ---
         at Microsoft.EntityFrameworkCore.Storage.RelationalCommand.ExecuteReaderAsync(RelationalCommandParameterObject parameterObject, CancellationToken cancellationToken)
         at Microsoft.EntityFrameworkCore.Storage.RelationalCommand.ExecuteReaderAsync(RelationalCommandParameterObject parameterObject, CancellationToken cancellationToken)
         at Microsoft.EntityFrameworkCore.Query.Internal.SingleQueryingEnumerable`1.AsyncEnumerator.InitializeReaderAsync(AsyncEnumerator enumerator, CancellationToken cancellationToken)
         at Microsoft.EntityFrameworkCore.SqlServer.Storage.Internal.SqlServerExecutionStrategy.ExecuteAsync[TState,TResult](TState state, Func`4 operation, Func`4 verifySucceeded, CancellationToken cancellationToken)
         at Microsoft.EntityFrameworkCore.Query.Internal.SingleQueryingEnumerable`1.AsyncEnumerator.MoveNextAsync()
      ClientConnectionId:42f2cb4f-1667-4a7e-96bd-da6ddd55cd0e
      Error Number:207,State:1,Class:16
fail: 09.07.2024 17:33:59.699 RelationalEventId.CommandError[20102] (Microsoft.EntityFrameworkCore.Database.Command) 
      Failed executing DbCommand (197ms) [Parameters=[], CommandType='Text', CommandTimeout='30']
      ALTER TABLE [UserTariff] ADD [Days] int NOT NULL DEFAULT 0;
fail: 09.07.2024 17:35:58.176 RelationalEventId.CommandError[20102] (Microsoft.EntityFrameworkCore.Database.Command) 
      Failed executing DbCommand (214ms) [Parameters=[], CommandType='Text', CommandTimeout='30']
      ALTER TABLE [UserTariff] ADD [Days] int NOT NULL DEFAULT 0;
fail: 09.07.2024 17:36:44.030 RelationalEventId.CommandError[20102] (Microsoft.EntityFrameworkCore.Database.Command) 
      Failed executing DbCommand (198ms) [Parameters=[], CommandType='Text', CommandTimeout='30']
      ALTER TABLE [UserTariff] ADD [Days] int NOT NULL DEFAULT 0;
fail: 09.07.2024 17:37:51.653 RelationalEventId.CommandError[20102] (Microsoft.EntityFrameworkCore.Database.Command) 
      Failed executing DbCommand (242ms) [Parameters=[], CommandType='Text', CommandTimeout='30']
      ALTER TABLE [UserTariffs] ADD [Days] int NOT NULL DEFAULT 0;
fail: 09.07.2024 17:38:32.303 RelationalEventId.CommandError[20102] (Microsoft.EntityFrameworkCore.Database.Command) 
      Failed executing DbCommand (206ms) [Parameters=[], CommandType='Text', CommandTimeout='30']
      ALTER TABLE [UsersTariffs] ADD [Days] int NOT NULL DEFAULT 0;
fail: 09.07.2024 17:38:55.829 RelationalEventId.CommandError[20102] (Microsoft.EntityFrameworkCore.Database.Command) 
      Failed executing DbCommand (202ms) [Parameters=[], CommandType='Text', CommandTimeout='30']
      ALTER TABLE [UsersTariffs] ADD [Days] int NOT NULL DEFAULT 0;
fail: 15.07.2024 23:04:59.270 RelationalEventId.CommandError[20102] (Microsoft.EntityFrameworkCore.Database.Command) 
      Failed executing DbCommand (19,611ms) [Parameters=[@__user_Id_0='?' (DbType = Int64)], CommandType='Text', CommandTimeout='30']
      SELECT [u].[Id], [u].[Count], [u].[UserId]
      FROM [UsersFiles] AS [u]
      WHERE [u].[UserId] = @__user_Id_0
fail: 15.07.2024 23:04:59.309 CoreEventId.QueryIterationFailed[10100] (Microsoft.EntityFrameworkCore.Query) 
      An exception occurred while iterating over the results of a query for context type 'CarEdit_Server.BusinessLogic.ApplicationContext'.
      Microsoft.Data.SqlClient.SqlException (0x80131904): A transport-level error has occurred when receiving results from the server. (provider: Session Provider, error: 19 - Physical connection is not usable)
         at Microsoft.Data.SqlClient.SqlCommand.<>c.<ExecuteDbDataReaderAsync>b__211_0(Task`1 result)
         at System.Threading.Tasks.ContinuationResultTaskFromResultTask`2.InnerInvoke()
         at System.Threading.ExecutionContext.RunInternal(ExecutionContext executionContext, ContextCallback callback, Object state)
      --- End of stack trace from previous location ---
         at System.Threading.ExecutionContext.RunInternal(ExecutionContext executionContext, ContextCallback callback, Object state)
         at System.Threading.Tasks.Task.ExecuteWithThreadLocal(Task& currentTaskSlot, Thread threadPoolThread)
      --- End of stack trace from previous location ---
         at Microsoft.EntityFrameworkCore.Storage.RelationalCommand.ExecuteReaderAsync(RelationalCommandParameterObject parameterObject, CancellationToken cancellationToken)
         at Microsoft.EntityFrameworkCore.Storage.RelationalCommand.ExecuteReaderAsync(RelationalCommandParameterObject parameterObject, CancellationToken cancellationToken)
         at Microsoft.EntityFrameworkCore.Query.Internal.SingleQueryingEnumerable`1.AsyncEnumerator.InitializeReaderAsync(AsyncEnumerator enumerator, CancellationToken cancellationToken)
         at Microsoft.EntityFrameworkCore.SqlServer.Storage.Internal.SqlServerExecutionStrategy.ExecuteAsync[TState,TResult](TState state, Func`4 operation, Func`4 verifySucceeded, CancellationToken cancellationToken)
         at Microsoft.EntityFrameworkCore.Query.Internal.SingleQueryingEnumerable`1.AsyncEnumerator.MoveNextAsync()
      ClientConnectionId:9b391826-c2a5-4ff4-8362-aa6ec9e412a6
      Error Number:-1,State:0,Class:20
fail: 15.07.2024 23:05:59.106 RelationalEventId.ConnectionError[20004] (Microsoft.EntityFrameworkCore.Database.Connection) 
      An error occurred using the connection to database 'db_aa1815_volt' on server 'SQL6031.site4now.net'.
fail: 15.07.2024 23:05:59.190 CoreEventId.QueryIterationFailed[10100] (Microsoft.EntityFrameworkCore.Query) 
      An exception occurred while iterating over the results of a query for context type 'CarEdit_Server.BusinessLogic.ApplicationContext'.
      Microsoft.Data.SqlClient.SqlException (0x80131904): A network-related or instance-specific error occurred while establishing a connection to SQL Server. The server was not found or was not accessible. Verify that the instance name is correct and that SQL Server is configured to allow remote connections. (provider: Named Pipes Provider, error: 40 - Could not open a connection to SQL Server)
       ---> System.ComponentModel.Win32Exception (53): Не найден сетевой путь.
         at Microsoft.Data.ProviderBase.DbConnectionPool.TryGetConnection(DbConnection owningObject, UInt32 waitForMultipleObjectsTimeout, Boolean allowCreate, Boolean onlyOneCheckConnection, DbConnectionOptions userOptions, DbConnectionInternal& connection)
         at Microsoft.Data.ProviderBase.DbConnectionPool.WaitForPendingOpen()
      --- End of stack trace from previous location ---
         at Microsoft.EntityFrameworkCore.Storage.RelationalConnection.OpenInternalAsync(Boolean errorsExpected, CancellationToken cancellationToken)
         at Microsoft.EntityFrameworkCore.Storage.RelationalConnection.OpenInternalAsync(Boolean errorsExpected, CancellationToken cancellationToken)
         at Microsoft.EntityFrameworkCore.Storage.RelationalConnection.OpenAsync(CancellationToken cancellationToken, Boolean errorsExpected)
         at Microsoft.EntityFrameworkCore.Storage.RelationalCommand.ExecuteReaderAsync(RelationalCommandParameterObject parameterObject, CancellationToken cancellationToken)
         at Microsoft.EntityFrameworkCore.Query.Internal.SingleQueryingEnumerable`1.AsyncEnumerator.InitializeReaderAsync(AsyncEnumerator enumerator, CancellationToken cancellationToken)
         at Microsoft.EntityFrameworkCore.SqlServer.Storage.Internal.SqlServerExecutionStrategy.ExecuteAsync[TState,TResult](TState state, Func`4 operation, Func`4 verifySucceeded, CancellationToken cancellationToken)
         at Microsoft.EntityFrameworkCore.Query.Internal.SingleQueryingEnumerable`1.AsyncEnumerator.MoveNextAsync()
      ClientConnectionId:00000000-0000-0000-0000-000000000000
      Error Number:53,State:0,Class:20
fail: 15.07.2024 23:06:40.403 RelationalEventId.ConnectionError[20004] (Microsoft.EntityFrameworkCore.Database.Connection) 
      An error occurred using the connection to database 'db_aa1815_volt' on server 'SQL6031.site4now.net'.
fail: 15.07.2024 23:06:40.472 CoreEventId.QueryIterationFailed[10100] (Microsoft.EntityFrameworkCore.Query) 
      An exception occurred while iterating over the results of a query for context type 'CarEdit_Server.BusinessLogic.ApplicationContext'.
      Microsoft.Data.SqlClient.SqlException (0x80131904): A network-related or instance-specific error occurred while establishing a connection to SQL Server. The server was not found or was not accessible. Verify that the instance name is correct and that SQL Server is configured to allow remote connections. (provider: Named Pipes Provider, error: 40 - Could not open a connection to SQL Server)
       ---> System.ComponentModel.Win32Exception (53): Не найден сетевой путь.
         at Microsoft.Data.SqlClient.SqlInternalConnection.OnError(SqlException exception, Boolean breakConnection, Action`1 wrapCloseInAction)
         at Microsoft.Data.SqlClient.TdsParser.ThrowExceptionAndWarning(TdsParserStateObject stateObj, Boolean callerHasConnectionLock, Boolean asyncClose)
         at Microsoft.Data.SqlClient.TdsParser.Connect(ServerInfo serverInfo, SqlInternalConnectionTds connHandler, Boolean ignoreSniOpenTimeout, Int64 timerExpire, SqlConnectionString connectionOptions, Boolean withFailover)
         at Microsoft.Data.SqlClient.SqlInternalConnectionTds.AttemptOneLogin(ServerInfo serverInfo, String newPassword, SecureString newSecurePassword, Boolean ignoreSniOpenTimeout, TimeoutTimer timeout, Boolean withFailover)
         at Microsoft.Data.SqlClient.SqlInternalConnectionTds.LoginNoFailover(ServerInfo serverInfo, String newPassword, SecureString newSecurePassword, Boolean redirectedUserInstance, SqlConnectionString connectionOptions, SqlCredential credential, TimeoutTimer timeout)
         at Microsoft.Data.SqlClient.SqlInternalConnectionTds.OpenLoginEnlist(TimeoutTimer timeout, SqlConnectionString connectionOptions, SqlCredential credential, String newPassword, SecureString newSecurePassword, Boolean redirectedUserInstance)
         at Microsoft.Data.SqlClient.SqlInternalConnectionTds..ctor(DbConnectionPoolIdentity identity, SqlConnectionString connectionOptions, SqlCredential credential, Object providerInfo, String newPassword, SecureString newSecurePassword, Boolean redirectedUserInstance, SqlConnectionString userConnectionOptions, SessionData reconnectSessionData, Boolean applyTransientFaultHandling, String accessToken, DbConnectionPool pool)
         at Microsoft.Data.SqlClient.SqlConnectionFactory.CreateConnection(DbConnectionOptions options, DbConnectionPoolKey poolKey, Object poolGroupProviderInfo, DbConnectionPool pool, DbConnection owningConnection, DbConnectionOptions userOptions)
         at Microsoft.Data.ProviderBase.DbConnectionFactory.CreatePooledConnection(DbConnectionPool pool, DbConnection owningObject, DbConnectionOptions options, DbConnectionPoolKey poolKey, DbConnectionOptions userOptions)
         at Microsoft.Data.ProviderBase.DbConnectionPool.CreateObject(DbConnection owningObject, DbConnectionOptions userOptions, DbConnectionInternal oldConnection)
         at Microsoft.Data.ProviderBase.DbConnectionPool.UserCreateRequest(DbConnection owningObject, DbConnectionOptions userOptions, DbConnectionInternal oldConnection)
         at Microsoft.Data.ProviderBase.DbConnectionPool.TryGetConnection(DbConnection owningObject, UInt32 waitForMultipleObjectsTimeout, Boolean allowCreate, Boolean onlyOneCheckConnection, DbConnectionOptions userOptions, DbConnectionInternal& connection)
         at Microsoft.Data.ProviderBase.DbConnectionPool.WaitForPendingOpen()
      --- End of stack trace from previous location ---
         at Microsoft.EntityFrameworkCore.Storage.RelationalConnection.OpenInternalAsync(Boolean errorsExpected, CancellationToken cancellationToken)
         at Microsoft.EntityFrameworkCore.Storage.RelationalConnection.OpenInternalAsync(Boolean errorsExpected, CancellationToken cancellationToken)
         at Microsoft.EntityFrameworkCore.Storage.RelationalConnection.OpenAsync(CancellationToken cancellationToken, Boolean errorsExpected)
         at Microsoft.EntityFrameworkCore.Storage.RelationalCommand.ExecuteReaderAsync(RelationalCommandParameterObject parameterObject, CancellationToken cancellationToken)
         at Microsoft.EntityFrameworkCore.Query.Internal.SingleQueryingEnumerable`1.AsyncEnumerator.InitializeReaderAsync(AsyncEnumerator enumerator, CancellationToken cancellationToken)
         at Microsoft.EntityFrameworkCore.SqlServer.Storage.Internal.SqlServerExecutionStrategy.ExecuteAsync[TState,TResult](TState state, Func`4 operation, Func`4 verifySucceeded, CancellationToken cancellationToken)
         at Microsoft.EntityFrameworkCore.Query.Internal.SingleQueryingEnumerable`1.AsyncEnumerator.MoveNextAsync()
      ClientConnectionId:00000000-0000-0000-0000-000000000000
      Error Number:53,State:0,Class:20
fail: 20.07.2024 02:19:59.890 RelationalEventId.CommandError[20102] (Microsoft.EntityFrameworkCore.Database.Command) 
      Failed executing DbCommand (19,387ms) [Parameters=[@__session_0='?' (Size = 4000)], CommandType='Text', CommandTimeout='30']
      SELECT TOP(1) [s].[Id], [s].[UpdateDateTime], [s].[UserId], [s].[Value]
      FROM [Sessions] AS [s]
      WHERE [s].[Value] = @__session_0
fail: 20.07.2024 02:19:59.931 CoreEventId.QueryIterationFailed[10100] (Microsoft.EntityFrameworkCore.Query) 
      An exception occurred while iterating over the results of a query for context type 'CarEdit_Server.BusinessLogic.ApplicationContext'.
      Microsoft.Data.SqlClient.SqlException (0x80131904): A transport-level error has occurred when receiving results from the server. (provider: Session Provider, error: 19 - Physical connection is not usable)
         at Microsoft.Data.SqlClient.SqlCommand.<>c.<ExecuteDbDataReaderAsync>b__211_0(Task`1 result)
         at System.Threading.Tasks.ContinuationResultTaskFromResultTask`2.InnerInvoke()
         at System.Threading.ExecutionContext.RunInternal(ExecutionContext executionContext, ContextCallback callback, Object state)
      --- End of stack trace from previous location ---
         at System.Threading.ExecutionContext.RunInternal(ExecutionContext executionContext, ContextCallback callback, Object state)
         at System.Threading.Tasks.Task.ExecuteWithThreadLocal(Task& currentTaskSlot, Thread threadPoolThread)
      --- End of stack trace from previous location ---
         at Microsoft.EntityFrameworkCore.Storage.RelationalCommand.ExecuteReaderAsync(RelationalCommandParameterObject parameterObject, CancellationToken cancellationToken)
         at Microsoft.EntityFrameworkCore.Storage.RelationalCommand.ExecuteReaderAsync(RelationalCommandParameterObject parameterObject, CancellationToken cancellationToken)
         at Microsoft.EntityFrameworkCore.Query.Internal.SingleQueryingEnumerable`1.AsyncEnumerator.InitializeReaderAsync(AsyncEnumerator enumerator, CancellationToken cancellationToken)
         at Microsoft.EntityFrameworkCore.SqlServer.Storage.Internal.SqlServerExecutionStrategy.ExecuteAsync[TState,TResult](TState state, Func`4 operation, Func`4 verifySucceeded, CancellationToken cancellationToken)
         at Microsoft.EntityFrameworkCore.Query.Internal.SingleQueryingEnumerable`1.AsyncEnumerator.MoveNextAsync()
      ClientConnectionId:2d912941-72bb-43ee-91da-1bd7e9a74340
      Error Number:-1,State:0,Class:20
fail: 24.07.2024 10:29:45.503 RelationalEventId.CommandError[20102] (Microsoft.EntityFrameworkCore.Database.Command) 
      Failed executing DbCommand (138ms) [Parameters=[], CommandType='Text', CommandTimeout='30']
      DECLARE @var0 sysname;
      SELECT @var0 = [d].[name]
      FROM [sys].[default_constraints] [d]
      INNER JOIN [sys].[columns] [c] ON [d].[parent_column_id] = [c].[column_id] AND [d].[parent_object_id] = [c].[object_id]
      WHERE ([d].[parent_object_id] = OBJECT_ID(N'[AspNetUserTokens]') AND [c].[name] = N'Name');
      IF @var0 IS NOT NULL EXEC(N'ALTER TABLE [AspNetUserTokens] DROP CONSTRAINT [' + @var0 + '];');
      ALTER TABLE [AspNetUserTokens] ALTER COLUMN [Name] nvarchar(128) NOT NULL;
fail: 24.07.2024 11:13:06.999 RelationalEventId.CommandError[20102] (Microsoft.EntityFrameworkCore.Database.Command) 
      Failed executing DbCommand (77ms) [Parameters=[], CommandType='Text', CommandTimeout='30']
      ALTER TABLE [Files] ADD CONSTRAINT [FK_Files_CeUsers_UserId] FOREIGN KEY ([UserId]) REFERENCES [CeUsers] ([Id]) ON DELETE CASCADE;
fail: 24.07.2024 12:01:19.981 RelationalEventId.CommandError[20102] (Microsoft.EntityFrameworkCore.Database.Command) 
      Failed executing DbCommand (87ms) [Parameters=[], CommandType='Text', CommandTimeout='30']
      ALTER TABLE [Files] ADD CONSTRAINT [FK_Files_CeUsers_UserId] FOREIGN KEY ([UserId]) REFERENCES [CeUsers] ([Id]) ON DELETE CASCADE;
fail: 24.07.2024 12:09:59.130 RelationalEventId.CommandError[20102] (Microsoft.EntityFrameworkCore.Database.Command) 
      Failed executing DbCommand (75ms) [Parameters=[], CommandType='Text', CommandTimeout='30']
      ALTER TABLE [Files] ADD CONSTRAINT [FK_Files_CeUsers_UserId] FOREIGN KEY ([UserId]) REFERENCES [CeUsers] ([Id]) ON DELETE CASCADE;
fail: 24.07.2024 12:12:03.237 RelationalEventId.CommandError[20102] (Microsoft.EntityFrameworkCore.Database.Command) 
      Failed executing DbCommand (81ms) [Parameters=[], CommandType='Text', CommandTimeout='30']
      ALTER TABLE [Files] ADD CONSTRAINT [FK_Files_CeUsers_UserId] FOREIGN KEY ([UserId]) REFERENCES [CeUsers] ([Id]) ON DELETE CASCADE;
fail: 24.07.2024 16:05:40.530 CoreEventId.QueryIterationFailed[10100] (Microsoft.EntityFrameworkCore.Query) 
      An exception occurred while iterating over the results of a query for context type 'CarEdit_Server.Models.ApplicationContext'.
      System.InvalidOperationException: Invalid operation. The connection is closed.
         at Microsoft.Data.Common.ADP.ExceptionWithStackTrace(Exception e)
      --- End of stack trace from previous location ---
         at Microsoft.EntityFrameworkCore.Query.Internal.SingleQueryingEnumerable`1.AsyncEnumerator.MoveNextAsync()
fail: 24.07.2024 16:30:11.006 CoreEventId.QueryIterationFailed[10100] (Microsoft.EntityFrameworkCore.Query) 
      An exception occurred while iterating over the results of a query for context type 'CarEdit_Server.Models.ApplicationContext'.
      System.InvalidOperationException: A second operation was started on this context instance before a previous operation completed. This is usually caused by different threads concurrently using the same instance of DbContext. For more information on how to avoid threading issues with DbContext, see https://go.microsoft.com/fwlink/?linkid=2097913.
         at Microsoft.EntityFrameworkCore.Infrastructure.Internal.ConcurrencyDetector.EnterCriticalSection()
         at Microsoft.EntityFrameworkCore.Query.Internal.SingleQueryingEnumerable`1.AsyncEnumerator.MoveNextAsync()
fail: 24.07.2024 16:30:11.331 RelationalEventId.CommandError[20102] (Microsoft.EntityFrameworkCore.Database.Command) 
      Failed executing DbCommand (1,062ms) [Parameters=[], CommandType='Text', CommandTimeout='30']
      SELECT [p].[Id], [p].[CategoryId], [p].[Icon], [p].[IsVisible], [p].[Name], [p].[ParentId], [p].[Value], [p0].[Id], [p0].[Name]
      FROM [Plugins] AS [p]
      LEFT JOIN [PluginCategory] AS [p0] ON [p].[CategoryId] = [p0].[Id]
fail: 24.07.2024 16:30:11.340 CoreEventId.QueryIterationFailed[10100] (Microsoft.EntityFrameworkCore.Query) 
      An exception occurred while iterating over the results of a query for context type 'CarEdit_Server.Models.ApplicationContext'.
      System.InvalidOperationException: Invalid operation. The connection is closed.
         at Microsoft.Data.SqlClient.SqlCommand.<>c.<ExecuteDbDataReaderAsync>b__211_0(Task`1 result)
         at System.Threading.Tasks.ContinuationResultTaskFromResultTask`2.InnerInvoke()
         at System.Threading.ExecutionContext.RunInternal(ExecutionContext executionContext, ContextCallback callback, Object state)
      --- End of stack trace from previous location ---
         at System.Threading.ExecutionContext.RunInternal(ExecutionContext executionContext, ContextCallback callback, Object state)
         at System.Threading.Tasks.Task.ExecuteWithThreadLocal(Task& currentTaskSlot, Thread threadPoolThread)
      --- End of stack trace from previous location ---
         at Microsoft.EntityFrameworkCore.Storage.RelationalCommand.ExecuteReaderAsync(RelationalCommandParameterObject parameterObject, CancellationToken cancellationToken)
         at Microsoft.EntityFrameworkCore.Storage.RelationalCommand.ExecuteReaderAsync(RelationalCommandParameterObject parameterObject, CancellationToken cancellationToken)
         at Microsoft.EntityFrameworkCore.Query.Internal.SingleQueryingEnumerable`1.AsyncEnumerator.InitializeReaderAsync(AsyncEnumerator enumerator, CancellationToken cancellationToken)
         at Microsoft.EntityFrameworkCore.SqlServer.Storage.Internal.SqlServerExecutionStrategy.ExecuteAsync[TState,TResult](TState state, Func`4 operation, Func`4 verifySucceeded, CancellationToken cancellationToken)
         at Microsoft.EntityFrameworkCore.Query.Internal.SingleQueryingEnumerable`1.AsyncEnumerator.MoveNextAsync()
fail: 24.07.2024 16:30:39.401 CoreEventId.QueryIterationFailed[10100] (Microsoft.EntityFrameworkCore.Query) 
      An exception occurred while iterating over the results of a query for context type 'CarEdit_Server.Models.ApplicationContext'.
      System.InvalidOperationException: A second operation was started on this context instance before a previous operation completed. This is usually caused by different threads concurrently using the same instance of DbContext. For more information on how to avoid threading issues with DbContext, see https://go.microsoft.com/fwlink/?linkid=2097913.
         at Microsoft.EntityFrameworkCore.Infrastructure.Internal.ConcurrencyDetector.EnterCriticalSection()
         at Microsoft.EntityFrameworkCore.Query.Internal.SingleQueryingEnumerable`1.AsyncEnumerator.MoveNextAsync()
fail: 24.07.2024 16:30:42.120 CoreEventId.QueryIterationFailed[10100] (Microsoft.EntityFrameworkCore.Query) 
      An exception occurred while iterating over the results of a query for context type 'CarEdit_Server.Models.ApplicationContext'.
      System.InvalidOperationException: Invalid attempt to call ReadAsync when reader is closed.
         at Microsoft.Data.Common.ADP.ExceptionWithStackTrace(Exception e)
      --- End of stack trace from previous location ---
         at Microsoft.EntityFrameworkCore.Query.Internal.SingleQueryingEnumerable`1.AsyncEnumerator.MoveNextAsync()
